Component: ARM Compiler 5.06 update 5 (build 528) Tool: armlink [4d35e2]

==============================================================================

Section Cross References

    system_stm32f10x.o(i.SetSysClock) refers to system_stm32f10x.o(i.SetSysClockTo72) for SetSysClockTo72
    system_stm32f10x.o(i.SystemCoreClockUpdate) refers to system_stm32f10x.o(.data) for SystemCoreClock
    system_stm32f10x.o(i.SystemInit) refers to system_stm32f10x.o(i.SetSysClock) for SetSysClock
    startup_stm32f10x_md.o(STACK) refers (Special) to heapauxi.o(.text) for __use_two_region_memory
    startup_stm32f10x_md.o(HEAP) refers (Special) to heapauxi.o(.text) for __use_two_region_memory
    startup_stm32f10x_md.o(RESET) refers (Special) to heapauxi.o(.text) for __use_two_region_memory
    startup_stm32f10x_md.o(RESET) refers to startup_stm32f10x_md.o(STACK) for __initial_sp
    startup_stm32f10x_md.o(RESET) refers to startup_stm32f10x_md.o(.text) for Reset_Handler
    startup_stm32f10x_md.o(RESET) refers to stm32f10x_it.o(i.NMI_Handler) for NMI_Handler
    startup_stm32f10x_md.o(RESET) refers to stm32f10x_it.o(i.HardFault_Handler) for HardFault_Handler
    startup_stm32f10x_md.o(RESET) refers to stm32f10x_it.o(i.MemManage_Handler) for MemManage_Handler
    startup_stm32f10x_md.o(RESET) refers to stm32f10x_it.o(i.BusFault_Handler) for BusFault_Handler
    startup_stm32f10x_md.o(RESET) refers to stm32f10x_it.o(i.UsageFault_Handler) for UsageFault_Handler
    startup_stm32f10x_md.o(RESET) refers to port.o(.emb_text) for SVC_Handler
    startup_stm32f10x_md.o(RESET) refers to stm32f10x_it.o(i.DebugMon_Handler) for DebugMon_Handler
    startup_stm32f10x_md.o(RESET) refers to port.o(i.SysTick_Handler) for SysTick_Handler
    startup_stm32f10x_md.o(RESET) refers to time2.o(i.TIM2_IRQHandler) for TIM2_IRQHandler
    startup_stm32f10x_md.o(RESET) refers to usart.o(i.USART1_IRQHandler) for USART1_IRQHandler
    startup_stm32f10x_md.o(RESET) refers to esp8266.o(i.USART2_IRQHandler) for USART2_IRQHandler
    startup_stm32f10x_md.o(.text) refers (Special) to heapauxi.o(.text) for __use_two_region_memory
    startup_stm32f10x_md.o(.text) refers to system_stm32f10x.o(i.SystemInit) for SystemInit
    startup_stm32f10x_md.o(.text) refers to __main.o(!!!main) for __main
    startup_stm32f10x_md.o(.text) refers to startup_stm32f10x_md.o(HEAP) for Heap_Mem
    startup_stm32f10x_md.o(.text) refers to startup_stm32f10x_md.o(STACK) for Stack_Mem
    stm32f10x_adc.o(i.ADC_DeInit) refers to stm32f10x_rcc.o(i.RCC_APB2PeriphResetCmd) for RCC_APB2PeriphResetCmd
    stm32f10x_bkp.o(i.BKP_DeInit) refers to stm32f10x_rcc.o(i.RCC_BackupResetCmd) for RCC_BackupResetCmd
    stm32f10x_can.o(i.CAN_DeInit) refers to stm32f10x_rcc.o(i.RCC_APB1PeriphResetCmd) for RCC_APB1PeriphResetCmd
    stm32f10x_can.o(i.CAN_GetITStatus) refers to stm32f10x_can.o(i.CheckITStatus) for CheckITStatus
    stm32f10x_cec.o(i.CEC_DeInit) refers to stm32f10x_rcc.o(i.RCC_APB1PeriphResetCmd) for RCC_APB1PeriphResetCmd
    stm32f10x_dac.o(i.DAC_DeInit) refers to stm32f10x_rcc.o(i.RCC_APB1PeriphResetCmd) for RCC_APB1PeriphResetCmd
    stm32f10x_flash.o(i.FLASH_EnableWriteProtection) refers to stm32f10x_flash.o(i.FLASH_WaitForLastOperation) for FLASH_WaitForLastOperation
    stm32f10x_flash.o(i.FLASH_EraseAllBank1Pages) refers to stm32f10x_flash.o(i.FLASH_WaitForLastBank1Operation) for FLASH_WaitForLastBank1Operation
    stm32f10x_flash.o(i.FLASH_EraseAllPages) refers to stm32f10x_flash.o(i.FLASH_WaitForLastOperation) for FLASH_WaitForLastOperation
    stm32f10x_flash.o(i.FLASH_EraseOptionBytes) refers to stm32f10x_flash.o(i.FLASH_GetReadOutProtectionStatus) for FLASH_GetReadOutProtectionStatus
    stm32f10x_flash.o(i.FLASH_EraseOptionBytes) refers to stm32f10x_flash.o(i.FLASH_WaitForLastOperation) for FLASH_WaitForLastOperation
    stm32f10x_flash.o(i.FLASH_ErasePage) refers to stm32f10x_flash.o(i.FLASH_WaitForLastOperation) for FLASH_WaitForLastOperation
    stm32f10x_flash.o(i.FLASH_ProgramHalfWord) refers to stm32f10x_flash.o(i.FLASH_WaitForLastOperation) for FLASH_WaitForLastOperation
    stm32f10x_flash.o(i.FLASH_ProgramOptionByteData) refers to stm32f10x_flash.o(i.FLASH_WaitForLastOperation) for FLASH_WaitForLastOperation
    stm32f10x_flash.o(i.FLASH_ProgramWord) refers to stm32f10x_flash.o(i.FLASH_WaitForLastOperation) for FLASH_WaitForLastOperation
    stm32f10x_flash.o(i.FLASH_ReadOutProtection) refers to stm32f10x_flash.o(i.FLASH_WaitForLastOperation) for FLASH_WaitForLastOperation
    stm32f10x_flash.o(i.FLASH_UserOptionByteConfig) refers to stm32f10x_flash.o(i.FLASH_WaitForLastOperation) for FLASH_WaitForLastOperation
    stm32f10x_flash.o(i.FLASH_WaitForLastBank1Operation) refers to stm32f10x_flash.o(i.FLASH_GetBank1Status) for FLASH_GetBank1Status
    stm32f10x_flash.o(i.FLASH_WaitForLastOperation) refers to stm32f10x_flash.o(i.FLASH_GetBank1Status) for FLASH_GetBank1Status
[...]
    __rt_lib_init_lc_ctype_1                 0x0800020d   Thumb Code     0  libinit2.o(.ARM.Collect$$libinit$$00000013)
    __rt_lib_init_lc_monetary_1              0x0800020d   Thumb Code     0  libinit2.o(.ARM.Collect$$libinit$$00000015)
    __rt_lib_init_lc_numeric_2               0x0800020d   Thumb Code     0  libinit2.o(.ARM.Collect$$libinit$$00000016)
    __rt_lib_init_alloca_1                   0x08000217   Thumb Code     0  libinit2.o(.ARM.Collect$$libinit$$0000002E)
    __rt_lib_init_argv_1                     0x08000217   Thumb Code     0  libinit2.o(.ARM.Collect$$libinit$$0000002C)
    __rt_lib_init_atexit_1                   0x08000217   Thumb Code     0  libinit2.o(.ARM.Collect$$libinit$$0000001B)
    __rt_lib_init_clock_1                    0x08000217   Thumb Code     0  libinit2.o(.ARM.Collect$$libinit$$00000021)
    __rt_lib_init_cpp_1                      0x08000217   Thumb Code     0  libinit2.o(.ARM.Collect$$libinit$$00000032)
    __rt_lib_init_exceptions_1               0x08000217   Thumb Code     0  libinit2.o(.ARM.Collect$$libinit$$00000030)
    __rt_lib_init_fp_trap_1                  0x08000217   Thumb Code     0  libinit2.o(.ARM.Collect$$libinit$$0000001F)
    __rt_lib_init_getenv_1                   0x08000217   Thumb Code     0  libinit2.o(.ARM.Collect$$libinit$$00000023)
    __rt_lib_init_lc_numeric_1               0x08000217   Thumb Code     0  libinit2.o(.ARM.Collect$$libinit$$00000017)
    __rt_lib_init_lc_time_1                  0x08000217   Thumb Code     0  libinit2.o(.ARM.Collect$$libinit$$00000019)
    __rt_lib_init_return                     0x08000217   Thumb Code     0  libinit2.o(.ARM.Collect$$libinit$$00000033)
    __rt_lib_init_signal_1                   0x08000217   Thumb Code     0  libinit2.o(.ARM.Collect$$libinit$$0000001D)
    __rt_lib_init_stdio_1                    0x08000217   Thumb Code     0  libinit2.o(.ARM.Collect$$libinit$$00000025)
    __rt_lib_shutdown                        0x08000219   Thumb Code     0  libshutdown.o(.ARM.Collect$$libshutdown$$00000000)
    __rt_lib_shutdown_cpp_1                  0x0800021b   Thumb Code     0  libshutdown2.o(.ARM.Collect$$libshutdown$$00000002)
    __rt_lib_shutdown_fp_trap_1              0x0800021b   Thumb Code     0  libshutdown2.o(.ARM.Collect$$libshutdown$$00000007)
    __rt_lib_shutdown_heap_1                 0x0800021b   Thumb Code     0  libshutdown2.o(.ARM.Collect$$libshutdown$$0000000F)
    __rt_lib_shutdown_return                 0x0800021b   Thumb Code     0  libshutdown2.o(.ARM.Collect$$libshutdown$$00000010)
    __rt_lib_shutdown_signal_1               0x0800021b   Thumb Code     0  libshutdown2.o(.ARM.Collect$$libshutdown$$0000000A)
    __rt_lib_shutdown_stdio_1                0x0800021b   Thumb Code     0  libshutdown2.o(.ARM.Collect$$libshutdown$$00000004)
    __rt_lib_shutdown_user_alloc_1           0x0800021b   Thumb Code     0  libshutdown2.o(.ARM.Collect$$libshutdown$$0000000C)
    __rt_entry                               0x0800021d   Thumb Code     0  __rtentry.o(.ARM.Collect$$rtentry$$00000000)
    __rt_entry_presh_1                       0x0800021d   Thumb Code     0  __rtentry2.o(.ARM.Collect$$rtentry$$00000002)
    __rt_entry_sh                            0x0800021d   Thumb Code     0  __rtentry4.o(.ARM.Collect$$rtentry$$00000004)
    __rt_entry_li                            0x08000223   Thumb Code     0  __rtentry2.o(.ARM.Collect$$rtentry$$0000000A)
    __rt_entry_postsh_1                      0x08000223   Thumb Code     0  __rtentry2.o(.ARM.Collect$$rtentry$$00000009)
    __rt_entry_main                          0x08000227   Thumb Code     0  __rtentry2.o(.ARM.Collect$$rtentry$$0000000D)
    __rt_entry_postli_1                      0x08000227   Thumb Code     0  __rtentry2.o(.ARM.Collect$$rtentry$$0000000C)
    __rt_exit                                0x0800022f   Thumb Code     0  rtexit.o(.ARM.Collect$$rtexit$$00000000)
    __rt_exit_ls                             0x08000231   Thumb Code     0  rtexit2.o(.ARM.Collect$$rtexit$$00000003)
    __rt_exit_prels_1                        0x08000231   Thumb Code     0  rtexit2.o(.ARM.Collect$$rtexit$$00000002)
    __rt_exit_exit                           0x08000235   Thumb Code     0  rtexit2.o(.ARM.Collect$$rtexit$$00000004)
    SVC_Handler                              0x0800023d   Thumb Code    32  port.o(.emb_text)
    __asm___6_port_c_39a90d8d__prvStartFirstTask 0x08000261   Thumb Code    28  port.o(.emb_text)
    PendSV_Handler                           0x08000281   Thumb Code    72  port.o(.emb_text)
    vPortGetIPSR                             0x080002cd   Thumb Code     6  port.o(.emb_text)
    Reset_Handler                            0x080002d5   Thumb Code     8  startup_stm32f10x_md.o(.text)
    _maybe_terminate_alloc                   0x080002d5   Thumb Code     0  maybetermalloc1.o(.emb_text)
    ADC1_2_IRQHandler                        0x080002ef   Thumb Code     0  startup_stm32f10x_md.o(.text)
    CAN1_RX1_IRQHandler                      0x080002ef   Thumb Code     0  startup_stm32f10x_md.o(.text)
    CAN1_SCE_IRQHandler                      0x080002ef   Thumb Code     0  startup_stm32f10x_md.o(.text)
    DMA1_Channel1_IRQHandler                 0x080002ef   Thumb Code     0  startup_stm32f10x_md.o(.text)
    DMA1_Channel2_IRQHandler                 0x080002ef   Thumb Code     0  startup_stm32f10x_md.o(.text)
    DMA1_Channel3_IRQHandler                 0x080002ef   Thumb Code     0  startup_stm32f10x_md.o(.text)
    DMA1_Channel4_IRQHandler                 0x080002ef   Thumb Code     0  startup_stm32f10x_md.o(.text)
    DMA1_Channel5_IRQHandler                 0x080002ef   Thumb Code     0  startup_stm32f10x_md.o(.text)
    DMA1_Channel6_IRQHandler                 0x080002ef   Thumb Code     0  startup_stm32f10x_md.o(.text)
    DMA1_Channel7_IRQHandler                 0x080002ef   Thumb Code     0  startup_stm32f10x_md.o(.text)
    EXTI0_IRQHandler                         0x080002ef   Thumb Code     0  startup_stm32f10x_md.o(.text)
    EXTI15_10_IRQHandler                     0x080002ef   Thumb Code     0  startup_stm32f10x_md.o(.text)
    EXTI1_IRQHandler                         0x080002ef   Thumb Code     0  startup_stm32f10x_md.o(.text)
    EXTI2_IRQHandler                         0x080002ef   Thumb Code     0  startup_stm32f10x_md.o(.text)
    EXTI3_IRQHandler                         0x080002ef   Thumb Code     0  startup_stm32f10x_md.o(.text)
    EXTI4_IRQHandler                         0x080002ef   Thumb Code     0  startup_stm32f10x_md.o(.text)
    EXTI9_5_IRQHandler                       0x080002ef   Thumb Code     0  startup_stm32f10x_md.o(.text)
    FLASH_IRQHandler                         0x080002ef   Thumb Code     0  startup_stm32f10x_md.o(.text)
    I2C1_ER_IRQHandler                       0x080002ef   Thumb Code     0  startup_stm32f10x_md.o(.text)
    I2C1_EV_IRQHandler                       0x080002ef   Thumb Code     0  startup_stm32f10x_md.o(.text)
    I2C2_ER_IRQHandler                       0x080002ef   Thumb Code     0  startup_stm32f10x_md.o(.text)
    I2C2_EV_IRQHandler                       0x080002ef   Thumb Code     0  startup_stm32f10x_md.o(.text)
    PVD_IRQHandler                           0x080002ef   Thumb Code     0  startup_stm32f10x_md.o(.text)
    RCC_IRQHandler                           0x080002ef   Thumb Code     0  startup_stm32f10x_md.o(.text)
    RTCAlarm_IRQHandler                      0x080002ef   Thumb Code     0  startup_stm32f10x_md.o(.text)
    RTC_IRQHandler                           0x080002ef   Thumb Code     0  startup_stm32f10x_md.o(.text)
    SPI1_IRQHandler                          0x080002ef   Thumb Code     0  startup_stm32f10x_md.o(.text)
    SPI2_IRQHandler                          0x080002ef   Thumb Code     0  startup_stm32f10x_md.o(.text)
    TAMPER_IRQHandler                        0x080002ef   Thumb Code     0  startup_stm32f10x_md.o(.text)
    TIM1_BRK_IRQHandler                      0x080002ef   Thumb Code     0  startup_stm32f10x_md.o(.text)
    TIM1_CC_IRQHandler                       0x080002ef   Thumb Code     0  startup_stm32f10x_md.o(.text)
    TIM1_TRG_COM_IRQHandler                  0x080002ef   Thumb Code     0  startup_stm32f10x_md.o(.text)
    TIM1_UP_IRQHandler                       0x080002ef   Thumb Code     0  startup_stm32f10x_md.o(.text)
    TIM3_IRQHandler                          0x080002ef   Thumb Code     0  startup_stm32f10x_md.o(.text)
    TIM4_IRQHandler                          0x080002ef   Thumb Code     0  startup_stm32f10x_md.o(.text)
    USART3_IRQHandler                        0x080002ef   Thumb Code     0  startup_stm32f10x_md.o(.text)
    USBWakeUp_IRQHandler                     0x080002ef   Thumb Code     0  startup_stm32f10x_md.o(.text)
    USB_HP_CAN1_TX_IRQHandler                0x080002ef   Thumb Code     0  startup_stm32f10x_md.o(.text)
    USB_LP_CAN1_RX0_IRQHandler               0x080002ef   Thumb Code     0  startup_stm32f10x_md.o(.text)
    WWDG_IRQHandler                          0x080002ef   Thumb Code     0  startup_stm32f10x_md.o(.text)
    __user_initial_stackheap                 0x080002f1   Thumb Code     0  startup_stm32f10x_md.o(.text)
    malloc                                   0x08000315   Thumb Code    94  h1_alloc.o(.text)
    free                                     0x08000373   Thumb Code    78  h1_free.o(.text)
    vsnprintf                                0x080003c1   Thumb Code    48  vsnprintf.o(.text)
    __2sprintf                               0x080003f5   Thumb Code    38  __2sprintf.o(.text)
    __2snprintf                              0x08000421   Thumb Code    50  __2snprintf.o(.text)
    _printf_pre_padding                      0x08000459   Thumb Code    44  _printf_pad.o(.text)
    _printf_post_padding                     0x08000485   Thumb Code    34  _printf_pad.o(.text)
    _printf_str                              0x080004a7   Thumb Code    82  _printf_str.o(.text)
    _printf_int_dec                          0x080004f9   Thumb Code   104  _printf_dec.o(.text)
    _printf_longlong_dec                     0x08000571   Thumb Code   108  _printf_longlong_dec.o(.text)
    _printf_longlong_hex                     0x080005ed   Thumb Code    86  _printf_hex_int_ll_ptr.o(.text)
    _printf_int_hex                          0x08000643   Thumb Code    28  _printf_hex_int_ll_ptr.o(.text)
    _printf_ll_hex                           0x0800065f   Thumb Code    12  _printf_hex_int_ll_ptr.o(.text)
    _printf_hex_ptr                          0x0800066b   Thumb Code    18  _printf_hex_int_ll_ptr.o(.text)
    __printf                                 0x08000681   Thumb Code   388  __printf_flags_ss_wp.o(.text)
    strchr                                   0x08000809   Thumb Code    20  strchr.o(.text)
    strncat                                  0x0800081d   Thumb Code    36  strncat.o(.text)
    strstr                                   0x08000841   Thumb Code    36  strstr.o(.text)
    strcpy                                   0x08000865   Thumb Code    72  strcpy.o(.text)
    strlen                                   0x080008ad   Thumb Code    62  strlen.o(.text)
    strcat                                   0x080008eb   Thumb Code    24  strcat.o(.text)
    __aeabi_memcpy                           0x08000903   Thumb Code     0  rt_memcpy_v6.o(.text)
    __rt_memcpy                              0x08000903   Thumb Code   138  rt_memcpy_v6.o(.text)
    _memcpy_lastbytes                        0x08000969   Thumb Code     0  rt_memcpy_v6.o(.text)
    __aeabi_memcpy4                          0x0800098d   Thumb Code     0  rt_memcpy_w.o(.text)
    __aeabi_memcpy8                          0x0800098d   Thumb Code     0  rt_memcpy_w.o(.text)
    __rt_memcpy_w                            0x0800098d   Thumb Code   100  rt_memcpy_w.o(.text)
    _memcpy_lastbytes_aligned                0x080009d5   Thumb Code     0  rt_memcpy_w.o(.text)
    __aeabi_memset                           0x080009f1   Thumb Code    16  aeabi_memset.o(.text)
    __aeabi_memclr                           0x08000a01   Thumb Code     0  rt_memclr.o(.text)
    __rt_memclr                              0x08000a01   Thumb Code    68  rt_memclr.o(.text)
    _memset                                  0x08000a05   Thumb Code     0  rt_memclr.o(.text)
    __aeabi_memclr4                          0x08000a45   Thumb Code     0  rt_memclr_w.o(.text)
    __aeabi_memclr8                          0x08000a45   Thumb Code     0  rt_memclr_w.o(.text)
    __rt_memclr_w                            0x08000a45   Thumb Code    78  rt_memclr_w.o(.text)
    _memset_w                                0x08000a49   Thumb Code     0  rt_memclr_w.o(.text)
    localtime                                0x08000a95   Thumb Code     6  localtime.o(.text)
    mktime                                   0x08000adf   Thumb Code   356  mktime.o(.text)
    __use_two_region_memory                  0x08000c4d   Thumb Code     2  heapauxi.o(.text)
    __rt_heap_escrow                         0x08000c4f   Thumb Code     2  heapauxi.o(.text)
    __rt_heap_expand                         0x08000c51   Thumb Code     2  heapauxi.o(.text)
    __rt_heap_descriptor                     0x08000c55   Thumb Code     8  rt_heap_descriptor_intlibspace.o(.text)
    __use_no_heap                            0x08000c5d   Thumb Code     2  hguard.o(.text)
    __heap$guard                             0x08000c5f   Thumb Code     2  hguard.o(.text)
    _terminate_user_alloc                    0x08000c61   Thumb Code     2  init_alloc.o(.text)
    _init_user_alloc                         0x08000c63   Thumb Code     2  init_alloc.o(.text)
    __Heap_Full                              0x08000c65   Thumb Code    34  init_alloc.o(.text)
    __Heap_Broken                            0x08000c87   Thumb Code     6  init_alloc.o(.text)
    _init_alloc                              0x08000c8d   Thumb Code    94  init_alloc.o(.text)
    __Heap_Initialize                        0x08000ceb   Thumb Code    10  h1_init.o(.text)
    __Heap_DescSize                          0x08000cf5   Thumb Code     4  h1_init.o(.text)
    _ll_udiv10                               0x08000cf9   Thumb Code   138  lludiv10.o(.text)
    _printf_truncate_signed                  0x08000d83   Thumb Code    18  _printf_truncate.o(.text)
    _printf_truncate_unsigned                0x08000d95   Thumb Code    18  _printf_truncate.o(.text)
    _printf_int_common                       0x08000da7   Thumb Code   178  _printf_intcommon.o(.text)
    _printf_charcount                        0x08000e59   Thumb Code    40  _printf_charcount.o(.text)
    _printf_char_common                      0x08000e8b   Thumb Code    32  _printf_char_common.o(.text)
    _sputc                                   0x08000eb1   Thumb Code    10  _sputc.o(.text)
    _snputc                                  0x08000ebb   Thumb Code    16  _snputc.o(.text)
    _printf_cs_common                        0x08000ecb   Thumb Code    20  _printf_char.o(.text)
    _printf_char                             0x08000edf   Thumb Code    16  _printf_char.o(.text)
    _printf_string                           0x08000eef   Thumb Code     8  _printf_char.o(.text)
    _printf_wctomb                           0x08000ef9   Thumb Code   182  _printf_wctomb.o(.text)
    _printf_longlong_oct                     0x08000fb5   Thumb Code    66  _printf_oct_int_ll.o(.text)
    _printf_int_oct                          0x08000ff7   Thumb Code    24  _printf_oct_int_ll.o(.text)
    _printf_ll_oct                           0x0800100f   Thumb Code    12  _printf_oct_int_ll.o(.text)
    _localtime_r                             0x08001025   Thumb Code   178  localtime_internal.o(.text)
    _n$localtime_r                           0x08001025   Thumb Code     0  localtime_internal.o(.text)
    __user_libspace                          0x080010dd   Thumb Code     8  libspace.o(.text)
    __user_perproc_libspace                  0x080010dd   Thumb Code     0  libspace.o(.text)
    __user_perthread_libspace                0x080010dd   Thumb Code     0  libspace.o(.text)
    __rt_ctype_table                         0x080010e5   Thumb Code    16  rt_ctype_table.o(.text)
    __Heap_ProvideMemory                     0x080010f5   Thumb Code    52  h1_extend.o(.text)
    __lib_sel_fp_printf                      0x08001129   Thumb Code     2  _printf_fp_dec.o(.text)
    _printf_fp_dec_real                      0x080012db   Thumb Code   620  _printf_fp_dec.o(.text)
    _printf_fp_hex_real                      0x08001549   Thumb Code   756  _printf_fp_hex.o(.text)
    _printf_lcs_common                       0x08001845   Thumb Code    20  _printf_wchar.o(.text)
    _printf_wchar                            0x08001859   Thumb Code    16  _printf_wchar.o(.text)
    _printf_wstring                          0x08001869   Thumb Code     8  _printf_wchar.o(.text)
    _wcrtomb                                 0x08001871   Thumb Code    64  _wcrtomb.o(.text)
    __rt_SIGRTMEM                            0x080018b1   Thumb Code    14  defsig_rtmem_outer.o(.text)
    __I$use$semihosting                      0x080018bf   Thumb Code     0  use_no_semi.o(.text)
    __use_no_semihosting_swi                 0x080018bf   Thumb Code     2  use_no_semi.o(.text)
    __semihosting_library_function           0x080018c1   Thumb Code     0  indicate_semi.o(.text)
    __user_setup_stackheap                   0x080018c1   Thumb Code    74  sys_stackheap_outer.o(.text)
    __rt_locale                              0x0800190d   Thumb Code     8  rt_locale_intlibspace.o(.text)
    _printf_fp_infnan                        0x08001915   Thumb Code   112  _printf_fp_infnan.o(.text)
    _btod_etento                             0x08001995   Thumb Code   224  bigflt0.o(.text)
    exit                                     0x08001a79   Thumb Code    18  exit.o(.text)
    __sig_exit                               0x08001a8b   Thumb Code    10  defsig_exit.o(.text)
    __rt_SIGRTMEM_inner                      0x08001a95   Thumb Code    22  defsig_rtmem_inner.o(.text)
    _sys_exit                                0x08001ae5   Thumb Code     8  sys_exit.o(.text)
    __default_signal_display                 0x08001af1   Thumb Code    50  defsig_general.o(.text)
    strcmp                                   0x08001b25   Thumb Code   128  strcmpv7m.o(.text)
    _ttywrch                                 0x08001ba5   Thumb Code    14  sys_wrch.o(.text)
    _btod_d2e                                0x08001bb3   Thumb Code    62  btod.o(CL$$btod_d2e)
    _d2e_denorm_low                          0x08001bf1   Thumb Code    70  btod.o(CL$$btod_d2e_denorm_low)
    _d2e_norm_op1                            0x08001c37   Thumb Code    96  btod.o(CL$$btod_d2e_norm_op1)
    __btod_div_common                        0x08001c97   Thumb Code   696  btod.o(CL$$btod_div_common)
    _e2e                                     0x08001fcf   Thumb Code   220  btod.o(CL$$btod_e2e)
    _btod_ediv                               0x080020ab   Thumb Code    42  btod.o(CL$$btod_ediv)
    _btod_emul                               0x080020d5   Thumb Code    42  btod.o(CL$$btod_emul)
    __btod_mult_common                       0x080020ff   Thumb Code   580  btod.o(CL$$btod_mult_common)
    BASE64_Decode                            0x08002345   Thumb Code   360  base64.o(i.BASE64_Decode)
    BASE64_Encode                            0x080024b1   Thumb Code   320  base64.o(i.BASE64_Encode)
    BKP_ReadBackupRegister                   0x080025f5   Thumb Code    24  stm32f10x_bkp.o(i.BKP_ReadBackupRegister)
    BKP_WriteBackupRegister                  0x08002611   Thumb Code    22  stm32f10x_bkp.o(i.BKP_WriteBackupRegister)
    BusFault_Handler                         0x0800262d   Thumb Code     4  stm32f10x_it.o(i.BusFault_Handler)
    DebugMon_Handler                         0x08002631   Thumb Code     2  stm32f10x_it.o(i.DebugMon_Handler)
    ESP8266_GetIPD                           0x08002635   Thumb Code    68  esp8266.o(i.ESP8266_GetIPD)
    ESP8266_SendCmd                          0x08002685   Thumb Code    62  esp8266.o(i.ESP8266_SendCmd)
    ESP8266_SendData                         0x080026cd   Thumb Code    46  esp8266.o(i.ESP8266_SendData)
    ESP8266_WaitRecive                       0x08002715   Thumb Code    42  esp8266.o(i.ESP8266_WaitRecive)
    GPIO_Init                                0x08002749   Thumb Code   278  stm32f10x_gpio.o(i.GPIO_Init)
    GPIO_ResetBits                           0x0800285f   Thumb Code     4  stm32f10x_gpio.o(i.GPIO_ResetBits)
    GPIO_SetBits                             0x08002863   Thumb Code     4  stm32f10x_gpio.o(i.GPIO_SetBits)
    GPIO_WriteBit                            0x08002867   Thumb Code    10  stm32f10x_gpio.o(i.GPIO_WriteBit)
    Get_64us_Time                            0x08002871   Thumb Code    24  time2.o(i.Get_64us_Time)
    HardFault_Handler                        0x0800288d   Thumb Code     4  stm32f10x_it.o(i.HardFault_Handler)
    MFR522_ReadReg                           0x08002891   Thumb Code    42  myspi.o(i.MFR522_ReadReg)
    MFR522_WriteReg                          0x080028c1   Thumb Code    40  myspi.o(i.MFR522_WriteReg)
    MFRC522_Anticoll                         0x080028ed   Thumb Code    84  my_mfrc522.o(i.MFRC522_Anticoll)
    MFRC522_ClearBitMask                     0x08002941   Thumb Code    26  my_mfrc522.o(i.MFRC522_ClearBitMask)
    MFRC522_Init                             0x0800295b   Thumb Code    88  my_mfrc522.o(i.MFRC522_Init)
    MFRC522_Request                          0x080029b3   Thumb Code    70  my_mfrc522.o(i.MFRC522_Request)
    MFRC522_SetBitMask                       0x080029f9   Thumb Code    26  my_mfrc522.o(i.MFRC522_SetBitMask)
    MFRC522_ToCard                           0x08002a13   Thumb Code   294  my_mfrc522.o(i.MFRC522_ToCard)
    MQTT_DeleteBuffer                        0x08002b39   Thumb Code    28  mqttkit.o(i.MQTT_DeleteBuffer)
    MQTT_DumpLength                          0x08002b55   Thumb Code    46  mqttkit.o(i.MQTT_DumpLength)
    MQTT_NewBuffer                           0x08002b83   Thumb Code    88  mqttkit.o(i.MQTT_NewBuffer)
    MQTT_PacketConnect                       0x08002bdd   Thumb Code   666  mqttkit.o(i.MQTT_PacketConnect)
    MQTT_PacketPublish                       0x08002e7d   Thumb Code   440  mqttkit.o(i.MQTT_PacketPublish)
    MQTT_PacketSaveData                      0x08003035   Thumb Code    68  mqttkit.o(i.MQTT_PacketSaveData)
    MQTT_ReadLength                          0x08003095   Thumb Code    70  mqttkit.o(i.MQTT_ReadLength)
    MQTT_UnPacketConnectAck                  0x080030db   Thumb Code    30  mqttkit.o(i.MQTT_UnPacketConnectAck)
    MQTT_UnPacketRecv                        0x080030f9   Thumb Code   106  mqttkit.o(i.MQTT_UnPacketRecv)
    MemManage_Handler                        0x0800316d   Thumb Code     4  stm32f10x_it.o(i.MemManage_Handler)
    MySPI_Init                               0x08003171   Thumb Code   180  myspi2.o(i.MySPI_Init)
    MySPI_Start                              0x0800322d   Thumb Code    10  myspi2.o(i.MySPI_Start)
    MySPI_Stop                               0x08003237   Thumb Code    10  myspi2.o(i.MySPI_Stop)
    MySPI_SwapByte                           0x08003241   Thumb Code    50  myspi2.o(i.MySPI_SwapByte)
    MySPI_W_SS                               0x08003279   Thumb Code    18  myspi2.o(i.MySPI_W_SS)
    NMI_Handler                              0x08003291   Thumb Code     2  stm32f10x_it.o(i.NMI_Handler)
    NVIC_Init                                0x08003295   Thumb Code   100  misc.o(i.NVIC_Init)
    NVIC_PriorityGroupConfig                 0x08003305   Thumb Code    10  misc.o(i.NVIC_PriorityGroupConfig)
    OLED_Clear                               0x08003319   Thumb Code    42  oled.o(i.OLED_Clear)
    OLED_I2C_Init                            0x08003345   Thumb Code    76  oled.o(i.OLED_I2C_Init)
    OLED_I2C_SendByte                        0x08003395   Thumb Code    88  oled.o(i.OLED_I2C_SendByte)
    OLED_I2C_Start                           0x080033f1   Thumb Code    48  oled.o(i.OLED_I2C_Start)
    OLED_I2C_Stop                            0x08003425   Thumb Code    36  oled.o(i.OLED_I2C_Stop)
    OLED_Init                                0x0800344d   Thumb Code   174  oled.o(i.OLED_Init)
    OLED_Pow                                 0x080034fb   Thumb Code    20  oled.o(i.OLED_Pow)
    OLED_SetCursor                           0x0800350f   Thumb Code    34  oled.o(i.OLED_SetCursor)
    OLED_ShowChar                            0x08003531   Thumb Code   136  oled.o(i.OLED_ShowChar)
    OLED_ShowHexNum                          0x080035c1   Thumb Code    84  oled.o(i.OLED_ShowHexNum)
    OLED_ShowNum                             0x08003615   Thumb Code    68  oled.o(i.OLED_ShowNum)
    OLED_ShowString                          0x08003659   Thumb Code    40  oled.o(i.OLED_ShowString)
    OLED_WriteCommand                        0x08003681   Thumb Code    32  oled.o(i.OLED_WriteCommand)
    OLED_WriteData                           0x080036a1   Thumb Code    32  oled.o(i.OLED_WriteData)
    OneNet_DevLink                           0x08003989   Thumb Code   256  onenet.o(i.OneNet_DevLink)
    OneNet_FillBuf                           0x08003c29   Thumb Code   286  onenet.o(i.OneNet_FillBuf)
    OneNet_SendData                          0x08003e05   Thumb Code   130  onenet.o(i.OneNet_SendData)
    PWR_BackupAccessCmd                      0x08003ef1   Thumb Code     6  stm32f10x_pwr.o(i.PWR_BackupAccessCmd)
    RCC_APB1PeriphClockCmd                   0x08003efd   Thumb Code    26  stm32f10x_rcc.o(i.RCC_APB1PeriphClockCmd)
    RCC_APB2PeriphClockCmd                   0x08003f1d   Thumb Code    26  stm32f10x_rcc.o(i.RCC_APB2PeriphClockCmd)
    RCC_GetClocksFreq                        0x08003f3d   Thumb Code   192  stm32f10x_rcc.o(i.RCC_GetClocksFreq)
    RCC_GetFlagStatus                        0x08004011   Thumb Code    56  stm32f10x_rcc.o(i.RCC_GetFlagStatus)
    RCC_LSICmd                               0x0800404d   Thumb Code     6  stm32f10x_rcc.o(i.RCC_LSICmd)
    RCC_RTCCLKCmd                            0x08004059   Thumb Code     6  stm32f10x_rcc.o(i.RCC_RTCCLKCmd)
    RCC_RTCCLKConfig                         0x08004065   Thumb Code    12  stm32f10x_rcc.o(i.RCC_RTCCLKConfig)
    RTC_EnterConfigMode                      0x08004075   Thumb Code    14  stm32f10x_rtc.o(i.RTC_EnterConfigMode)
    RTC_ExitConfigMode                       0x08004089   Thumb Code    16  stm32f10x_rtc.o(i.RTC_ExitConfigMode)
    RTC_GetCounter                           0x0800409d   Thumb Code    38  stm32f10x_rtc.o(i.RTC_GetCounter)
    RTC_SetCounter                           0x080040c9   Thumb Code    24  stm32f10x_rtc.o(i.RTC_SetCounter)
    RTC_SetPrescaler                         0x080040e5   Thumb Code    26  stm32f10x_rtc.o(i.RTC_SetPrescaler)
    RTC_WaitForLastTask                      0x08004105   Thumb Code    16  stm32f10x_rtc.o(i.RTC_WaitForLastTask)
    RTC_WaitForSynchro                       0x08004119   Thumb Code    30  stm32f10x_rtc.o(i.RTC_WaitForSynchro)
    SPI_Cmd                                  0x0800413d   Thumb Code    24  stm32f10x_spi.o(i.SPI_Cmd)
    SPI_I2S_GetFlagStatus                    0x08004155   Thumb Code    18  stm32f10x_spi.o(i.SPI_I2S_GetFlagStatus)
    SPI_I2S_ReceiveData                      0x08004167   Thumb Code     6  stm32f10x_spi.o(i.SPI_I2S_ReceiveData)
    SPI_I2S_SendData                         0x0800416d   Thumb Code     4  stm32f10x_spi.o(i.SPI_I2S_SendData)
    SPI_Init                                 0x08004171   Thumb Code    60  stm32f10x_spi.o(i.SPI_Init)
    SPI_TransimitReceive                     0x080041ad   Thumb Code    52  myspi.o(i.SPI_TransimitReceive)
    SPI_int                                  0x080041e5   Thumb Code   182  myspi.o(i.SPI_int)
    SendByte                                 0x080042a5   Thumb Code    30  usart.o(i.SendByte)
    Serial_Printf                            0x080042c5   Thumb Code    72  usart.o(i.Serial_Printf)
    Serial_SendString                        0x08004315   Thumb Code    30  usart.o(i.Serial_SendString)
    SysTick_Handler                          0x0800441d   Thumb Code    46  port.o(i.SysTick_Handler)
    SystemInit                               0x08004451   Thumb Code    78  system_stm32f10x.o(i.SystemInit)
    TIM2_Config                              0x080044b1   Thumb Code   118  time2.o(i.TIM2_Config)
    TIM2_IRQHandler                          0x08004529   Thumb Code    32  time2.o(i.TIM2_IRQHandler)
    TIM_ClearFlag                            0x0800454d   Thumb Code     6  stm32f10x_tim.o(i.TIM_ClearFlag)
    TIM_ClearITPendingBit                    0x08004553   Thumb Code     6  stm32f10x_tim.o(i.TIM_ClearITPendingBit)
    TIM_Cmd                                  0x08004559   Thumb Code    24  stm32f10x_tim.o(i.TIM_Cmd)
    TIM_GetITStatus                          0x08004571   Thumb Code    34  stm32f10x_tim.o(i.TIM_GetITStatus)
    TIM_ITConfig                             0x08004593   Thumb Code    18  stm32f10x_tim.o(i.TIM_ITConfig)
    TIM_TimeBaseInit                         0x080045a5   Thumb Code   122  stm32f10x_tim.o(i.TIM_TimeBaseInit)
    TIM_TimeBaseStructInit                   0x08004649   Thumb Code    18  stm32f10x_tim.o(i.TIM_TimeBaseStructInit)
    Task2_CardVerification                   0x0800465d   Thumb Code   262  main.o(i.Task2_CardVerification)
    Task3_Time                               0x080047b5   Thumb Code   144  main.o(i.Task3_Time)
    Task4_Upload                             0x08004851   Thumb Code    98  main.o(i.Task4_Upload)
    USART1_IRQHandler                        0x08004925   Thumb Code    38  usart.o(i.USART1_IRQHandler)
    USART2_IRQHandler                        0x08004951   Thumb Code    74  esp8266.o(i.USART2_IRQHandler)
    USART_ClearFlag                          0x080049ad   Thumb Code    18  stm32f10x_usart.o(i.USART_ClearFlag)
    USART_ClearITPendingBit                  0x080049bf   Thumb Code    30  stm32f10x_usart.o(i.USART_ClearITPendingBit)
    USART_Cmd                                0x080049dd   Thumb Code    24  stm32f10x_usart.o(i.USART_Cmd)
    USART_GetFlagStatus                      0x080049f5   Thumb Code    26  stm32f10x_usart.o(i.USART_GetFlagStatus)
    USART_GetITStatus                        0x08004a0f   Thumb Code    84  stm32f10x_usart.o(i.USART_GetITStatus)
    USART_ITConfig                           0x08004a63   Thumb Code    74  stm32f10x_usart.o(i.USART_ITConfig)
    USART_Init                               0x08004aad   Thumb Code   210  stm32f10x_usart.o(i.USART_Init)
    USART_ReceiveData                        0x08004b85   Thumb Code    10  stm32f10x_usart.o(i.USART_ReceiveData)
    USART_SendData                           0x08004b8f   Thumb Code     8  stm32f10x_usart.o(i.USART_SendData)
    UsageFault_Handler                       0x08004b97   Thumb Code     4  stm32f10x_it.o(i.UsageFault_Handler)
    UsartPrintf                              0x08004b9b   Thumb Code    72  usart.o(i.UsartPrintf)
    Usart_SendString                         0x08004be3   Thumb Code    50  usart.o(i.Usart_SendString)
    W25Q64_Init                              0x08004c15   Thumb Code     8  w25q64.o(i.W25Q64_Init)
    W25Q64_ReadData                          0x08004c1d   Thumb Code    68  w25q64.o(i.W25Q64_ReadData)
    __ARM_fpclassify                         0x08004c61   Thumb Code    40  fpclassify.o(i.__ARM_fpclassify)
    _is_digit                                0x08004c89   Thumb Code    14  __printf_wp.o(i._is_digit)
    esp8266_clear                            0x08004c99   Thumb Code    20  esp8266.o(i.esp8266_clear)
    esp8266_init                             0x08004cb5   Thumb Code   128  esp8266.o(i.esp8266_init)
    ft                                       0x08004dcd   Thumb Code    76  hmac_sha1.o(i.ft)
    gpio_PC13_Init                           0x08004e19   Thumb Code    48  usart.o(i.gpio_PC13_Init)
    hmac_sha1                                0x08004e4d   Thumb Code   302  hmac_sha1.o(i.hmac_sha1)
    inquire_whitelist                        0x08004f7b   Thumb Code    80  w25q64.o(i.inquire_whitelist)
    k                                        0x08004fcd   Thumb Code    34  hmac_sha1.o(i.k)
    main                                     0x08005001   Thumb Code   122  main.o(i.main)
    myRTC_Init                               0x080050bd   Thumb Code   144  myrtc.o(i.myRTC_Init)
    myRTCreadtime                            0x0800514d   Thumb Code    70  myrtc.o(i.myRTCreadtime)
    myRTCsettime                             0x0800519d   Thumb Code    86  myrtc.o(i.myRTCsettime)
    pvPortMalloc                             0x080057f5   Thumb Code   208  heap_4.o(i.pvPortMalloc)
    pvTaskIncrementMutexHeldCount            0x080058d9   Thumb Code    26  tasks.o(i.pvTaskIncrementMutexHeldCount)
    pxPortInitialiseStack                    0x080058f9   Thumb Code    30  port.o(i.pxPortInitialiseStack)
    rotl                                     0x0800591d   Thumb Code    46  hmac_sha1.o(i.rotl)
    sha1                                     0x0800594d   Thumb Code   632  hmac_sha1.o(i.sha1)
    usart2_int                               0x08005bd1   Thumb Code   174  usart.o(i.usart2_int)
    usart_int                                0x08005c89   Thumb Code   176  usart.o(i.usart_int)
    uxListRemove                             0x08005d41   Thumb Code    40  list.o(i.uxListRemove)
    vListInitialise                          0x08005d69   Thumb Code    26  list.o(i.vListInitialise)
    vListInitialiseItem                      0x08005d83   Thumb Code     6  list.o(i.vListInitialiseItem)
    vListInsert                              0x08005d89   Thumb Code    52  list.o(i.vListInsert)
    vPortEnterCritical                       0x08005dbd   Thumb Code    30  port.o(i.vPortEnterCritical)
    vPortExitCritical                        0x08005de1   Thumb Code    28  port.o(i.vPortExitCritical)
    vPortFree                                0x08005e01   Thumb Code    68  heap_4.o(i.vPortFree)
    vPortSetupTimerInterrupt                 0x08005e4d   Thumb Code    20  port.o(i.vPortSetupTimerInterrupt)
    vTaskDelay                               0x08005e65   Thumb Code    46  tasks.o(i.vTaskDelay)
    vTaskInternalSetTimeOutState             0x08005e99   Thumb Code    14  tasks.o(i.vTaskInternalSetTimeOutState)
    vTaskMissedYield                         0x08005eb1   Thumb Code     8  tasks.o(i.vTaskMissedYield)
    vTaskPlaceOnEventList                    0x08005ebd   Thumb Code    28  tasks.o(i.vTaskPlaceOnEventList)
    vTaskPriorityDisinheritAfterTimeout      0x08005edd   Thumb Code   204  tasks.o(i.vTaskPriorityDisinheritAfterTimeout)
    vTaskStartScheduler                      0x08005fb1   Thumb Code    80  tasks.o(i.vTaskStartScheduler)
    vTaskSuspendAll                          0x08006021   Thumb Code    12  tasks.o(i.vTaskSuspendAll)
    vTaskSwitchContext                       0x08006031   Thumb Code   130  tasks.o(i.vTaskSwitchContext)
    xPortStartScheduler                      0x080060d1   Thumb Code    42  port.o(i.xPortStartScheduler)
    xQueueCreateMutex                        0x08006105   Thumb Code    34  queue.o(i.xQueueCreateMutex)
    xQueueGenericCreate                      0x08006127   Thumb Code    76  queue.o(i.xQueueGenericCreate)
    xQueueGenericReset                       0x08006175   Thumb Code   156  queue.o(i.xQueueGenericReset)
    xQueueGenericSend                        0x08006215   Thumb Code   276  queue.o(i.xQueueGenericSend)
    xQueueReceive                            0x0800632d   Thumb Code   256  queue.o(i.xQueueReceive)
    xQueueSemaphoreTake                      0x08006431   Thumb Code   300  queue.o(i.xQueueSemaphoreTake)
    xTaskCheckForTimeOut                     0x08006561   Thumb Code    88  tasks.o(i.xTaskCheckForTimeOut)
    xTaskCreate                              0x080065c1   Thumb Code   104  tasks.o(i.xTaskCreate)
    xTaskIncrementTick                       0x08006629   Thumb Code   356  tasks.o(i.xTaskIncrementTick)
    xTaskPriorityDisinherit                  0x080067b9   Thumb Code   162  tasks.o(i.xTaskPriorityDisinherit)
    xTaskPriorityInherit                     0x08006865   Thumb Code   224  tasks.o(i.xTaskPriorityInherit)
    xTaskRemoveFromEventList                 0x08006951   Thumb Code   240  tasks.o(i.xTaskRemoveFromEventList)
    xTaskResumeAll                           0x08006a59   Thumb Code   310  tasks.o(i.xTaskResumeAll)
    _get_lc_ctype                            0x08006bb5   Thumb Code    44  lc_ctype_c.o(locale$$code)
    _get_lc_numeric                          0x08006be1   Thumb Code    44  lc_numeric_c.o(locale$$code)
    _printf_fp_dec                           0x08006c0d   Thumb Code     4  printf1.o(x$fpl$printf1)
    _printf_fp_hex                           0x08006c11   Thumb Code     4  printf2.o(x$fpl$printf2)
    OLED_F8x16                               0x08006c14   Data        1520  oled.o(.constdata)
    __I$use$fp                               0x08006c14   Number         0  usenofp.o(x$fpl$usenofp)
    _monlen                                  0x08007318   Data          12  _monlen.o(.constdata)
    Region$$Table$$Base                      0x08007428   Number         0  anon$$obj.o(Region$$Table)
    Region$$Table$$Limit                     0x08007448   Number         0  anon$$obj.o(Region$$Table)
    __ctype                                  0x08007455   Data           0  lc_ctype_c.o(locale$$data)
    pxCurrentTCB                             0x20000014   Data           4  tasks.o(.data)
    uxTopUsedPriority                        0x2000004c   Data           4  tasks.o(.data)
    myUnix                                   0x2000007c   Data           4  myrtc.o(.data)
    mytime                                   0x20000080   Data          12  myrtc.o(.data)
    cnt                                      0x2000008c   Data           1  esp8266.o(.data)
    precnt                                   0x2000008d   Data           1  esp8266.o(.data)
    high_word                                0x2000008e   Data           2  time2.o(.data)
    xStatsTask                               0x20000090   Data           4  main.o(.data)
    xHardWareInitTask                        0x20000094   Data           4  main.o(.data)
    xListTask                                0x20000098   Data           4  main.o(.data)
    xCardTask                                0x2000009c   Data           4  main.o(.data)
    xTimeTask                                0x200000a0   Data           4  main.o(.data)
    xUploadTask                              0x200000a4   Data           4  main.o(.data)
    UsartMutex                               0x200000a8   Data           4  main.o(.data)
    I2CMutex                                 0x200000ac   Data           4  main.o(.data)
    name_upload                              0x200000b0   Data           4  main.o(.data)
    rec_buf                                  0x2000297c   Data         256  esp8266.o(.bss)
    __libspace_start                         0x20002aa8   Data          96  libspace.o(.bss)
    __temporary_stack_top$libspace           0x20002b08   Data           0  libspace.o(.bss)



==============================================================================

Memory Map of the image

  Image Entry point : 0x080000ed

  Load Region LR_IROM1 (Base: 0x08000000, Size: 0x00007628, Max: 0x00010000, ABSOLUTE)

    Execution Region ER_IROM1 (Exec base: 0x08000000, Load base: 0x08000000, Size: 0x00007574, Max: 0x00010000, ABSOLUTE)

    Exec Addr    Load Addr    Size         Type   Attr      Idx    E Section Name        Object

    0x08000000   0x08000000   0x000000ec   Data   RO          132    RESET               startup_stm32f10x_md.o
    0x080000ec   0x080000ec   0x00000008   Code   RO         5326  * !!!main             c_w.l(__main.o)
    0x080000f4   0x080000f4   0x00000034   Code   RO         5657    !!!scatter          c_w.l(__scatter.o)
    0x08000128   0x08000128   0x0000001a   Code   RO         5659    !!handler_copy      c_w.l(__scatter_copy.o)
    0x08000142   0x08000142   0x00000002   PAD
    0x08000144   0x08000144   0x0000001c   Code   RO         5661    !!handler_zi        c_w.l(__scatter_zi.o)
    0x08000160   0x08000160   0x00000000   Code   RO         5287    .ARM.Collect$$_printf_percent$$00000000  c_w.l(_printf_percent.o)
    0x08000160   0x08000160   0x00000006   Code   RO         5386    .ARM.Collect$$_printf_percent$$00000001  c_w.l(_printf_n.o)
    0x08000166   0x08000166   0x00000006   Code   RO         5387    .ARM.Collect$$_printf_percent$$00000002  c_w.l(_printf_p.o)
    0x0800016c   0x0800016c   0x00000006   Code   RO         5390    .ARM.Collect$$_printf_percent$$00000003  c_w.l(_printf_f.o)
    0x08000172   0x08000172   0x00000006   Code   RO         5391    .ARM.Collect$$_printf_percent$$00000004  c_w.l(_printf_e.o)
    0x08000178   0x08000178   0x00000006   Code   RO         5392    .ARM.Collect$$_printf_percent$$00000005  c_w.l(_printf_g.o)
    0x0800017e   0x0800017e   0x00000006   Code   RO         5393    .ARM.Collect$$_printf_percent$$00000006  c_w.l(_printf_a.o)
    0x08000184   0x08000184   0x0000000a   Code   RO         5397    .ARM.Collect$$_printf_percent$$00000007  c_w.l(_printf_ll.o)
    0x0800018e   0x0800018e   0x00000006   Code   RO         5389    .ARM.Collect$$_printf_percent$$00000008  c_w.l(_printf_i.o)
    0x08000194   0x08000194   0x00000006   Code   RO         5285    .ARM.Collect$$_printf_percent$$00000009  c_w.l(_printf_d.o)
    0x0800019a   0x0800019a   0x00000006   Code   RO         5286    .ARM.Collect$$_printf_percent$$0000000A  c_w.l(_printf_u.o)
    0x080001a0   0x080001a0   0x00000006   Code   RO         5388    .ARM.Collect$$_printf_percent$$0000000B  c_w.l(_printf_o.o)
    0x080001a6   0x080001a6   0x00000006   Code   RO         5284    .ARM.Collect$$_printf_percent$$0000000C  c_w.l(_printf_x.o)
    0x080001ac   0x080001ac   0x00000006   Code   RO         5395    .ARM.Collect$$_printf_percent$$0000000D  c_w.l(_printf_lli.o)
    0x080001b2   0x080001b2   0x00000006   Code   RO         5288    .ARM.Collect$$_printf_percent$$0000000E  c_w.l(_printf_lld.o)
    0x080001b8   0x080001b8   0x00000006   Code   RO         5396    .ARM.Collect$$_printf_percent$$0000000F  c_w.l(_printf_llu.o)
    0x080001be   0x080001be   0x00000006   Code   RO         5401    .ARM.Collect$$_printf_percent$$00000010  c_w.l(_printf_llo.o)
    0x080001c4   0x080001c4   0x00000006   Code   RO         5402    .ARM.Collect$$_printf_percent$$00000011  c_w.l(_printf_llx.o)
    0x080001ca   0x080001ca   0x0000000a   Code   RO         5398    .ARM.Collect$$_printf_percent$$00000012  c_w.l(_printf_l.o)
    0x080001d4   0x080001d4   0x00000006   Code   RO         5282    .ARM.Collect$$_printf_percent$$00000013  c_w.l(_printf_c.o)
    0x080001da   0x080001da   0x00000006   Code   RO         5283    .ARM.Collect$$_printf_percent$$00000014  c_w.l(_printf_s.o)
    0x080001e0   0x080001e0   0x00000006   Code   RO         5399    .ARM.Collect$$_printf_percent$$00000015  c_w.l(_printf_lc.o)
    0x080001e6   0x080001e6   0x00000006   Code   RO         5400    .ARM.Collect$$_printf_percent$$00000016  c_w.l(_printf_ls.o)
    0x080001ec   0x080001ec   0x00000004   Code   RO         5394    .ARM.Collect$$_printf_percent$$00000017  c_w.l(_printf_percent_end.o)
    0x080001f0   0x080001f0   0x00000002   Code   RO         5589    .ARM.Collect$$libinit$$00000000  c_w.l(libinit.o)
    0x080001f2   0x080001f2   0x00000000   Code   RO         5417    .ARM.Collect$$libinit$$00000002  c_w.l(libinit2.o)
    0x080001f2   0x080001f2   0x00000000   Code   RO         5419    .ARM.Collect$$libinit$$00000004  c_w.l(libinit2.o)
    0x080001f2   0x080001f2   0x00000008   Code   RO         5420    .ARM.Collect$$libinit$$00000005  c_w.l(libinit2.o)
    0x080001fa   0x080001fa   0x00000000   Code   RO         5422    .ARM.Collect$$libinit$$0000000A  c_w.l(libinit2.o)
    0x080001fa   0x080001fa   0x00000000   Code   RO         5424    .ARM.Collect$$libinit$$0000000C  c_w.l(libinit2.o)
    0x080001fa   0x080001fa   0x00000000   Code   RO         5426    .ARM.Collect$$libinit$$0000000E  c_w.l(libinit2.o)
    0x080001fa   0x080001fa   0x00000006   Code   RO         5427    .ARM.Collect$$libinit$$0000000F  c_w.l(libinit2.o)
    0x08000200   0x08000200   0x00000000   Code   RO         5429    .ARM.Collect$$libinit$$00000011  c_w.l(libinit2.o)
    0x08000200   0x08000200   0x0000000c   Code   RO         5430    .ARM.Collect$$libinit$$00000012  c_w.l(libinit2.o)
    0x0800020c   0x0800020c   0x00000000   Code   RO         5431    .ARM.Collect$$libinit$$00000013  c_w.l(libinit2.o)
    0x0800020c   0x0800020c   0x00000000   Code   RO         5433    .ARM.Collect$$libinit$$00000015  c_w.l(libinit2.o)
    0x0800020c   0x0800020c   0x0000000a   Code   RO         5434    .ARM.Collect$$libinit$$00000016  c_w.l(libinit2.o)
    0x08000216   0x08000216   0x00000000   Code   RO         5435    .ARM.Collect$$libinit$$00000017  c_w.l(libinit2.o)
    0x08000216   0x08000216   0x00000000   Code   RO         5437    .ARM.Collect$$libinit$$00000019  c_w.l(libinit2.o)
    0x08000216   0x08000216   0x00000000   Code   RO         5439    .ARM.Collect$$libinit$$0000001B  c_w.l(libinit2.o)
    0x08000216   0x08000216   0x00000000   Code   RO         5441    .ARM.Collect$$libinit$$0000001D  c_w.l(libinit2.o)
    0x08000216   0x08000216   0x00000000   Code   RO         5443    .ARM.Collect$$libinit$$0000001F  c_w.l(libinit2.o)
    0x08000216   0x08000216   0x00000000   Code   RO         5445    .ARM.Collect$$libinit$$00000021  c_w.l(libinit2.o)
    0x08000216   0x08000216   0x00000000   Code   RO         5447    .ARM.Collect$$libinit$$00000023  c_w.l(libinit2.o)
    0x08000216   0x08000216   0x00000000   Code   RO         5449    .ARM.Collect$$libinit$$00000025  c_w.l(libinit2.o)
    0x08000216   0x08000216   0x00000000   Code   RO         5453    .ARM.Collect$$libinit$$0000002C  c_w.l(libinit2.o)
    0x08000216   0x08000216   0x00000000   Code   RO         5455    .ARM.Collect$$libinit$$0000002E  c_w.l(libinit2.o)
    0x08000216   0x08000216   0x00000000   Code   RO         5457    .ARM.Collect$$libinit$$00000030  c_w.l(libinit2.o)
    0x08000216   0x08000216   0x00000000   Code   RO         5459    .ARM.Collect$$libinit$$00000032  c_w.l(libinit2.o)
    0x08000216   0x08000216   0x00000002   Code   RO         5460    .ARM.Collect$$libinit$$00000033  c_w.l(libinit2.o)
    0x08000218   0x08000218   0x00000002   Code   RO         5654    .ARM.Collect$$libshutdown$$00000000  c_w.l(libshutdown.o)
    0x0800021a   0x0800021a   0x00000000   Code   RO         5610    .ARM.Collect$$libshutdown$$00000002  c_w.l(libshutdown2.o)
    0x0800021a   0x0800021a   0x00000000   Code   RO         5612    .ARM.Collect$$libshutdown$$00000004  c_w.l(libshutdown2.o)
    0x0800021a   0x0800021a   0x00000000   Code   RO         5615    .ARM.Collect$$libshutdown$$00000007  c_w.l(libshutdown2.o)
    0x0800021a   0x0800021a   0x00000000   Code   RO         5618    .ARM.Collect$$libshutdown$$0000000A  c_w.l(libshutdown2.o)
    0x0800021a   0x0800021a   0x00000000   Code   RO         5620    .ARM.Collect$$libshutdown$$0000000C  c_w.l(libshutdown2.o)
    0x0800021a   0x0800021a   0x00000000   Code   RO         5623    .ARM.Collect$$libshutdown$$0000000F  c_w.l(libshutdown2.o)
    0x0800021a   0x0800021a   0x00000002   Code   RO         5624    .ARM.Collect$$libshutdown$$00000010  c_w.l(libshutdown2.o)
    0x0800021c   0x0800021c   0x00000000   Code   RO         5330    .ARM.Collect$$rtentry$$00000000  c_w.l(__rtentry.o)
    0x0800021c   0x0800021c   0x00000000   Code   RO         5475    .ARM.Collect$$rtentry$$00000002  c_w.l(__rtentry2.o)
    0x0800021c   0x0800021c   0x00000006   Code   RO         5487    .ARM.Collect$$rtentry$$00000004  c_w.l(__rtentry4.o)
    0x08000222   0x08000222   0x00000000   Code   RO         5477    .ARM.Collect$$rtentry$$00000009  c_w.l(__rtentry2.o)
    0x08000222   0x08000222   0x00000004   Code   RO         5478    .ARM.Collect$$rtentry$$0000000A  c_w.l(__rtentry2.o)
    0x08000226   0x08000226   0x00000000   Code   RO         5480    .ARM.Collect$$rtentry$$0000000C  c_w.l(__rtentry2.o)
    0x08000226   0x08000226   0x00000008   Code   RO         5481    .ARM.Collect$$rtentry$$0000000D  c_w.l(__rtentry2.o)
    0x0800022e   0x0800022e   0x00000002   Code   RO         5597    .ARM.Collect$$rtexit$$00000000  c_w.l(rtexit.o)
    0x08000230   0x08000230   0x00000000   Code   RO         5628    .ARM.Collect$$rtexit$$00000002  c_w.l(rtexit2.o)
    0x08000230   0x08000230   0x00000004   Code   RO         5629    .ARM.Collect$$rtexit$$00000003  c_w.l(rtexit2.o)
    0x08000234   0x08000234   0x00000006   Code   RO         5630    .ARM.Collect$$rtexit$$00000004  c_w.l(rtexit2.o)
    0x0800023a   0x0800023a   0x00000002   PAD
    0x0800023c   0x0800023c   0x00000096   Code   RO         4014    .emb_text           port.o
    0x080002d2   0x080002d2   0x00000002   PAD
    0x080002d4   0x080002d4   0x00000000   Code   RO         5493    .emb_text           c_w.l(maybetermalloc1.o)
    0x080002d4   0x080002d4   0x00000040   Code   RO          133    .text               startup_stm32f10x_md.o
    0x08000314   0x08000314   0x0000005e   Code   RO         5163    .text               c_w.l(h1_alloc.o)
    0x08000372   0x08000372   0x0000004e   Code   RO         5165    .text               c_w.l(h1_free.o)
    0x080003c0   0x080003c0   0x00000034   Code   RO         5221    .text               c_w.l(vsnprintf.o)
    0x080003f4   0x080003f4   0x0000002c   Code   RO         5223    .text               c_w.l(__2sprintf.o)
    0x08000420   0x08000420   0x00000038   Code   RO         5225    .text               c_w.l(__2snprintf.o)
    0x08000458   0x08000458   0x0000004e   Code   RO         5233    .text               c_w.l(_printf_pad.o)
    0x080004a6   0x080004a6   0x00000052   Code   RO         5235    .text               c_w.l(_printf_str.o)
    0x080004f8   0x080004f8   0x00000078   Code   RO         5237    .text               c_w.l(_printf_dec.o)
    0x08000570   0x08000570   0x0000007c   Code   RO         5239    .text               c_w.l(_printf_longlong_dec.o)
    0x080005ec   0x080005ec   0x00000094   Code   RO         5259    .text               c_w.l(_printf_hex_int_ll_ptr.o)
    0x08000680   0x08000680   0x00000188   Code   RO         5279    .text               c_w.l(__printf_flags_ss_wp.o)
    0x08000808   0x08000808   0x00000014   Code   RO         5297    .text               c_w.l(strchr.o)
    0x0800081c   0x0800081c   0x00000024   Code   RO         5299    .text               c_w.l(strncat.o)
    0x08000840   0x08000840   0x00000024   Code   RO         5301    .text               c_w.l(strstr.o)
    0x08000864   0x08000864   0x00000048   Code   RO         5303    .text               c_w.l(strcpy.o)
    0x080008ac   0x080008ac   0x0000003e   Code   RO         5305    .text               c_w.l(strlen.o)
    0x080008ea   0x080008ea   0x00000018   Code   RO         5307    .text               c_w.l(strcat.o)
    0x08000902   0x08000902   0x0000008a   Code   RO         5309    .text               c_w.l(rt_memcpy_v6.o)
    0x0800098c   0x0800098c   0x00000064   Code   RO         5311    .text               c_w.l(rt_memcpy_w.o)
    0x080009f0   0x080009f0   0x00000010   Code   RO         5313    .text               c_w.l(aeabi_memset.o)
    0x08000a00   0x08000a00   0x00000044   Code   RO         5315    .text               c_w.l(rt_memclr.o)
    0x08000a44   0x08000a44   0x0000004e   Code   RO         5317    .text               c_w.l(rt_memclr_w.o)
    0x08000a92   0x08000a92   0x00000002   PAD
    0x08000a94   0x08000a94   0x0000000c   Code   RO         5319    .text               c_w.l(localtime.o)
    0x08000aa0   0x08000aa0   0x000001ac   Code   RO         5322    .text               c_w.l(mktime.o)
    0x08000c4c   0x08000c4c   0x00000006   Code   RO         5324    .text               c_w.l(heapauxi.o)
    0x08000c52   0x08000c52   0x00000002   PAD
    0x08000c54   0x08000c54   0x00000008   Code   RO         5334    .text               c_w.l(rt_heap_descriptor_intlibspace.o)
    0x08000c5c   0x08000c5c   0x00000004   Code   RO         5341    .text               c_w.l(hguard.o)
    0x08000c60   0x08000c60   0x0000008a   Code   RO         5343    .text               c_w.l(init_alloc.o)
    0x08000cea   0x08000cea   0x0000000e   Code   RO         5347    .text               c_w.l(h1_init.o)
    0x08000cf8   0x08000cf8   0x0000008a   Code   RO         5361    .text               c_w.l(lludiv10.o)
    0x08000d82   0x08000d82   0x00000024   Code   RO         5363    .text               c_w.l(_printf_truncate.o)
    0x08000da6   0x08000da6   0x000000b2   Code   RO         5365    .text               c_w.l(_printf_intcommon.o)
    0x08000e58   0x08000e58   0x00000028   Code   RO         5367    .text               c_w.l(_printf_charcount.o)
    0x08000e80   0x08000e80   0x00000030   Code   RO         5369    .text               c_w.l(_printf_char_common.o)
    0x08000eb0   0x08000eb0   0x0000000a   Code   RO         5371    .text               c_w.l(_sputc.o)
    0x08000eba   0x08000eba   0x00000010   Code   RO         5373    .text               c_w.l(_snputc.o)
    0x08000eca   0x08000eca   0x0000002c   Code   RO         5375    .text               c_w.l(_printf_char.o)
    0x08000ef6   0x08000ef6   0x00000002   PAD
    0x08000ef8   0x08000ef8   0x000000bc   Code   RO         5377    .text               c_w.l(_printf_wctomb.o)
    0x08000fb4   0x08000fb4   0x00000070   Code   RO         5384    .text               c_w.l(_printf_oct_int_ll.o)
    0x08001024   0x08001024   0x000000b8   Code   RO         5412    .text               c_w.l(localtime_internal.o)
    0x080010dc   0x080010dc   0x00000008   Code   RO         5471    .text               c_w.l(libspace.o)
    0x080010e4   0x080010e4   0x00000010   Code   RO         5489    .text               c_w.l(rt_ctype_table.o)
    0x080010f4   0x080010f4   0x00000034   Code   RO         5495    .text               c_w.l(h1_extend.o)
    0x08001128   0x08001128   0x0000041e   Code   RO         5501    .text               c_w.l(_printf_fp_dec.o)
    0x08001546   0x08001546   0x00000002   PAD
    0x08001548   0x08001548   0x000002fc   Code   RO         5503    .text               c_w.l(_printf_fp_hex.o)
    0x08001844   0x08001844   0x0000002c   Code   RO         5508    .text               c_w.l(_printf_wchar.o)
    0x08001870   0x08001870   0x00000040   Code   RO         5514    .text               c_w.l(_wcrtomb.o)
    0x080018b0   0x080018b0   0x0000000e   Code   RO         5516    .text               c_w.l(defsig_rtmem_outer.o)
    0x080018be   0x080018be   0x00000002   Code   RO         5527    .text               c_w.l(use_no_semi.o)
    0x080018c0   0x080018c0   0x00000000   Code   RO         5529    .text               c_w.l(indicate_semi.o)
    0x080018c0   0x080018c0   0x0000004a   Code   RO         5530    .text               c_w.l(sys_stackheap_outer.o)
    0x0800190a   0x0800190a   0x00000002   PAD
    0x0800190c   0x0800190c   0x00000008   Code   RO         5537    .text               c_w.l(rt_locale_intlibspace.o)
    0x08001914   0x08001914   0x00000080   Code   RO         5541    .text               c_w.l(_printf_fp_infnan.o)
    0x08001994   0x08001994   0x000000e4   Code   RO         5543    .text               c_w.l(bigflt0.o)
    0x08001a78   0x08001a78   0x00000012   Code   RO         5574    .text               c_w.l(exit.o)
    0x08001a8a   0x08001a8a   0x0000000a   Code   RO         5576    .text               c_w.l(defsig_exit.o)
    0x08001a94   0x08001a94   0x00000050   Code   RO         5578    .text               c_w.l(defsig_rtmem_inner.o)
    0x08001ae4   0x08001ae4   0x0000000c   Code   RO         5595    .text               c_w.l(sys_exit.o)
    0x08001af0   0x08001af0   0x00000032   Code   RO         5605    .text               c_w.l(defsig_general.o)
    0x08001b22   0x08001b22   0x00000002   PAD
    0x08001b24   0x08001b24   0x00000080   Code   RO         5607    .text               c_w.l(strcmpv7m.o)
    0x08001ba4   0x08001ba4   0x0000000e   Code   RO         5625    .text               c_w.l(sys_wrch.o)
    0x08001bb2   0x08001bb2   0x0000003e   Code   RO         5546    CL$$btod_d2e        c_w.l(btod.o)
    0x08001bf0   0x08001bf0   0x00000046   Code   RO         5548    CL$$btod_d2e_denorm_low  c_w.l(btod.o)
    0x08001c36   0x08001c36   0x00000060   Code   RO         5547    CL$$btod_d2e_norm_op1  c_w.l(btod.o)
    0x08001c96   0x08001c96   0x00000338   Code   RO         5556    CL$$btod_div_common  c_w.l(btod.o)
    0x08001fce   0x08001fce   0x000000dc   Code   RO         5553    CL$$btod_e2e        c_w.l(btod.o)
    0x080020aa   0x080020aa   0x0000002a   Code   RO         5550    CL$$btod_ediv       c_w.l(btod.o)
    0x080020d4   0x080020d4   0x0000002a   Code   RO         5549    CL$$btod_emul       c_w.l(btod.o)
    0x080020fe   0x080020fe   0x00000244   Code   RO         5555    CL$$btod_mult_common  c_w.l(btod.o)
    0x08002342   0x08002342   0x00000002   PAD
    0x08002344   0x08002344   0x0000016c   Code   RO         4987    i.BASE64_Decode     base64.o
    0x080024b0   0x080024b0   0x00000144   Code   RO         4988    i.BASE64_Encode     base64.o
    0x080025f4   0x080025f4   0x0000001c   Code   RO          431    i.BKP_ReadBackupRegister  stm32f10x_bkp.o
    0x08002610   0x08002610   0x0000001c   Code   RO          435    i.BKP_WriteBackupRegister  stm32f10x_bkp.o
    0x0800262c   0x0800262c   0x00000004   Code   RO         4758    i.BusFault_Handler  stm32f10x_it.o
    0x08002630   0x08002630   0x00000002   Code   RO         4759    i.DebugMon_Handler  stm32f10x_it.o
    0x08002632   0x08002632   0x00000002   PAD
    0x08002634   0x08002634   0x00000050   Code   RO         4592    i.ESP8266_GetIPD    esp8266.o
    0x08002684   0x08002684   0x00000048   Code   RO         4593    i.ESP8266_SendCmd   esp8266.o
    0x080026cc   0x080026cc   0x00000048   Code   RO         4594    i.ESP8266_SendData  esp8266.o
    0x08002714   0x08002714   0x00000034   Code   RO         4595    i.ESP8266_WaitRecive  esp8266.o
    0x08002748   0x08002748   0x00000116   Code   RO         1347    i.GPIO_Init         stm32f10x_gpio.o
    0x0800285e   0x0800285e   0x00000004   Code   RO         1354    i.GPIO_ResetBits    stm32f10x_gpio.o
    0x08002862   0x08002862   0x00000004   Code   RO         1355    i.GPIO_SetBits      stm32f10x_gpio.o
    0x08002866   0x08002866   0x0000000a   Code   RO         1358    i.GPIO_WriteBit     stm32f10x_gpio.o
    0x08002870   0x08002870   0x0000001c   Code   RO         4651    i.Get_64us_Time     time2.o
    0x0800288c   0x0800288c   0x00000004   Code   RO         4760    i.HardFault_Handler  stm32f10x_it.o
    0x08002890   0x08002890   0x00000030   Code   RO         4297    i.MFR522_ReadReg    myspi.o
    0x080028c0   0x080028c0   0x0000002c   Code   RO         4298    i.MFR522_WriteReg   myspi.o
    0x080028ec   0x080028ec   0x00000054   Code   RO         4334    i.MFRC522_Anticoll  my_mfrc522.o
    0x08002940   0x08002940   0x0000001a   Code   RO         4337    i.MFRC522_ClearBitMask  my_mfrc522.o
    0x0800295a   0x0800295a   0x00000058   Code   RO         4339    i.MFRC522_Init      my_mfrc522.o
    0x080029b2   0x080029b2   0x00000046   Code   RO         4341    i.MFRC522_Request   my_mfrc522.o
    0x080029f8   0x080029f8   0x0000001a   Code   RO         4343    i.MFRC522_SetBitMask  my_mfrc522.o
    0x08002a12   0x08002a12   0x00000126   Code   RO         4344    i.MFRC522_ToCard    my_mfrc522.o
    0x08002b38   0x08002b38   0x0000001c   Code   RO         4803    i.MQTT_DeleteBuffer  mqttkit.o
    0x08002b54   0x08002b54   0x0000002e   Code   RO         4804    i.MQTT_DumpLength   mqttkit.o
    0x08002b82   0x08002b82   0x00000058   Code   RO         4805    i.MQTT_NewBuffer    mqttkit.o
    0x08002bda   0x08002bda   0x00000002   PAD
    0x08002bdc   0x08002bdc   0x000002a0   Code   RO         4807    i.MQTT_PacketConnect  mqttkit.o
    0x08002e7c   0x08002e7c   0x000001b8   Code   RO         4810    i.MQTT_PacketPublish  mqttkit.o
    0x08003034   0x08003034   0x00000060   Code   RO         4816    i.MQTT_PacketSaveData  mqttkit.o
    0x08003094   0x08003094   0x00000046   Code   RO         4819    i.MQTT_ReadLength   mqttkit.o
    0x080030da   0x080030da   0x0000001e   Code   RO         4821    i.MQTT_UnPacketConnectAck  mqttkit.o
    0x080030f8   0x080030f8   0x00000074   Code   RO         4827    i.MQTT_UnPacketRecv  mqttkit.o
    0x0800316c   0x0800316c   0x00000004   Code   RO         4761    i.MemManage_Handler  stm32f10x_it.o
    0x08003170   0x08003170   0x000000bc   Code   RO         4448    i.MySPI_Init        myspi2.o
    0x0800322c   0x0800322c   0x0000000a   Code   RO         4449    i.MySPI_Start       myspi2.o
    0x08003236   0x08003236   0x0000000a   Code   RO         4450    i.MySPI_Stop        myspi2.o
    0x08003240   0x08003240   0x00000038   Code   RO         4451    i.MySPI_SwapByte    myspi2.o
    0x08003278   0x08003278   0x00000018   Code   RO         4452    i.MySPI_W_SS        myspi2.o
    0x08003290   0x08003290   0x00000002   Code   RO         4762    i.NMI_Handler       stm32f10x_it.o
    0x08003292   0x08003292   0x00000002   PAD
    0x08003294   0x08003294   0x00000070   Code   RO          137    i.NVIC_Init         misc.o
    0x08003304   0x08003304   0x00000014   Code   RO          138    i.NVIC_PriorityGroupConfig  misc.o
    0x08003318   0x08003318   0x0000002a   Code   RO         4157    i.OLED_Clear        oled.o
    0x08003342   0x08003342   0x00000002   PAD
    0x08003344   0x08003344   0x00000050   Code   RO         4158    i.OLED_I2C_Init     oled.o
    0x08003394   0x08003394   0x0000005c   Code   RO         4159    i.OLED_I2C_SendByte  oled.o
    0x080033f0   0x080033f0   0x00000034   Code   RO         4160    i.OLED_I2C_Start    oled.o
    0x08003424   0x08003424   0x00000028   Code   RO         4161    i.OLED_I2C_Stop     oled.o
    0x0800344c   0x0800344c   0x000000ae   Code   RO         4162    i.OLED_Init         oled.o
    0x080034fa   0x080034fa   0x00000014   Code   RO         4163    i.OLED_Pow          oled.o
    0x0800350e   0x0800350e   0x00000022   Code   RO         4164    i.OLED_SetCursor    oled.o
    0x08003530   0x08003530   0x00000090   Code   RO         4166    i.OLED_ShowChar     oled.o
    0x080035c0   0x080035c0   0x00000054   Code   RO         4169    i.OLED_ShowHexNum   oled.o
    0x08003614   0x08003614   0x00000044   Code   RO         4171    i.OLED_ShowNum      oled.o
    0x08003658   0x08003658   0x00000028   Code   RO         4173    i.OLED_ShowString   oled.o
    0x08003680   0x08003680   0x00000020   Code   RO         4174    i.OLED_WriteCommand  oled.o
    0x080036a0   0x080036a0   0x00000020   Code   RO         4175    i.OLED_WriteData    oled.o
    0x080036c0   0x080036c0   0x00000118   Code   RO         5058    i.OTA_UrlEncode     onenet.o
    0x080037d8   0x080037d8   0x000001b0   Code   RO         5059    i.OneNET_Authorization  onenet.o
    0x08003988   0x08003988   0x000002a0   Code   RO         5063    i.OneNet_DevLink    onenet.o
    0x08003c28   0x08003c28   0x000001dc   Code   RO         5064    i.OneNet_FillBuf    onenet.o
    0x08003e04   0x08003e04   0x000000ec   Code   RO         5066    i.OneNet_SendData   onenet.o
    0x08003ef0   0x08003ef0   0x0000000c   Code   RO         1710    i.PWR_BackupAccessCmd  stm32f10x_pwr.o
    0x08003efc   0x08003efc   0x00000020   Code   RO         1775    i.RCC_APB1PeriphClockCmd  stm32f10x_rcc.o
    0x08003f1c   0x08003f1c   0x00000020   Code   RO         1777    i.RCC_APB2PeriphClockCmd  stm32f10x_rcc.o
    0x08003f3c   0x08003f3c   0x000000d4   Code   RO         1785    i.RCC_GetClocksFreq  stm32f10x_rcc.o
    0x08004010   0x08004010   0x0000003c   Code   RO         1786    i.RCC_GetFlagStatus  stm32f10x_rcc.o
    0x0800404c   0x0800404c   0x0000000c   Code   RO         1794    i.RCC_LSICmd        stm32f10x_rcc.o
    0x08004058   0x08004058   0x0000000c   Code   RO         1800    i.RCC_RTCCLKCmd     stm32f10x_rcc.o
    0x08004064   0x08004064   0x00000010   Code   RO         1801    i.RCC_RTCCLKConfig  stm32f10x_rcc.o
    0x08004074   0x08004074   0x00000014   Code   RO         1978    i.RTC_EnterConfigMode  stm32f10x_rtc.o
    0x08004088   0x08004088   0x00000014   Code   RO         1979    i.RTC_ExitConfigMode  stm32f10x_rtc.o
    0x0800409c   0x0800409c   0x0000002c   Code   RO         1980    i.RTC_GetCounter    stm32f10x_rtc.o
    0x080040c8   0x080040c8   0x0000001c   Code   RO         1986    i.RTC_SetCounter    stm32f10x_rtc.o
    0x080040e4   0x080040e4   0x00000020   Code   RO         1987    i.RTC_SetPrescaler  stm32f10x_rtc.o
    0x08004104   0x08004104   0x00000014   Code   RO         1988    i.RTC_WaitForLastTask  stm32f10x_rtc.o
    0x08004118   0x08004118   0x00000024   Code   RO         1989    i.RTC_WaitForSynchro  stm32f10x_rtc.o
    0x0800413c   0x0800413c   0x00000018   Code   RO         2263    i.SPI_Cmd           stm32f10x_spi.o
    0x08004154   0x08004154   0x00000012   Code   RO         2271    i.SPI_I2S_GetFlagStatus  stm32f10x_spi.o
    0x08004166   0x08004166   0x00000006   Code   RO         2274    i.SPI_I2S_ReceiveData  stm32f10x_spi.o
    0x0800416c   0x0800416c   0x00000004   Code   RO         2275    i.SPI_I2S_SendData  stm32f10x_spi.o
    0x08004170   0x08004170   0x0000003c   Code   RO         2276    i.SPI_Init          stm32f10x_spi.o
    0x080041ac   0x080041ac   0x00000038   Code   RO         4299    i.SPI_TransimitReceive  myspi.o
    0x080041e4   0x080041e4   0x000000c0   Code   RO         4300    i.SPI_int           myspi.o
    0x080042a4   0x080042a4   0x0000001e   Code   RO         4085    i.SendByte          usart.o
    0x080042c2   0x080042c2   0x00000002   PAD
    0x080042c4   0x080042c4   0x00000050   Code   RO         4086    i.Serial_Printf     usart.o
    0x08004314   0x08004314   0x0000001e   Code   RO         4087    i.Serial_SendString  usart.o
    0x08004332   0x08004332   0x00000008   Code   RO           17    i.SetSysClock       system_stm32f10x.o
    0x0800433a   0x0800433a   0x00000002   PAD
    0x0800433c   0x0800433c   0x000000e0   Code   RO           18    i.SetSysClockTo72   system_stm32f10x.o
    0x0800441c   0x0800441c   0x00000034   Code   RO         4015    i.SysTick_Handler   port.o
    0x08004450   0x08004450   0x00000060   Code   RO           20    i.SystemInit        system_stm32f10x.o
    0x080044b0   0x080044b0   0x00000076   Code   RO         4652    i.TIM2_Config       time2.o
    0x08004526   0x08004526   0x00000002   PAD
    0x08004528   0x08004528   0x00000024   Code   RO         4653    i.TIM2_IRQHandler   time2.o
    0x0800454c   0x0800454c   0x00000006   Code   RO         2415    i.TIM_ClearFlag     stm32f10x_tim.o
    0x08004552   0x08004552   0x00000006   Code   RO         2416    i.TIM_ClearITPendingBit  stm32f10x_tim.o
    0x08004558   0x08004558   0x00000018   Code   RO         2421    i.TIM_Cmd           stm32f10x_tim.o
    0x08004570   0x08004570   0x00000022   Code   RO         2442    i.TIM_GetITStatus   stm32f10x_tim.o
    0x08004592   0x08004592   0x00000012   Code   RO         2446    i.TIM_ITConfig      stm32f10x_tim.o
    0x080045a4   0x080045a4   0x000000a4   Code   RO         2492    i.TIM_TimeBaseInit  stm32f10x_tim.o
    0x08004648   0x08004648   0x00000012   Code   RO         2493    i.TIM_TimeBaseStructInit  stm32f10x_tim.o
    0x0800465a   0x0800465a   0x00000002   PAD
    0x0800465c   0x0800465c   0x00000158   Code   RO         4680    i.Task2_CardVerification  main.o
    0x080047b4   0x080047b4   0x0000009c   Code   RO         4681    i.Task3_Time        main.o
    0x08004850   0x08004850   0x000000d4   Code   RO         4682    i.Task4_Upload      main.o
    0x08004924   0x08004924   0x0000002c   Code   RO         4088    i.USART1_IRQHandler  usart.o
    0x08004950   0x08004950   0x0000005c   Code   RO         4596    i.USART2_IRQHandler  esp8266.o
    0x080049ac   0x080049ac   0x00000012   Code   RO         2956    i.USART_ClearFlag   stm32f10x_usart.o
    0x080049be   0x080049be   0x0000001e   Code   RO         2957    i.USART_ClearITPendingBit  stm32f10x_usart.o
    0x080049dc   0x080049dc   0x00000018   Code   RO         2960    i.USART_Cmd         stm32f10x_usart.o
    0x080049f4   0x080049f4   0x0000001a   Code   RO         2963    i.USART_GetFlagStatus  stm32f10x_usart.o
    0x08004a0e   0x08004a0e   0x00000054   Code   RO         2964    i.USART_GetITStatus  stm32f10x_usart.o
    0x08004a62   0x08004a62   0x0000004a   Code   RO         2966    i.USART_ITConfig    stm32f10x_usart.o
    0x08004aac   0x08004aac   0x000000d8   Code   RO         2967    i.USART_Init        stm32f10x_usart.o
    0x08004b84   0x08004b84   0x0000000a   Code   RO         2974    i.USART_ReceiveData  stm32f10x_usart.o
    0x08004b8e   0x08004b8e   0x00000008   Code   RO         2977    i.USART_SendData    stm32f10x_usart.o
    0x08004b96   0x08004b96   0x00000004   Code   RO         4763    i.UsageFault_Handler  stm32f10x_it.o
    0x08004b9a   0x08004b9a   0x00000048   Code   RO         4089    i.UsartPrintf       usart.o
    0x08004be2   0x08004be2   0x00000032   Code   RO         4090    i.Usart_SendString  usart.o
    0x08004c14   0x08004c14   0x00000008   Code   RO         4484    i.W25Q64_Init       w25q64.o
    0x08004c1c   0x08004c1c   0x00000044   Code   RO         4486    i.W25Q64_ReadData   w25q64.o
    0x08004c60   0x08004c60   0x00000028   Code   RO         5593    i.__ARM_fpclassify  m_ws.l(fpclassify.o)
    0x08004c88   0x08004c88   0x0000000e   Code   RO         5272    i._is_digit         c_w.l(__printf_wp.o)
    0x08004c96   0x08004c96   0x00000002   PAD
    0x08004c98   0x08004c98   0x0000001c   Code   RO         4597    i.esp8266_clear     esp8266.o
    0x08004cb4   0x08004cb4   0x00000118   Code   RO         4598    i.esp8266_init      esp8266.o
    0x08004dcc   0x08004dcc   0x0000004c   Code   RO         5010    i.ft                hmac_sha1.o
    0x08004e18   0x08004e18   0x00000034   Code   RO         4091    i.gpio_PC13_Init    usart.o
    0x08004e4c   0x08004e4c   0x0000012e   Code   RO         5011    i.hmac_sha1         hmac_sha1.o
    0x08004f7a   0x08004f7a   0x00000050   Code   RO         4492    i.inquire_whitelist  w25q64.o
    0x08004fca   0x08004fca   0x00000002   PAD
    0x08004fcc   0x08004fcc   0x00000034   Code   RO         5012    i.k                 hmac_sha1.o
    0x08005000   0x08005000   0x000000bc   Code   RO         4683    i.main              main.o
    0x080050bc   0x080050bc   0x00000090   Code   RO         4562    i.myRTC_Init        myrtc.o
    0x0800514c   0x0800514c   0x00000050   Code   RO         4563    i.myRTCreadtime     myrtc.o
    0x0800519c   0x0800519c   0x00000060   Code   RO         4564    i.myRTCsettime      myrtc.o
    0x080051fc   0x080051fc   0x000000c0   Code   RO         3552    i.prvAddCurrentTaskToDelayedList  tasks.o
    0x080052bc   0x080052bc   0x000000ec   Code   RO         3553    i.prvAddNewTaskToReadyList  tasks.o
    0x080053a8   0x080053a8   0x00000048   Code   RO         3554    i.prvCheckTasksWaitingTermination  tasks.o
    0x080053f0   0x080053f0   0x0000002a   Code   RO         3378    i.prvCopyDataFromQueue  queue.o
    0x0800541a   0x0800541a   0x0000007e   Code   RO         3379    i.prvCopyDataToQueue  queue.o
    0x08005498   0x08005498   0x00000012   Code   RO         3555    i.prvDeleteTCB      tasks.o
    0x080054aa   0x080054aa   0x00000014   Code   RO         3380    i.prvGetDisinheritPriorityAfterTimeout  queue.o
    0x080054be   0x080054be   0x00000002   PAD
    0x080054c0   0x080054c0   0x00000070   Code   RO         3953    i.prvHeapInit       heap_4.o
    0x08005530   0x08005530   0x00000028   Code   RO         3556    i.prvIdleTask       tasks.o
    0x08005558   0x08005558   0x0000001e   Code   RO         3381    i.prvInitialiseMutex  queue.o
    0x08005576   0x08005576   0x0000002a   Code   RO         3382    i.prvInitialiseNewQueue  queue.o
    0x080055a0   0x080055a0   0x00000086   Code   RO         3557    i.prvInitialiseNewTask  tasks.o
    0x08005626   0x08005626   0x00000002   PAD
    0x08005628   0x08005628   0x00000068   Code   RO         3558    i.prvInitialiseTaskLists  tasks.o
    0x08005690   0x08005690   0x00000068   Code   RO         3954    i.prvInsertBlockIntoFreeList  heap_4.o
    0x080056f8   0x080056f8   0x0000001a   Code   RO         3383    i.prvIsQueueEmpty   queue.o
    0x08005712   0x08005712   0x0000001e   Code   RO         3384    i.prvIsQueueFull    queue.o
    0x08005730   0x08005730   0x00000030   Code   RO         3560    i.prvResetNextTaskUnblockTime  tasks.o
    0x08005760   0x08005760   0x00000016   Code   RO         4016    i.prvTaskExitError  port.o
    0x08005776   0x08005776   0x0000007e   Code   RO         3385    i.prvUnlockQueue    queue.o
    0x080057f4   0x080057f4   0x000000e4   Code   RO         3956    i.pvPortMalloc      heap_4.o
    0x080058d8   0x080058d8   0x00000020   Code   RO         3565    i.pvTaskIncrementMutexHeldCount  tasks.o
    0x080058f8   0x080058f8   0x00000024   Code   RO         4017    i.pxPortInitialiseStack  port.o
    0x0800591c   0x0800591c   0x0000002e   Code   RO         5013    i.rotl              hmac_sha1.o
    0x0800594a   0x0800594a   0x00000002   PAD
    0x0800594c   0x0800594c   0x00000284   Code   RO         5015    i.sha1              hmac_sha1.o
    0x08005bd0   0x08005bd0   0x000000b8   Code   RO         4092    i.usart2_int        usart.o
    0x08005c88   0x08005c88   0x000000b8   Code   RO         4093    i.usart_int         usart.o
    0x08005d40   0x08005d40   0x00000028   Code   RO         3339    i.uxListRemove      list.o
    0x08005d68   0x08005d68   0x0000001a   Code   RO         3340    i.vListInitialise   list.o
    0x08005d82   0x08005d82   0x00000006   Code   RO         3341    i.vListInitialiseItem  list.o
    0x08005d88   0x08005d88   0x00000034   Code   RO         3342    i.vListInsert       list.o
    0x08005dbc   0x08005dbc   0x00000024   Code   RO         4019    i.vPortEnterCritical  port.o
    0x08005de0   0x08005de0   0x00000020   Code   RO         4020    i.vPortExitCritical  port.o
    0x08005e00   0x08005e00   0x0000004c   Code   RO         3957    i.vPortFree         heap_4.o
    0x08005e4c   0x08005e4c   0x00000018   Code   RO         4021    i.vPortSetupTimerInterrupt  port.o
    0x08005e64   0x08005e64   0x00000034   Code   RO         3574    i.vTaskDelay        tasks.o
    0x08005e98   0x08005e98   0x00000018   Code   RO         3580    i.vTaskInternalSetTimeOutState  tasks.o
    0x08005eb0   0x08005eb0   0x0000000c   Code   RO         3582    i.vTaskMissedYield  tasks.o
    0x08005ebc   0x08005ebc   0x00000020   Code   RO         3583    i.vTaskPlaceOnEventList  tasks.o
    0x08005edc   0x08005edc   0x000000d4   Code   RO         3585    i.vTaskPriorityDisinheritAfterTimeout  tasks.o
    0x08005fb0   0x08005fb0   0x00000070   Code   RO         3591    i.vTaskStartScheduler  tasks.o
    0x08006020   0x08006020   0x00000010   Code   RO         3593    i.vTaskSuspendAll   tasks.o
    0x08006030   0x08006030   0x000000a0   Code   RO         3594    i.vTaskSwitchContext  tasks.o
    0x080060d0   0x080060d0   0x00000034   Code   RO         4022    i.xPortStartScheduler  port.o
    0x08006104   0x08006104   0x00000022   Code   RO         3393    i.xQueueCreateMutex  queue.o
    0x08006126   0x08006126   0x0000004c   Code   RO         3394    i.xQueueGenericCreate  queue.o
    0x08006172   0x08006172   0x00000002   PAD
    0x08006174   0x08006174   0x000000a0   Code   RO         3395    i.xQueueGenericReset  queue.o
    0x08006214   0x08006214   0x00000118   Code   RO         3396    i.xQueueGenericSend  queue.o
    0x0800632c   0x0800632c   0x00000104   Code   RO         3403    i.xQueueReceive     queue.o
    0x08006430   0x08006430   0x00000130   Code   RO         3405    i.xQueueSemaphoreTake  queue.o
    0x08006560   0x08006560   0x00000060   Code   RO         3596    i.xTaskCheckForTimeOut  tasks.o
    0x080065c0   0x080065c0   0x00000068   Code   RO         3597    i.xTaskCreate       tasks.o
    0x08006628   0x08006628   0x00000190   Code   RO         3607    i.xTaskIncrementTick  tasks.o
    0x080067b8   0x080067b8   0x000000ac   Code   RO         3608    i.xTaskPriorityDisinherit  tasks.o
    0x08006864   0x08006864   0x000000ec   Code   RO         3609    i.xTaskPriorityInherit  tasks.o
    0x08006950   0x08006950   0x00000108   Code   RO         3610    i.xTaskRemoveFromEventList  tasks.o
    0x08006a58   0x08006a58   0x0000015c   Code   RO         3611    i.xTaskResumeAll    tasks.o
    0x08006bb4   0x08006bb4   0x0000002c   Code   RO         5569    locale$$code        c_w.l(lc_ctype_c.o)
    0x08006be0   0x08006be0   0x0000002c   Code   RO         5572    locale$$code        c_w.l(lc_numeric_c.o)
    0x08006c0c   0x08006c0c   0x00000004   Code   RO         5461    x$fpl$printf1       fz_ws.l(printf1.o)
    0x08006c10   0x08006c10   0x00000004   Code   RO         5463    x$fpl$printf2       fz_ws.l(printf2.o)
    0x08006c14   0x08006c14   0x00000000   Code   RO         5592    x$fpl$usenofp       fz_ws.l(usenofp.o)
    0x08006c14   0x08006c14   0x000005f0   Data   RO         4177    .constdata          oled.o
    0x08007204   0x08007204   0x00000012   Data   RO         4684    .constdata          main.o
    0x08007216   0x08007216   0x000000c0   Data   RO         4989    .constdata          base64.o
    0x080072d6   0x080072d6   0x00000028   Data   RO         5260    .constdata          c_w.l(_printf_hex_int_ll_ptr.o)
    0x080072fe   0x080072fe   0x00000011   Data   RO         5280    .constdata          c_w.l(__printf_flags_ss_wp.o)
    0x0800730f   0x0800730f   0x00000001   PAD
    0x08007310   0x08007310   0x00000008   Data   RO         5378    .constdata          c_w.l(_printf_wctomb.o)
    0x08007318   0x08007318   0x0000000c   Data   RO         5411    .constdata          c_w.l(_monlen.o)
    0x08007324   0x08007324   0x00000026   Data   RO         5504    .constdata          c_w.l(_printf_fp_hex.o)
    0x0800734a   0x0800734a   0x00000002   PAD
    0x0800734c   0x0800734c   0x00000094   Data   RO         5544    .constdata          c_w.l(bigflt0.o)
    0x080073e0   0x080073e0   0x00000047   Data   RO         5068    .conststring        onenet.o
    0x08007427   0x08007427   0x00000001   PAD
    0x08007428   0x08007428   0x00000020   Data   RO         5655    Region$$Table       anon$$obj.o
    0x08007448   0x08007448   0x00000110   Data   RO         5568    locale$$data        c_w.l(lc_ctype_c.o)
    0x08007558   0x08007558   0x0000001c   Data   RO         5571    locale$$data        c_w.l(lc_numeric_c.o)


    Execution Region RW_IRAM1 (Exec base: 0x20000000, Load base: 0x08007574, Size: 0x00003408, Max: 0x00005000, ABSOLUTE)

    Exec Addr    Load Addr    Size         Type   Attr      Idx    E Section Name        Object

    0x20000000   0x08007574   0x00000014   Data   RW         1805    .data               stm32f10x_rcc.o
    0x20000014   0x08007588   0x00000048   Data   RW         3614    .data               tasks.o
    0x2000005c   0x080075d0   0x0000001c   Data   RW         3963    .data               heap_4.o
    0x20000078   0x080075ec   0x00000004   Data   RW         4023    .data               port.o
    0x2000007c   0x080075f0   0x00000010   Data   RW         4565    .data               myrtc.o
    0x2000008c   0x08007600   0x00000002   Data   RW         4600    .data               esp8266.o
    0x2000008e   0x08007602   0x00000002   Data   RW         4654    .data               time2.o
    0x20000090   0x08007604   0x00000024   Data   RW         4685    .data               main.o
    0x200000b4        -       0x000000c8   Zero   RW         3613    .bss                tasks.o
    0x2000017c        -       0x00002800   Zero   RW         3962    .bss                heap_4.o
    0x2000297c        -       0x00000100   Zero   RW         4599    .bss                esp8266.o
    0x20002a7c        -       0x0000002c   Zero   RW         5320    .bss                c_w.l(localtime.o)
    0x20002aa8        -       0x00000060   Zero   RW         5472    .bss                c_w.l(libspace.o)
    0x20002b08        -       0x00000200   Zero   RW          131    HEAP                startup_stm32f10x_md.o
    0x20002d08        -       0x00000700   Zero   RW          130    STACK               startup_stm32f10x_md.o


==============================================================================

Image component sizes


      Code (inc. data)   RO Data    RW Data    ZI Data      Debug   Object Name

       688          8        192          0          0       3008   base64.o
         0          0          0          0          0       4540   core_cm3.o
         0          0          0          0          0      14676   croutine.o
       676        236          0          2        256       4707   esp8266.o
         0          0          0          0          0      14492   event_groups.o
       520         58          0         28      10240       4379   heap_4.o
      1120         30          0          0          0       4339   hmac_sha1.o
       124          0          0          0          0       2521   list.o
       900        274         18         36          0       3373   main.o
       132         22          0          0          0     206287   misc.o
      1586         44          0          0          0      10207   mqttkit.o
       588          0          0          0          0       4621   my_mfrc522.o
       320         20          0         16          0       3064   myrtc.o
       340         24          0          0          0       2232   myspi.o
       288         20          0          0          0       2454   myspi2.o
       934         24       1520          0          0       8491   oled.o
      2096        888         71          0          0       6180   onenet.o
       404         48          0          4          0       8632   port.o
      1556         16          0          0          0      14557   queue.o
        64         26        236          0       2304        784   startup_stm32f10x_md.o
         0          0          0          0          0       1648   stm32f10x_adc.o
        56         10          0          0          0       2067   stm32f10x_bkp.o
       296          0          0          0          0      11700   stm32f10x_gpio.o
        20          0          0          0          0       2465   stm32f10x_it.o
        12          6          0          0          0        470   stm32f10x_pwr.o
       376         52          0         20          0      14938   stm32f10x_rcc.o
       200         36          0          0          0       3367   stm32f10x_rtc.o
       112          0          0          0          0      10434   stm32f10x_spi.o
       270         42          0          0          0      24583   stm32f10x_tim.o
       490          6          0          0          0      12893   stm32f10x_usart.o
       328         28          0          0          0      51997   system_stm32f10x.o
      3116        360          0         72        200      31842   tasks.o
       182          8          0          2          0       1944   time2.o
         0          0          0          0          0       2236   timers.o
       726         36          0          0          0       8135   usart.o
       156          0          0          0          0       2228   w25q64.o

    ----------------------------------------------------------------------
     18704       2322       2070        180      13000     506491   Object Totals
         0          0         32          0          0          0   (incl. Generated)
        28          0          1          0          0          0   (incl. Padding)

    ----------------------------------------------------------------------

      Code (inc. data)   RO Data    RW Data    ZI Data      Debug   Library Member Name

        56          6          0          0          0         88   __2snprintf.o
        44          6          0          0          0         84   __2sprintf.o
         8          0          0          0          0         68   __main.o
       392          4         17          0          0         92   __printf_flags_ss_wp.o
        14          0          0          0          0         68   __printf_wp.o
         0          0          0          0          0          0   __rtentry.o
        12          0          0          0          0          0   __rtentry2.o
         6          0          0          0          0          0   __rtentry4.o
        52          8          0          0          0          0   __scatter.o
        26          0          0          0          0          0   __scatter_copy.o
        28          0          0          0          0          0   __scatter_zi.o
         0          0         12          0          0          0   _monlen.o
         6          0          0          0          0          0   _printf_a.o
         6          0          0          0          0          0   _printf_c.o
        44          0          0          0          0        108   _printf_char.o
        48          6          0          0          0         96   _printf_char_common.o
        40          0          0          0          0         68   _printf_charcount.o
         6          0          0          0          0          0   _printf_d.o
       120         16          0          0          0         92   _printf_dec.o
         6          0          0          0          0          0   _printf_e.o
         6          0          0          0          0          0   _printf_f.o
      1054          0          0          0          0        216   _printf_fp_dec.o
       764          8         38          0          0        100   _printf_fp_hex.o
       128         16          0          0          0         84   _printf_fp_infnan.o
         6          0          0          0          0          0   _printf_g.o
       148          4         40          0          0        160   _printf_hex_int_ll_ptr.o
         6          0          0          0          0          0   _printf_i.o
       178          0          0          0          0         88   _printf_intcommon.o
        10          0          0          0          0          0   _printf_l.o
         6          0          0          0          0          0   _printf_lc.o
        10          0          0          0          0          0   _printf_ll.o
         6          0          0          0          0          0   _printf_lld.o
         6          0          0          0          0          0   _printf_lli.o
         6          0          0          0          0          0   _printf_llo.o
         6          0          0          0          0          0   _printf_llu.o
         6          0          0          0          0          0   _printf_llx.o
       124         16          0          0          0         92   _printf_longlong_dec.o
         6          0          0          0          0          0   _printf_ls.o
         6          0          0          0          0          0   _printf_n.o
         6          0          0          0          0          0   _printf_o.o
       112         10          0          0          0        124   _printf_oct_int_ll.o
         6          0          0          0          0          0   _printf_p.o
        78          0          0          0          0        108   _printf_pad.o
         0          0          0          0          0          0   _printf_percent.o
         4          0          0          0          0          0   _printf_percent_end.o
         6          0          0          0          0          0   _printf_s.o
        82          0          0          0          0         80   _printf_str.o
        36          0          0          0          0         84   _printf_truncate.o
         6          0          0          0          0          0   _printf_u.o
        44          0          0          0          0        108   _printf_wchar.o
       188          6          8          0          0         92   _printf_wctomb.o
         6          0          0          0          0          0   _printf_x.o
        16          0          0          0          0         68   _snputc.o
        10          0          0          0          0         68   _sputc.o
        64          0          0          0          0         92   _wcrtomb.o
        16          0          0          0          0         68   aeabi_memset.o
       228          4        148          0          0         96   bigflt0.o
      1936        128          0          0          0        672   btod.o
        10          0          0          0          0         68   defsig_exit.o
        50          0          0          0          0         88   defsig_general.o
        80         58          0          0          0         76   defsig_rtmem_inner.o
        14          0          0          0          0         80   defsig_rtmem_outer.o
        18          0          0          0          0         80   exit.o
        94          0          0          0          0         80   h1_alloc.o
        52          0          0          0          0         68   h1_extend.o
        78          0          0          0          0         80   h1_free.o
        14          0          0          0          0         84   h1_init.o
         6          0          0          0          0        152   heapauxi.o
         4          0          0          0          0        136   hguard.o
         0          0          0          0          0          0   indicate_semi.o
       138          0          0          0          0        168   init_alloc.o
        44         10        272          0          0         76   lc_ctype_c.o
        44         10         28          0          0         76   lc_numeric_c.o
         2          0          0          0          0          0   libinit.o
        38          0          0          0          0          0   libinit2.o
         2          0          0          0          0          0   libshutdown.o
         2          0          0          0          0          0   libshutdown2.o
         8          4          0          0         96         68   libspace.o
       138          0          0          0          0         80   lludiv10.o
        12          6          0          0         44         68   localtime.o
       184          6          0          0          0         80   localtime_internal.o
         0          0          0          0          0          0   maybetermalloc1.o
       428         10          0          0          0        116   mktime.o
        16          4          0          0          0         76   rt_ctype_table.o
         8          4          0          0          0         68   rt_heap_descriptor_intlibspace.o
         8          4          0          0          0         68   rt_locale_intlibspace.o
        68          0          0          0          0         68   rt_memclr.o
        78          0          0          0          0         80   rt_memclr_w.o
       138          0          0          0          0         68   rt_memcpy_v6.o
       100          0          0          0          0         80   rt_memcpy_w.o
         2          0          0          0          0          0   rtexit.o
        10          0          0          0          0          0   rtexit2.o
        24          0          0          0          0         68   strcat.o
        20          0          0          0          0         68   strchr.o
       128          0          0          0          0         68   strcmpv7m.o
        72          0          0          0          0         80   strcpy.o
        62          0          0          0          0         76   strlen.o
        36          0          0          0          0         76   strncat.o
        36          0          0          0          0         80   strstr.o
        12          4          0          0          0         68   sys_exit.o
        74          0          0          0          0         80   sys_stackheap_outer.o
        14          0          0          0          0         76   sys_wrch.o
         2          0          0          0          0         68   use_no_semi.o
        52          4          0          0          0         80   vsnprintf.o
         4          0          0          0          0         68   printf1.o
         4          0          0          0          0         68   printf2.o
         0          0          0          0          0          0   usenofp.o
        40          0          0          0          0         68   fpclassify.o

    ----------------------------------------------------------------------
      8728        362        566          0        140       6488   Library Totals
        20          0          3          0          0          0   (incl. Padding)

    ----------------------------------------------------------------------

      Code (inc. data)   RO Data    RW Data    ZI Data      Debug   Library Name

      8660        362        563          0        140       6284   c_w.l
         8          0          0          0          0        136   fz_ws.l
        40          0          0          0          0         68   m_ws.l

    ----------------------------------------------------------------------
      8728        362        566          0        140       6488   Library Totals

    ----------------------------------------------------------------------

==============================================================================


      Code (inc. data)   RO Data    RW Data    ZI Data      Debug   

     27432       2684       2636        180      13140     499819   Grand Totals
     27432       2684       2636        180      13140     499819   ELF Image Totals
     27432       2684       2636        180          0          0   ROM Totals

==============================================================================

    Total RO  Size (Code + RO Data)                30068 (  29.36kB)
    Total RW  Size (RW Data + ZI Data)             13320 (  13.01kB)
    Total ROM Size (Code + RO Data + RW Data)      30248 (  29.54kB)

==============================================================================

