Component: ARM Compiler 5.06 update 5 (build 528) Tool: armlink [4d35e2]

==============================================================================

Section Cross References

    system_stm32f10x.o(i.SetSysClock) refers to system_stm32f10x.o(i.SetSysClockTo72) for SetSysClockTo72
    system_stm32f10x.o(i.SystemCoreClockUpdate) refers to system_stm32f10x.o(.data) for SystemCoreClock
    system_stm32f10x.o(i.SystemInit) refers to system_stm32f10x.o(i.SetSysClock) for SetSysClock
    startup_stm32f10x_md.o(STACK) refers (Special) to heapauxi.o(.text) for __use_two_region_memory
    startup_stm32f10x_md.o(HEAP) refers (Special) to heapauxi.o(.text) for __use_two_region_memory
    startup_stm32f10x_md.o(RESET) refers (Special) to heapauxi.o(.text) for __use_two_region_memory
    startup_stm32f10x_md.o(RESET) refers to startup_stm32f10x_md.o(STACK) for __initial_sp
    startup_stm32f10x_md.o(RESET) refers to startup_stm32f10x_md.o(.text) for Reset_Handler
    startup_stm32f10x_md.o(RESET) refers to stm32f10x_it.o(i.NMI_Handler) for NMI_Handler
    startup_stm32f10x_md.o(RESET) refers to stm32f10x_it.o(i.HardFault_Handler) for HardFault_Handler
    startup_stm32f10x_md.o(RESET) refers to stm32f10x_it.o(i.MemManage_Handler) for MemManage_Handler
    startup_stm32f10x_md.o(RESET) refers to stm32f10x_it.o(i.BusFault_Handler) for BusFault_Handler
    startup_stm32f10x_md.o(RESET) refers to stm32f10x_it.o(i.UsageFault_Handler) for UsageFault_Handler
    startup_stm32f10x_md.o(RESET) refers to port.o(.emb_text) for SVC_Handler
    startup_stm32f10x_md.o(RESET) refers to stm32f10x_it.o(i.DebugMon_Handler) for DebugMon_Handler
    startup_stm32f10x_md.o(RESET) refers to port.o(i.SysTick_Handler) for SysTick_Handler
    startup_stm32f10x_md.o(RESET) refers to usart.o(i.USART1_IRQHandler) for USART1_IRQHandler
    startup_stm32f10x_md.o(.text) refers (Special) to heapauxi.o(.text) for __use_two_region_memory
    startup_stm32f10x_md.o(.text) refers to system_stm32f10x.o(i.SystemInit) for SystemInit
    startup_stm32f10x_md.o(.text) refers to __main.o(!!!main) for __main
    startup_stm32f10x_md.o(.text) refers to startup_stm32f10x_md.o(HEAP) for Heap_Mem
    startup_stm32f10x_md.o(.text) refers to startup_stm32f10x_md.o(STACK) for Stack_Mem
    stm32f10x_adc.o(i.ADC_DeInit) refers to stm32f10x_rcc.o(i.RCC_APB2PeriphResetCmd) for RCC_APB2PeriphResetCmd
    stm32f10x_bkp.o(i.BKP_DeInit) refers to stm32f10x_rcc.o(i.RCC_BackupResetCmd) for RCC_BackupResetCmd
    stm32f10x_can.o(i.CAN_DeInit) refers to stm32f10x_rcc.o(i.RCC_APB1PeriphResetCmd) for RCC_APB1PeriphResetCmd
    stm32f10x_can.o(i.CAN_GetITStatus) refers to stm32f10x_can.o(i.CheckITStatus) for CheckITStatus
    stm32f10x_cec.o(i.CEC_DeInit) refers to stm32f10x_rcc.o(i.RCC_APB1PeriphResetCmd) for RCC_APB1PeriphResetCmd
    stm32f10x_dac.o(i.DAC_DeInit) refers to stm32f10x_rcc.o(i.RCC_APB1PeriphResetCmd) for RCC_APB1PeriphResetCmd
    stm32f10x_flash.o(i.FLASH_EnableWriteProtection) refers to stm32f10x_flash.o(i.FLASH_WaitForLastOperation) for FLASH_WaitForLastOperation
    stm32f10x_flash.o(i.FLASH_EraseAllBank1Pages) refers to stm32f10x_flash.o(i.FLASH_WaitForLastBank1Operation) for FLASH_WaitForLastBank1Operation
    stm32f10x_flash.o(i.FLASH_EraseAllPages) refers to stm32f10x_flash.o(i.FLASH_WaitForLastOperation) for FLASH_WaitForLastOperation
    stm32f10x_flash.o(i.FLASH_EraseOptionBytes) refers to stm32f10x_flash.o(i.FLASH_GetReadOutProtectionStatus) for FLASH_GetReadOutProtectionStatus
    stm32f10x_flash.o(i.FLASH_EraseOptionBytes) refers to stm32f10x_flash.o(i.FLASH_WaitForLastOperation) for FLASH_WaitForLastOperation
    stm32f10x_flash.o(i.FLASH_ErasePage) refers to stm32f10x_flash.o(i.FLASH_WaitForLastOperation) for FLASH_WaitForLastOperation
    stm32f10x_flash.o(i.FLASH_ProgramHalfWord) refers to stm32f10x_flash.o(i.FLASH_WaitForLastOperation) for FLASH_WaitForLastOperation
    stm32f10x_flash.o(i.FLASH_ProgramOptionByteData) refers to stm32f10x_flash.o(i.FLASH_WaitForLastOperation) for FLASH_WaitForLastOperation
    stm32f10x_flash.o(i.FLASH_ProgramWord) refers to stm32f10x_flash.o(i.FLASH_WaitForLastOperation) for FLASH_WaitForLastOperation
    stm32f10x_flash.o(i.FLASH_ReadOutProtection) refers to stm32f10x_flash.o(i.FLASH_WaitForLastOperation) for FLASH_WaitForLastOperation
    stm32f10x_flash.o(i.FLASH_UserOptionByteConfig) refers to stm32f10x_flash.o(i.FLASH_WaitForLastOperation) for FLASH_WaitForLastOperation
    stm32f10x_flash.o(i.FLASH_WaitForLastBank1Operation) refers to stm32f10x_flash.o(i.FLASH_GetBank1Status) for FLASH_GetBank1Status
    stm32f10x_flash.o(i.FLASH_WaitForLastOperation) refers to stm32f10x_flash.o(i.FLASH_GetBank1Status) for FLASH_GetBank1Status
    stm32f10x_gpio.o(i.GPIO_AFIODeInit) refers to stm32f10x_rcc.o(i.RCC_APB2PeriphResetCmd) for RCC_APB2PeriphResetCmd
    stm32f10x_gpio.o(i.GPIO_DeInit) refers to stm32f10x_rcc.o(i.RCC_APB2PeriphResetCmd) for RCC_APB2PeriphResetCmd
[...]
    i.GPIO_SetBits                           0x08001e0a   Section        0  stm32f10x_gpio.o(i.GPIO_SetBits)
    i.GPIO_WriteBit                          0x08001e0e   Section        0  stm32f10x_gpio.o(i.GPIO_WriteBit)
    i.HardFault_Handler                      0x08001e18   Section        0  stm32f10x_it.o(i.HardFault_Handler)
    i.MFR522_ReadReg                         0x08001e1c   Section        0  myspi.o(i.MFR522_ReadReg)
    i.MemManage_Handler                      0x08001e36   Section        0  stm32f10x_it.o(i.MemManage_Handler)
    i.NMI_Handler                            0x08001e3a   Section        0  stm32f10x_it.o(i.NMI_Handler)
    i.NVIC_Init                              0x08001e3c   Section        0  misc.o(i.NVIC_Init)
    i.NVIC_PriorityGroupConfig               0x08001eac   Section        0  misc.o(i.NVIC_PriorityGroupConfig)
    i.OLED_Clear                             0x08001ec0   Section        0  oled.o(i.OLED_Clear)
    i.OLED_I2C_Init                          0x08001eec   Section        0  oled.o(i.OLED_I2C_Init)
    i.OLED_I2C_SendByte                      0x08001f3c   Section        0  oled.o(i.OLED_I2C_SendByte)
    i.OLED_I2C_Start                         0x08001fb8   Section        0  oled.o(i.OLED_I2C_Start)
    i.OLED_I2C_Stop                          0x08001fec   Section        0  oled.o(i.OLED_I2C_Stop)
    i.OLED_Init                              0x08002014   Section        0  oled.o(i.OLED_Init)
    i.OLED_Pow                               0x080020c2   Section        0  oled.o(i.OLED_Pow)
    i.OLED_SetCursor                         0x080020d6   Section        0  oled.o(i.OLED_SetCursor)
    i.OLED_ShowChar                          0x080020f8   Section        0  oled.o(i.OLED_ShowChar)
    i.OLED_ShowHexNum                        0x0800216c   Section        0  oled.o(i.OLED_ShowHexNum)
    i.OLED_ShowString                        0x080021c0   Section        0  oled.o(i.OLED_ShowString)
    i.OLED_WriteCommand                      0x080021e8   Section        0  oled.o(i.OLED_WriteCommand)
    i.OLED_WriteData                         0x08002208   Section        0  oled.o(i.OLED_WriteData)
    i.RCC_APB2PeriphClockCmd                 0x08002228   Section        0  stm32f10x_rcc.o(i.RCC_APB2PeriphClockCmd)
    i.RCC_GetClocksFreq                      0x08002248   Section        0  stm32f10x_rcc.o(i.RCC_GetClocksFreq)
    i.SPI_Cmd                                0x0800231c   Section        0  stm32f10x_spi.o(i.SPI_Cmd)
    i.SPI_I2S_GetFlagStatus                  0x08002334   Section        0  stm32f10x_spi.o(i.SPI_I2S_GetFlagStatus)
    i.SPI_I2S_ReceiveData                    0x08002346   Section        0  stm32f10x_spi.o(i.SPI_I2S_ReceiveData)
    i.SPI_I2S_SendData                       0x0800234c   Section        0  stm32f10x_spi.o(i.SPI_I2S_SendData)
    i.SPI_Init                               0x08002350   Section        0  stm32f10x_spi.o(i.SPI_Init)
    i.SPI_TransimitReceive                   0x0800238c   Section        0  myspi.o(i.SPI_TransimitReceive)
    i.SPI_int                                0x080023d8   Section        0  myspi.o(i.SPI_int)
    i.SendByte                               0x08002490   Section        0  usart.o(i.SendByte)
    i.Serial_Printf                          0x080024b0   Section        0  usart.o(i.Serial_Printf)
    i.Serial_SendString                      0x08002500   Section        0  usart.o(i.Serial_SendString)
    i.SetSysClock                            0x0800251e   Section        0  system_stm32f10x.o(i.SetSysClock)
    SetSysClock                              0x0800251f   Thumb Code     8  system_stm32f10x.o(i.SetSysClock)
    i.SetSysClockTo72                        0x08002528   Section        0  system_stm32f10x.o(i.SetSysClockTo72)
    SetSysClockTo72                          0x08002529   Thumb Code   214  system_stm32f10x.o(i.SetSysClockTo72)
    i.SysTick_Handler                        0x08002608   Section        0  port.o(i.SysTick_Handler)
    i.SystemInit                             0x0800263c   Section        0  system_stm32f10x.o(i.SystemInit)
    i.USART1_IRQHandler                      0x0800269c   Section        0  usart.o(i.USART1_IRQHandler)
    i.USART_ClearFlag                        0x080026c8   Section        0  stm32f10x_usart.o(i.USART_ClearFlag)
    i.USART_Cmd                              0x080026da   Section        0  stm32f10x_usart.o(i.USART_Cmd)
    i.USART_GetFlagStatus                    0x080026f2   Section        0  stm32f10x_usart.o(i.USART_GetFlagStatus)
    i.USART_GetITStatus                      0x0800270c   Section        0  stm32f10x_usart.o(i.USART_GetITStatus)
    i.USART_ITConfig                         0x08002760   Section        0  stm32f10x_usart.o(i.USART_ITConfig)
    i.USART_Init                             0x080027ac   Section        0  stm32f10x_usart.o(i.USART_Init)
    i.USART_ReceiveData                      0x08002884   Section        0  stm32f10x_usart.o(i.USART_ReceiveData)
    i.USART_SendData                         0x0800288e   Section        0  stm32f10x_usart.o(i.USART_SendData)
    i.UsageFault_Handler                     0x08002896   Section        0  stm32f10x_it.o(i.UsageFault_Handler)
    i.__ARM_fpclassify                       0x0800289a   Section        0  fpclassify.o(i.__ARM_fpclassify)
    i._is_digit                              0x080028c2   Section        0  __printf_wp.o(i._is_digit)
    i.main                                   0x080028d0   Section        0  main.o(i.main)
    i.mytask                                 0x08002974   Section        0  main.o(i.mytask)
    i.prvAddCurrentTaskToDelayedList         0x080029d4   Section        0  tasks.o(i.prvAddCurrentTaskToDelayedList)
    prvAddCurrentTaskToDelayedList           0x080029d5   Thumb Code   164  tasks.o(i.prvAddCurrentTaskToDelayedList)
    i.prvAddNewTaskToReadyList               0x08002a94   Section        0  tasks.o(i.prvAddNewTaskToReadyList)
    prvAddNewTaskToReadyList                 0x08002a95   Thumb Code   200  tasks.o(i.prvAddNewTaskToReadyList)
    i.prvCheckTasksWaitingTermination        0x08002b78   Section        0  tasks.o(i.prvCheckTasksWaitingTermination)
    prvCheckTasksWaitingTermination          0x08002b79   Thumb Code    60  tasks.o(i.prvCheckTasksWaitingTermination)
    i.prvCopyDataToQueue                     0x08002bc0   Section        0  queue.o(i.prvCopyDataToQueue)
    prvCopyDataToQueue                       0x08002bc1   Thumb Code   126  queue.o(i.prvCopyDataToQueue)
    i.prvDeleteTCB                           0x08002c3e   Section        0  tasks.o(i.prvDeleteTCB)
    prvDeleteTCB                             0x08002c3f   Thumb Code    18  tasks.o(i.prvDeleteTCB)
    i.prvGetDisinheritPriorityAfterTimeout   0x08002c50   Section        0  queue.o(i.prvGetDisinheritPriorityAfterTimeout)
    prvGetDisinheritPriorityAfterTimeout     0x08002c51   Thumb Code    20  queue.o(i.prvGetDisinheritPriorityAfterTimeout)
    i.prvHeapInit                            0x08002c64   Section        0  heap_4.o(i.prvHeapInit)
    prvHeapInit                              0x08002c65   Thumb Code    90  heap_4.o(i.prvHeapInit)
    i.prvIdleTask                            0x08002cd4   Section        0  tasks.o(i.prvIdleTask)
    prvIdleTask                              0x08002cd5   Thumb Code    32  tasks.o(i.prvIdleTask)
    i.prvInitialiseMutex                     0x08002cfc   Section        0  queue.o(i.prvInitialiseMutex)
    prvInitialiseMutex                       0x08002cfd   Thumb Code    30  queue.o(i.prvInitialiseMutex)
    i.prvInitialiseNewQueue                  0x08002d1a   Section        0  queue.o(i.prvInitialiseNewQueue)
    prvInitialiseNewQueue                    0x08002d1b   Thumb Code    38  queue.o(i.prvInitialiseNewQueue)
    i.prvInitialiseNewTask                   0x08002d40   Section        0  tasks.o(i.prvInitialiseNewTask)
    prvInitialiseNewTask                     0x08002d41   Thumb Code   124  tasks.o(i.prvInitialiseNewTask)
    i.prvInitialiseTaskLists                 0x08002dbc   Section        0  tasks.o(i.prvInitialiseTaskLists)
    prvInitialiseTaskLists                   0x08002dbd   Thumb Code    70  tasks.o(i.prvInitialiseTaskLists)
    i.prvInsertBlockIntoFreeList             0x08002e24   Section        0  heap_4.o(i.prvInsertBlockIntoFreeList)
    prvInsertBlockIntoFreeList               0x08002e25   Thumb Code    96  heap_4.o(i.prvInsertBlockIntoFreeList)
    i.prvIsQueueEmpty                        0x08002e8c   Section        0  queue.o(i.prvIsQueueEmpty)
    prvIsQueueEmpty                          0x08002e8d   Thumb Code    26  queue.o(i.prvIsQueueEmpty)
    i.prvIsQueueFull                         0x08002ea6   Section        0  queue.o(i.prvIsQueueFull)
    prvIsQueueFull                           0x08002ea7   Thumb Code    30  queue.o(i.prvIsQueueFull)
    i.prvResetNextTaskUnblockTime            0x08002ec4   Section        0  tasks.o(i.prvResetNextTaskUnblockTime)
    prvResetNextTaskUnblockTime              0x08002ec5   Thumb Code    40  tasks.o(i.prvResetNextTaskUnblockTime)
    i.prvTaskExitError                       0x08002ef4   Section        0  port.o(i.prvTaskExitError)
    prvTaskExitError                         0x08002ef5   Thumb Code    22  port.o(i.prvTaskExitError)
    i.prvUnlockQueue                         0x08002f0a   Section        0  queue.o(i.prvUnlockQueue)
    prvUnlockQueue                           0x08002f0b   Thumb Code   126  queue.o(i.prvUnlockQueue)
    i.pvPortMalloc                           0x08002f88   Section        0  heap_4.o(i.pvPortMalloc)
    i.pvTaskIncrementMutexHeldCount          0x0800306c   Section        0  tasks.o(i.pvTaskIncrementMutexHeldCount)
    i.pxPortInitialiseStack                  0x0800308c   Section        0  port.o(i.pxPortInitialiseStack)
    i.spi_test                               0x080030b0   Section        0  main.o(i.spi_test)
    i.usart_int                              0x080030d0   Section        0  usart.o(i.usart_int)
    i.uxListRemove                           0x08003188   Section        0  list.o(i.uxListRemove)
    i.vListInitialise                        0x080031b0   Section        0  list.o(i.vListInitialise)
    i.vListInitialiseItem                    0x080031ca   Section        0  list.o(i.vListInitialiseItem)
    i.vListInsert                            0x080031d0   Section        0  list.o(i.vListInsert)
    i.vPortEnterCritical                     0x08003204   Section        0  port.o(i.vPortEnterCritical)
    i.vPortExitCritical                      0x08003228   Section        0  port.o(i.vPortExitCritical)
    i.vPortFree                              0x08003248   Section        0  heap_4.o(i.vPortFree)
    i.vPortSetupTimerInterrupt               0x08003294   Section        0  port.o(i.vPortSetupTimerInterrupt)
    i.vTaskDelay                             0x080032ac   Section        0  tasks.o(i.vTaskDelay)
    i.vTaskInternalSetTimeOutState           0x080032e0   Section        0  tasks.o(i.vTaskInternalSetTimeOutState)
    i.vTaskMissedYield                       0x080032f8   Section        0  tasks.o(i.vTaskMissedYield)
    i.vTaskPlaceOnEventList                  0x08003304   Section        0  tasks.o(i.vTaskPlaceOnEventList)
    i.vTaskPriorityDisinheritAfterTimeout    0x08003324   Section        0  tasks.o(i.vTaskPriorityDisinheritAfterTimeout)
    i.vTaskStartScheduler                    0x080033f8   Section        0  tasks.o(i.vTaskStartScheduler)
    i.vTaskSuspendAll                        0x08003464   Section        0  tasks.o(i.vTaskSuspendAll)
    i.vTaskSwitchContext                     0x08003474   Section        0  tasks.o(i.vTaskSwitchContext)
    i.xPortStartScheduler                    0x080034d4   Section        0  port.o(i.xPortStartScheduler)
    i.xQueueCreateMutex                      0x08003508   Section        0  queue.o(i.xQueueCreateMutex)
    i.xQueueGenericCreate                    0x0800352a   Section        0  queue.o(i.xQueueGenericCreate)
    i.xQueueGenericReset                     0x08003578   Section        0  queue.o(i.xQueueGenericReset)
    i.xQueueGenericSend                      0x08003618   Section        0  queue.o(i.xQueueGenericSend)
    i.xQueueSemaphoreTake                    0x08003730   Section        0  queue.o(i.xQueueSemaphoreTake)
    i.xTaskCheckForTimeOut                   0x08003860   Section        0  tasks.o(i.xTaskCheckForTimeOut)
    i.xTaskCreate                            0x080038c0   Section        0  tasks.o(i.xTaskCreate)
    i.xTaskIncrementTick                     0x08003928   Section        0  tasks.o(i.xTaskIncrementTick)
    i.xTaskPriorityDisinherit                0x08003ab8   Section        0  tasks.o(i.xTaskPriorityDisinherit)
    i.xTaskPriorityInherit                   0x08003b64   Section        0  tasks.o(i.xTaskPriorityInherit)
    i.xTaskRemoveFromEventList               0x08003c50   Section        0  tasks.o(i.xTaskRemoveFromEventList)
    i.xTaskResumeAll                         0x08003d58   Section        0  tasks.o(i.xTaskResumeAll)
    locale$$code                             0x08003eb4   Section       44  lc_numeric_c.o(locale$$code)
    locale$$code                             0x08003ee0   Section       44  lc_ctype_c.o(locale$$code)
    x$fpl$printf1                            0x08003f0c   Section        4  printf1.o(x$fpl$printf1)
    x$fpl$printf2                            0x08003f10   Section        4  printf2.o(x$fpl$printf2)
    .constdata                               0x08003f14   Section     1520  oled.o(.constdata)
    x$fpl$usenofp                            0x08003f14   Section        0  usenofp.o(x$fpl$usenofp)
    .constdata                               0x08004504   Section        8  _printf_wctomb.o(.constdata)
    initial_mbstate                          0x08004504   Data           8  _printf_wctomb.o(.constdata)
    .constdata                               0x0800450c   Section       40  _printf_hex_int_ll_ptr.o(.constdata)
    uc_hextab                                0x0800450c   Data          20  _printf_hex_int_ll_ptr.o(.constdata)
    lc_hextab                                0x08004520   Data          20  _printf_hex_int_ll_ptr.o(.constdata)
    .constdata                               0x08004534   Section       17  __printf_flags_ss_wp.o(.constdata)
    maptable                                 0x08004534   Data          17  __printf_flags_ss_wp.o(.constdata)
    .constdata                               0x08004545   Section       38  _printf_fp_hex.o(.constdata)
    lc_hextab                                0x08004545   Data          19  _printf_fp_hex.o(.constdata)
    uc_hextab                                0x08004558   Data          19  _printf_fp_hex.o(.constdata)
    .constdata                               0x0800456c   Section      148  bigflt0.o(.constdata)
    tenpwrs_x                                0x0800456c   Data          60  bigflt0.o(.constdata)
    tenpwrs_i                                0x080045a8   Data          64  bigflt0.o(.constdata)
    locale$$data                             0x08004620   Section       28  lc_numeric_c.o(locale$$data)
    __lcnum_c_name                           0x08004624   Data           2  lc_numeric_c.o(locale$$data)
    __lcnum_c_start                          0x0800462c   Data           0  lc_numeric_c.o(locale$$data)
    __lcnum_c_point                          0x08004638   Data           0  lc_numeric_c.o(locale$$data)
    __lcnum_c_thousands                      0x0800463a   Data           0  lc_numeric_c.o(locale$$data)
    __lcnum_c_grouping                       0x0800463b   Data           0  lc_numeric_c.o(locale$$data)
    locale$$data                             0x0800463c   Section      272  lc_ctype_c.o(locale$$data)
    __lcnum_c_end                            0x0800463c   Data           0  lc_numeric_c.o(locale$$data)
    __lcctype_c_name                         0x08004640   Data           2  lc_ctype_c.o(locale$$data)
    __lcctype_c_start                        0x08004648   Data           0  lc_ctype_c.o(locale$$data)
    __lcctype_c_end                          0x0800474c   Data           0  lc_ctype_c.o(locale$$data)
    .data                                    0x20000000   Section       20  stm32f10x_rcc.o(.data)
    APBAHBPrescTable                         0x20000000   Data          16  stm32f10x_rcc.o(.data)
    ADCPrescTable                            0x20000010   Data           4  stm32f10x_rcc.o(.data)
    .data                                    0x20000014   Section       64  tasks.o(.data)
    pxDelayedTaskList                        0x20000018   Data           4  tasks.o(.data)
    pxOverflowDelayedTaskList                0x2000001c   Data           4  tasks.o(.data)
    uxDeletedTasksWaitingCleanUp             0x20000020   Data           4  tasks.o(.data)
    uxCurrentNumberOfTasks                   0x20000024   Data           4  tasks.o(.data)
    xTickCount                               0x20000028   Data           4  tasks.o(.data)
    uxTopReadyPriority                       0x2000002c   Data           4  tasks.o(.data)
    xSchedulerRunning                        0x20000030   Data           4  tasks.o(.data)
    xPendedTicks                             0x20000034   Data           4  tasks.o(.data)
    xYieldPending                            0x20000038   Data           4  tasks.o(.data)
    xNumOfOverflows                          0x2000003c   Data           4  tasks.o(.data)
    uxTaskNumber                             0x20000040   Data           4  tasks.o(.data)
    xNextTaskUnblockTime                     0x20000044   Data           4  tasks.o(.data)
    xIdleTaskHandle                          0x20000048   Data           4  tasks.o(.data)
    uxSchedulerSuspended                     0x20000050   Data           4  tasks.o(.data)
    .data                                    0x20000054   Section       28  heap_4.o(.data)
    xStart                                   0x20000054   Data           8  heap_4.o(.data)
    pxEnd                                    0x2000005c   Data           4  heap_4.o(.data)
    xFreeBytesRemaining                      0x20000060   Data           4  heap_4.o(.data)
    xMinimumEverFreeBytesRemaining           0x20000064   Data           4  heap_4.o(.data)
    xNumberOfSuccessfulAllocations           0x20000068   Data           4  heap_4.o(.data)
    xNumberOfSuccessfulFrees                 0x2000006c   Data           4  heap_4.o(.data)
    .data                                    0x20000070   Section        4  port.o(.data)
    uxCriticalNesting                        0x20000070   Data           4  port.o(.data)
    .data                                    0x20000074   Section       16  main.o(.data)
    .bss                                     0x20000084   Section      200  tasks.o(.bss)
    pxReadyTasksLists                        0x20000084   Data         100  tasks.o(.bss)
    xDelayedTaskList1                        0x200000e8   Data          20  tasks.o(.bss)
    xDelayedTaskList2                        0x200000fc   Data          20  tasks.o(.bss)
    xPendingReadyList                        0x20000110   Data          20  tasks.o(.bss)
    xTasksWaitingTermination                 0x20000124   Data          20  tasks.o(.bss)
    xSuspendedTaskList                       0x20000138   Data          20  tasks.o(.bss)
    .bss                                     0x2000014c   Section    17408  heap_4.o(.bss)
    ucHeap                                   0x2000014c   Data       17408  heap_4.o(.bss)
    .bss                                     0x2000454c   Section       96  libspace.o(.bss)
    HEAP                                     0x200045b0   Section      512  startup_stm32f10x_md.o(HEAP)
    Heap_Mem                                 0x200045b0   Data         512  startup_stm32f10x_md.o(HEAP)
    STACK                                    0x200047b0   Section     1024  startup_stm32f10x_md.o(STACK)
    Stack_Mem                                0x200047b0   Data        1024  startup_stm32f10x_md.o(STACK)
    __initial_sp                             0x20004bb0   Data           0  startup_stm32f10x_md.o(STACK)

    Global Symbols

    Symbol Name                              Value     Ov Type        Size  Object(Section)

    BuildAttributes$$THM_ISAv4$P$D$K$B$S$PE$A:L22UL41UL21$X:L11$S22US41US21$IEEE1$IW$USESV6$~STKCKD$USESV7$~SHL$OTIME$ROPI$IEEEJ$EBA8$UX$STANDARDLIB$REQ8$PRES8$EABIv2 0x00000000   Number         0  anon$$obj.o ABSOLUTE
    __ARM_use_no_argv                        0x00000000   Number         0  main.o ABSOLUTE
    _printf_flags                            0x00000000   Number         0  printf_stubs.o ABSOLUTE
    _printf_return_value                     0x00000000   Number         0  printf_stubs.o ABSOLUTE
    _printf_sizespec                         0x00000000   Number         0  printf_stubs.o ABSOLUTE
    _printf_widthprec                        0x00000000   Number         0  printf_stubs.o ABSOLUTE
    __ARM_exceptions_init                     - Undefined Weak Reference
    __alloca_initialize                       - Undefined Weak Reference
    __arm_preinit_                            - Undefined Weak Reference
    __cpp_initialize__aeabi_                  - Undefined Weak Reference
    __cxa_finalize                            - Undefined Weak Reference
    __sigvec_lookup                           - Undefined Weak Reference
    _atexit_init                              - Undefined Weak Reference
    _call_atexit_fns                          - Undefined Weak Reference
    _clock_init                               - Undefined Weak Reference
    _fp_trap_init                             - Undefined Weak Reference
    _fp_trap_shutdown                         - Undefined Weak Reference
    _get_lc_collate                           - Undefined Weak Reference
    _get_lc_monetary                          - Undefined Weak Reference
    _get_lc_time                              - Undefined Weak Reference
    _getenv_init                              - Undefined Weak Reference
    _handle_redirection                       - Undefined Weak Reference
    _init_alloc                               - Undefined Weak Reference
    _init_user_alloc                          - Undefined Weak Reference
    _initio                                   - Undefined Weak Reference
    _printf_mbtowc                            - Undefined Weak Reference
    _printf_wc                                - Undefined Weak Reference
    _rand_init                                - Undefined Weak Reference
    _signal_finish                            - Undefined Weak Reference
    _signal_init                              - Undefined Weak Reference
    _terminate_alloc                          - Undefined Weak Reference
    _terminate_user_alloc                     - Undefined Weak Reference
    _terminateio                              - Undefined Weak Reference
    __Vectors_Size                           0x000000ec   Number         0  startup_stm32f10x_md.o ABSOLUTE
    __Vectors                                0x08000000   Data           4  startup_stm32f10x_md.o(RESET)
    __Vectors_End                            0x080000ec   Data           0  startup_stm32f10x_md.o(RESET)
    __main                                   0x080000ed   Thumb Code     8  __main.o(!!!main)
    __scatterload                            0x080000f5   Thumb Code     0  __scatter.o(!!!scatter)
    __scatterload_rt2                        0x080000f5   Thumb Code    44  __scatter.o(!!!scatter)
    __scatterload_rt2_thumb_only             0x080000f5   Thumb Code     0  __scatter.o(!!!scatter)
    __scatterload_null                       0x08000103   Thumb Code     0  __scatter.o(!!!scatter)
    __scatterload_copy                       0x08000129   Thumb Code    26  __scatter_copy.o(!!handler_copy)
    __scatterload_zeroinit                   0x08000145   Thumb Code    28  __scatter_zi.o(!!handler_zi)
    _printf_n                                0x08000161   Thumb Code     0  _printf_n.o(.ARM.Collect$$_printf_percent$$00000001)
    _printf_percent                          0x08000161   Thumb Code     0  _printf_percent.o(.ARM.Collect$$_printf_percent$$00000000)
    _printf_p                                0x08000167   Thumb Code     0  _printf_p.o(.ARM.Collect$$_printf_percent$$00000002)
    _printf_f                                0x0800016d   Thumb Code     0  _printf_f.o(.ARM.Collect$$_printf_percent$$00000003)
    _printf_e                                0x08000173   Thumb Code     0  _printf_e.o(.ARM.Collect$$_printf_percent$$00000004)
    _printf_g                                0x08000179   Thumb Code     0  _printf_g.o(.ARM.Collect$$_printf_percent$$00000005)
    _printf_a                                0x0800017f   Thumb Code     0  _printf_a.o(.ARM.Collect$$_printf_percent$$00000006)
    _printf_ll                               0x08000185   Thumb Code     0  _printf_ll.o(.ARM.Collect$$_printf_percent$$00000007)
    _printf_i                                0x0800018f   Thumb Code     0  _printf_i.o(.ARM.Collect$$_printf_percent$$00000008)
    _printf_d                                0x08000195   Thumb Code     0  _printf_d.o(.ARM.Collect$$_printf_percent$$00000009)
    _printf_u                                0x0800019b   Thumb Code     0  _printf_u.o(.ARM.Collect$$_printf_percent$$0000000A)
    _printf_o                                0x080001a1   Thumb Code     0  _printf_o.o(.ARM.Collect$$_printf_percent$$0000000B)
    _printf_x                                0x080001a7   Thumb Code     0  _printf_x.o(.ARM.Collect$$_printf_percent$$0000000C)
    _printf_lli                              0x080001ad   Thumb Code     0  _printf_lli.o(.ARM.Collect$$_printf_percent$$0000000D)
    _printf_lld                              0x080001b3   Thumb Code     0  _printf_lld.o(.ARM.Collect$$_printf_percent$$0000000E)
    _printf_llu                              0x080001b9   Thumb Code     0  _printf_llu.o(.ARM.Collect$$_printf_percent$$0000000F)
    _printf_llo                              0x080001bf   Thumb Code     0  _printf_llo.o(.ARM.Collect$$_printf_percent$$00000010)
    _printf_llx                              0x080001c5   Thumb Code     0  _printf_llx.o(.ARM.Collect$$_printf_percent$$00000011)
    _printf_l                                0x080001cb   Thumb Code     0  _printf_l.o(.ARM.Collect$$_printf_percent$$00000012)
    _printf_c                                0x080001d5   Thumb Code     0  _printf_c.o(.ARM.Collect$$_printf_percent$$00000013)
    _printf_s                                0x080001db   Thumb Code     0  _printf_s.o(.ARM.Collect$$_printf_percent$$00000014)
    _printf_lc                               0x080001e1   Thumb Code     0  _printf_lc.o(.ARM.Collect$$_printf_percent$$00000015)
    _printf_ls                               0x080001e7   Thumb Code     0  _printf_ls.o(.ARM.Collect$$_printf_percent$$00000016)
    _printf_percent_end                      0x080001ed   Thumb Code     0  _printf_percent_end.o(.ARM.Collect$$_printf_percent$$00000017)
    __rt_lib_init                            0x080001f1   Thumb Code     0  libinit.o(.ARM.Collect$$libinit$$00000000)
    __rt_lib_init_fp_1                       0x080001f3   Thumb Code     0  libinit2.o(.ARM.Collect$$libinit$$00000002)
    __rt_lib_init_heap_1                     0x080001f3   Thumb Code     0  libinit2.o(.ARM.Collect$$libinit$$0000000A)
    __rt_lib_init_lc_common                  0x080001f3   Thumb Code     0  libinit2.o(.ARM.Collect$$libinit$$0000000F)
    __rt_lib_init_preinit_1                  0x080001f3   Thumb Code     0  libinit2.o(.ARM.Collect$$libinit$$00000004)
    __rt_lib_init_rand_1                     0x080001f3   Thumb Code     0  libinit2.o(.ARM.Collect$$libinit$$0000000E)
    __rt_lib_init_user_alloc_1               0x080001f3   Thumb Code     0  libinit2.o(.ARM.Collect$$libinit$$0000000C)
    __rt_lib_init_lc_collate_1               0x080001f9   Thumb Code     0  libinit2.o(.ARM.Collect$$libinit$$00000011)
    __rt_lib_init_lc_ctype_2                 0x080001f9   Thumb Code     0  libinit2.o(.ARM.Collect$$libinit$$00000012)
    __rt_lib_init_lc_ctype_1                 0x08000205   Thumb Code     0  libinit2.o(.ARM.Collect$$libinit$$00000013)
    __rt_lib_init_lc_monetary_1              0x08000205   Thumb Code     0  libinit2.o(.ARM.Collect$$libinit$$00000015)
    __rt_lib_init_lc_numeric_2               0x08000205   Thumb Code     0  libinit2.o(.ARM.Collect$$libinit$$00000016)
    __rt_lib_init_alloca_1                   0x0800020f   Thumb Code     0  libinit2.o(.ARM.Collect$$libinit$$0000002E)
    __rt_lib_init_argv_1                     0x0800020f   Thumb Code     0  libinit2.o(.ARM.Collect$$libinit$$0000002C)
    __rt_lib_init_atexit_1                   0x0800020f   Thumb Code     0  libinit2.o(.ARM.Collect$$libinit$$0000001B)
    __rt_lib_init_clock_1                    0x0800020f   Thumb Code     0  libinit2.o(.ARM.Collect$$libinit$$00000021)
    __rt_lib_init_cpp_1                      0x0800020f   Thumb Code     0  libinit2.o(.ARM.Collect$$libinit$$00000032)
    __rt_lib_init_exceptions_1               0x0800020f   Thumb Code     0  libinit2.o(.ARM.Collect$$libinit$$00000030)
    __rt_lib_init_fp_trap_1                  0x0800020f   Thumb Code     0  libinit2.o(.ARM.Collect$$libinit$$0000001F)
    __rt_lib_init_getenv_1                   0x0800020f   Thumb Code     0  libinit2.o(.ARM.Collect$$libinit$$00000023)
    __rt_lib_init_lc_numeric_1               0x0800020f   Thumb Code     0  libinit2.o(.ARM.Collect$$libinit$$00000017)
    __rt_lib_init_lc_time_1                  0x0800020f   Thumb Code     0  libinit2.o(.ARM.Collect$$libinit$$00000019)
    __rt_lib_init_return                     0x0800020f   Thumb Code     0  libinit2.o(.ARM.Collect$$libinit$$00000033)
    __rt_lib_init_signal_1                   0x0800020f   Thumb Code     0  libinit2.o(.ARM.Collect$$libinit$$0000001D)
    __rt_lib_init_stdio_1                    0x0800020f   Thumb Code     0  libinit2.o(.ARM.Collect$$libinit$$00000025)
    __rt_lib_shutdown                        0x08000211   Thumb Code     0  libshutdown.o(.ARM.Collect$$libshutdown$$00000000)
    __rt_lib_shutdown_cpp_1                  0x08000213   Thumb Code     0  libshutdown2.o(.ARM.Collect$$libshutdown$$00000002)
    __rt_lib_shutdown_fp_trap_1              0x08000213   Thumb Code     0  libshutdown2.o(.ARM.Collect$$libshutdown$$00000007)
    __rt_lib_shutdown_heap_1                 0x08000213   Thumb Code     0  libshutdown2.o(.ARM.Collect$$libshutdown$$0000000F)
    __rt_lib_shutdown_return                 0x08000213   Thumb Code     0  libshutdown2.o(.ARM.Collect$$libshutdown$$00000010)
    __rt_lib_shutdown_signal_1               0x08000213   Thumb Code     0  libshutdown2.o(.ARM.Collect$$libshutdown$$0000000A)
    __rt_lib_shutdown_stdio_1                0x08000213   Thumb Code     0  libshutdown2.o(.ARM.Collect$$libshutdown$$00000004)
    __rt_lib_shutdown_user_alloc_1           0x08000213   Thumb Code     0  libshutdown2.o(.ARM.Collect$$libshutdown$$0000000C)
    __rt_entry                               0x08000215   Thumb Code     0  __rtentry.o(.ARM.Collect$$rtentry$$00000000)
    __rt_entry_presh_1                       0x08000215   Thumb Code     0  __rtentry2.o(.ARM.Collect$$rtentry$$00000002)
    __rt_entry_sh                            0x08000215   Thumb Code     0  __rtentry4.o(.ARM.Collect$$rtentry$$00000004)
    __rt_entry_li                            0x0800021b   Thumb Code     0  __rtentry2.o(.ARM.Collect$$rtentry$$0000000A)
    __rt_entry_postsh_1                      0x0800021b   Thumb Code     0  __rtentry2.o(.ARM.Collect$$rtentry$$00000009)
    __rt_entry_main                          0x0800021f   Thumb Code     0  __rtentry2.o(.ARM.Collect$$rtentry$$0000000D)
    __rt_entry_postli_1                      0x0800021f   Thumb Code     0  __rtentry2.o(.ARM.Collect$$rtentry$$0000000C)
    __rt_exit                                0x08000227   Thumb Code     0  rtexit.o(.ARM.Collect$$rtexit$$00000000)
    __rt_exit_ls                             0x08000229   Thumb Code     0  rtexit2.o(.ARM.Collect$$rtexit$$00000003)
    __rt_exit_prels_1                        0x08000229   Thumb Code     0  rtexit2.o(.ARM.Collect$$rtexit$$00000002)
    __rt_exit_exit                           0x0800022d   Thumb Code     0  rtexit2.o(.ARM.Collect$$rtexit$$00000004)
    SVC_Handler                              0x08000235   Thumb Code    32  port.o(.emb_text)
    __asm___6_port_c_39a90d8d__prvStartFirstTask 0x08000259   Thumb Code    28  port.o(.emb_text)
    PendSV_Handler                           0x08000279   Thumb Code    72  port.o(.emb_text)
    vPortGetIPSR                             0x080002c5   Thumb Code     6  port.o(.emb_text)
    Reset_Handler                            0x080002cd   Thumb Code     8  startup_stm32f10x_md.o(.text)
    ADC1_2_IRQHandler                        0x080002e7   Thumb Code     0  startup_stm32f10x_md.o(.text)
    CAN1_RX1_IRQHandler                      0x080002e7   Thumb Code     0  startup_stm32f10x_md.o(.text)
    CAN1_SCE_IRQHandler                      0x080002e7   Thumb Code     0  startup_stm32f10x_md.o(.text)
    DMA1_Channel1_IRQHandler                 0x080002e7   Thumb Code     0  startup_stm32f10x_md.o(.text)
    DMA1_Channel2_IRQHandler                 0x080002e7   Thumb Code     0  startup_stm32f10x_md.o(.text)
    DMA1_Channel3_IRQHandler                 0x080002e7   Thumb Code     0  startup_stm32f10x_md.o(.text)
    DMA1_Channel4_IRQHandler                 0x080002e7   Thumb Code     0  startup_stm32f10x_md.o(.text)
    DMA1_Channel5_IRQHandler                 0x080002e7   Thumb Code     0  startup_stm32f10x_md.o(.text)
    DMA1_Channel6_IRQHandler                 0x080002e7   Thumb Code     0  startup_stm32f10x_md.o(.text)
    DMA1_Channel7_IRQHandler                 0x080002e7   Thumb Code     0  startup_stm32f10x_md.o(.text)
    EXTI0_IRQHandler                         0x080002e7   Thumb Code     0  startup_stm32f10x_md.o(.text)
    EXTI15_10_IRQHandler                     0x080002e7   Thumb Code     0  startup_stm32f10x_md.o(.text)
    EXTI1_IRQHandler                         0x080002e7   Thumb Code     0  startup_stm32f10x_md.o(.text)
    EXTI2_IRQHandler                         0x080002e7   Thumb Code     0  startup_stm32f10x_md.o(.text)
    EXTI3_IRQHandler                         0x080002e7   Thumb Code     0  startup_stm32f10x_md.o(.text)
    EXTI4_IRQHandler                         0x080002e7   Thumb Code     0  startup_stm32f10x_md.o(.text)
    EXTI9_5_IRQHandler                       0x080002e7   Thumb Code     0  startup_stm32f10x_md.o(.text)
    FLASH_IRQHandler                         0x080002e7   Thumb Code     0  startup_stm32f10x_md.o(.text)
    I2C1_ER_IRQHandler                       0x080002e7   Thumb Code     0  startup_stm32f10x_md.o(.text)
    I2C1_EV_IRQHandler                       0x080002e7   Thumb Code     0  startup_stm32f10x_md.o(.text)
    I2C2_ER_IRQHandler                       0x080002e7   Thumb Code     0  startup_stm32f10x_md.o(.text)
    I2C2_EV_IRQHandler                       0x080002e7   Thumb Code     0  startup_stm32f10x_md.o(.text)
    PVD_IRQHandler                           0x080002e7   Thumb Code     0  startup_stm32f10x_md.o(.text)
    RCC_IRQHandler                           0x080002e7   Thumb Code     0  startup_stm32f10x_md.o(.text)
    RTCAlarm_IRQHandler                      0x080002e7   Thumb Code     0  startup_stm32f10x_md.o(.text)
    RTC_IRQHandler                           0x080002e7   Thumb Code     0  startup_stm32f10x_md.o(.text)
    SPI1_IRQHandler                          0x080002e7   Thumb Code     0  startup_stm32f10x_md.o(.text)
    SPI2_IRQHandler                          0x080002e7   Thumb Code     0  startup_stm32f10x_md.o(.text)
    TAMPER_IRQHandler                        0x080002e7   Thumb Code     0  startup_stm32f10x_md.o(.text)
    TIM1_BRK_IRQHandler                      0x080002e7   Thumb Code     0  startup_stm32f10x_md.o(.text)
    TIM1_CC_IRQHandler                       0x080002e7   Thumb Code     0  startup_stm32f10x_md.o(.text)
    TIM1_TRG_COM_IRQHandler                  0x080002e7   Thumb Code     0  startup_stm32f10x_md.o(.text)
    TIM1_UP_IRQHandler                       0x080002e7   Thumb Code     0  startup_stm32f10x_md.o(.text)
    TIM2_IRQHandler                          0x080002e7   Thumb Code     0  startup_stm32f10x_md.o(.text)
    TIM3_IRQHandler                          0x080002e7   Thumb Code     0  startup_stm32f10x_md.o(.text)
    TIM4_IRQHandler                          0x080002e7   Thumb Code     0  startup_stm32f10x_md.o(.text)
    USART2_IRQHandler                        0x080002e7   Thumb Code     0  startup_stm32f10x_md.o(.text)
    USART3_IRQHandler                        0x080002e7   Thumb Code     0  startup_stm32f10x_md.o(.text)
    USBWakeUp_IRQHandler                     0x080002e7   Thumb Code     0  startup_stm32f10x_md.o(.text)
    USB_HP_CAN1_TX_IRQHandler                0x080002e7   Thumb Code     0  startup_stm32f10x_md.o(.text)
    USB_LP_CAN1_RX0_IRQHandler               0x080002e7   Thumb Code     0  startup_stm32f10x_md.o(.text)
    WWDG_IRQHandler                          0x080002e7   Thumb Code     0  startup_stm32f10x_md.o(.text)
    __user_initial_stackheap                 0x080002e9   Thumb Code     0  startup_stm32f10x_md.o(.text)
    vsnprintf                                0x0800030d   Thumb Code    48  vsnprintf.o(.text)
    __aeabi_memcpy                           0x08000341   Thumb Code     0  rt_memcpy_v6.o(.text)
    __rt_memcpy                              0x08000341   Thumb Code   138  rt_memcpy_v6.o(.text)
    _memcpy_lastbytes                        0x080003a7   Thumb Code     0  rt_memcpy_v6.o(.text)
    __aeabi_memclr4                          0x080003cb   Thumb Code     0  rt_memclr_w.o(.text)
    __aeabi_memclr8                          0x080003cb   Thumb Code     0  rt_memclr_w.o(.text)
    __rt_memclr_w                            0x080003cb   Thumb Code    78  rt_memclr_w.o(.text)
    _memset_w                                0x080003cf   Thumb Code     0  rt_memclr_w.o(.text)
    __use_two_region_memory                  0x08000419   Thumb Code     2  heapauxi.o(.text)
    __rt_heap_escrow$2region                 0x0800041b   Thumb Code     2  heapauxi.o(.text)
    __rt_heap_expand$2region                 0x0800041d   Thumb Code     2  heapauxi.o(.text)
    _printf_pre_padding                      0x0800041f   Thumb Code    44  _printf_pad.o(.text)
    _printf_post_padding                     0x0800044b   Thumb Code    34  _printf_pad.o(.text)
    _printf_truncate_signed                  0x0800046d   Thumb Code    18  _printf_truncate.o(.text)
    _printf_truncate_unsigned                0x0800047f   Thumb Code    18  _printf_truncate.o(.text)
    _printf_str                              0x08000491   Thumb Code    82  _printf_str.o(.text)
    _printf_int_dec                          0x080004e5   Thumb Code   104  _printf_dec.o(.text)
    _printf_charcount                        0x0800055d   Thumb Code    40  _printf_charcount.o(.text)
    _printf_char_common                      0x0800058f   Thumb Code    32  _printf_char_common.o(.text)
    _sputc                                   0x080005b5   Thumb Code    10  _sputc.o(.text)
    _snputc                                  0x080005bf   Thumb Code    16  _snputc.o(.text)
    _printf_wctomb                           0x080005d1   Thumb Code   182  _printf_wctomb.o(.text)
    _printf_longlong_dec                     0x0800068d   Thumb Code   108  _printf_longlong_dec.o(.text)
    _printf_longlong_oct                     0x08000709   Thumb Code    66  _printf_oct_int_ll.o(.text)
    _printf_int_oct                          0x0800074b   Thumb Code    24  _printf_oct_int_ll.o(.text)
    _printf_ll_oct                           0x08000763   Thumb Code    12  _printf_oct_int_ll.o(.text)
    _printf_longlong_hex                     0x08000779   Thumb Code    86  _printf_hex_int_ll_ptr.o(.text)
    _printf_int_hex                          0x080007cf   Thumb Code    28  _printf_hex_int_ll_ptr.o(.text)
    _printf_ll_hex                           0x080007eb   Thumb Code    12  _printf_hex_int_ll_ptr.o(.text)
    _printf_hex_ptr                          0x080007f7   Thumb Code    18  _printf_hex_int_ll_ptr.o(.text)
    __printf                                 0x0800080d   Thumb Code   388  __printf_flags_ss_wp.o(.text)
    __aeabi_memcpy4                          0x08000995   Thumb Code     0  rt_memcpy_w.o(.text)
    __aeabi_memcpy8                          0x08000995   Thumb Code     0  rt_memcpy_w.o(.text)
    __rt_memcpy_w                            0x08000995   Thumb Code   100  rt_memcpy_w.o(.text)
    _memcpy_lastbytes_aligned                0x080009dd   Thumb Code     0  rt_memcpy_w.o(.text)
    _ll_udiv10                               0x080009f9   Thumb Code   138  lludiv10.o(.text)
    _printf_int_common                       0x08000a83   Thumb Code   178  _printf_intcommon.o(.text)
    __lib_sel_fp_printf                      0x08000b35   Thumb Code     2  _printf_fp_dec.o(.text)
    _printf_fp_dec_real                      0x08000ce7   Thumb Code   620  _printf_fp_dec.o(.text)
    _printf_fp_hex_real                      0x08000f55   Thumb Code   756  _printf_fp_hex.o(.text)
    _printf_cs_common                        0x08001251   Thumb Code    20  _printf_char.o(.text)
    _printf_char                             0x08001265   Thumb Code    16  _printf_char.o(.text)
    _printf_string                           0x08001275   Thumb Code     8  _printf_char.o(.text)
    _printf_lcs_common                       0x0800127d   Thumb Code    20  _printf_wchar.o(.text)
    _printf_wchar                            0x08001291   Thumb Code    16  _printf_wchar.o(.text)
    _printf_wstring                          0x080012a1   Thumb Code     8  _printf_wchar.o(.text)
    _wcrtomb                                 0x080012a9   Thumb Code    64  _wcrtomb.o(.text)
    __user_setup_stackheap                   0x080012e9   Thumb Code    74  sys_stackheap_outer.o(.text)
    __rt_ctype_table                         0x08001335   Thumb Code    16  rt_ctype_table.o(.text)
    __rt_locale                              0x08001345   Thumb Code     8  rt_locale_intlibspace.o(.text)
    _printf_fp_infnan                        0x0800134d   Thumb Code   112  _printf_fp_infnan.o(.text)
    _btod_etento                             0x080013cd   Thumb Code   224  bigflt0.o(.text)
    exit                                     0x080014b1   Thumb Code    18  exit.o(.text)
    __user_libspace                          0x080014c5   Thumb Code     8  libspace.o(.text)
    __user_perproc_libspace                  0x080014c5   Thumb Code     0  libspace.o(.text)
    __user_perthread_libspace                0x080014c5   Thumb Code     0  libspace.o(.text)
    strcmp                                   0x080014cd   Thumb Code   128  strcmpv7m.o(.text)
    _sys_exit                                0x0800154d   Thumb Code     8  sys_exit.o(.text)
    __I$use$semihosting                      0x08001559   Thumb Code     0  use_no_semi.o(.text)
    __use_no_semihosting_swi                 0x08001559   Thumb Code     2  use_no_semi.o(.text)
    __semihosting_library_function           0x0800155b   Thumb Code     0  indicate_semi.o(.text)
    _btod_d2e                                0x0800155b   Thumb Code    62  btod.o(CL$$btod_d2e)
    _d2e_denorm_low                          0x08001599   Thumb Code    70  btod.o(CL$$btod_d2e_denorm_low)
    _d2e_norm_op1                            0x080015df   Thumb Code    96  btod.o(CL$$btod_d2e_norm_op1)
    __btod_div_common                        0x0800163f   Thumb Code   696  btod.o(CL$$btod_div_common)
    _e2e                                     0x08001977   Thumb Code   220  btod.o(CL$$btod_e2e)
    _btod_ediv                               0x08001a53   Thumb Code    42  btod.o(CL$$btod_ediv)
    _btod_emul                               0x08001a7d   Thumb Code    42  btod.o(CL$$btod_emul)
    __btod_mult_common                       0x08001aa7   Thumb Code   580  btod.o(CL$$btod_mult_common)
    BusFault_Handler                         0x08001ceb   Thumb Code     4  stm32f10x_it.o(i.BusFault_Handler)
    DebugMon_Handler                         0x08001cef   Thumb Code     2  stm32f10x_it.o(i.DebugMon_Handler)
    GPIO_Init                                0x08001cf1   Thumb Code   278  stm32f10x_gpio.o(i.GPIO_Init)
    GPIO_ResetBits                           0x08001e07   Thumb Code     4  stm32f10x_gpio.o(i.GPIO_ResetBits)
    GPIO_SetBits                             0x08001e0b   Thumb Code     4  stm32f10x_gpio.o(i.GPIO_SetBits)
    GPIO_WriteBit                            0x08001e0f   Thumb Code    10  stm32f10x_gpio.o(i.GPIO_WriteBit)
    HardFault_Handler                        0x08001e19   Thumb Code     4  stm32f10x_it.o(i.HardFault_Handler)
    MFR522_ReadReg                           0x08001e1d   Thumb Code    26  myspi.o(i.MFR522_ReadReg)
    MemManage_Handler                        0x08001e37   Thumb Code     4  stm32f10x_it.o(i.MemManage_Handler)
    NMI_Handler                              0x08001e3b   Thumb Code     2  stm32f10x_it.o(i.NMI_Handler)
    NVIC_Init                                0x08001e3d   Thumb Code   100  misc.o(i.NVIC_Init)
    NVIC_PriorityGroupConfig                 0x08001ead   Thumb Code    10  misc.o(i.NVIC_PriorityGroupConfig)
    OLED_Clear                               0x08001ec1   Thumb Code    42  oled.o(i.OLED_Clear)
    OLED_I2C_Init                            0x08001eed   Thumb Code    76  oled.o(i.OLED_I2C_Init)
    OLED_I2C_SendByte                        0x08001f3d   Thumb Code   114  oled.o(i.OLED_I2C_SendByte)
    OLED_I2C_Start                           0x08001fb9   Thumb Code    48  oled.o(i.OLED_I2C_Start)
    OLED_I2C_Stop                            0x08001fed   Thumb Code    36  oled.o(i.OLED_I2C_Stop)
    OLED_Init                                0x08002015   Thumb Code   174  oled.o(i.OLED_Init)
    OLED_Pow                                 0x080020c3   Thumb Code    20  oled.o(i.OLED_Pow)
    OLED_SetCursor                           0x080020d7   Thumb Code    34  oled.o(i.OLED_SetCursor)
    OLED_ShowChar                            0x080020f9   Thumb Code   110  oled.o(i.OLED_ShowChar)
    OLED_ShowHexNum                          0x0800216d   Thumb Code    84  oled.o(i.OLED_ShowHexNum)
    OLED_ShowString                          0x080021c1   Thumb Code    40  oled.o(i.OLED_ShowString)
    OLED_WriteCommand                        0x080021e9   Thumb Code    32  oled.o(i.OLED_WriteCommand)
    OLED_WriteData                           0x08002209   Thumb Code    32  oled.o(i.OLED_WriteData)
    RCC_APB2PeriphClockCmd                   0x08002229   Thumb Code    26  stm32f10x_rcc.o(i.RCC_APB2PeriphClockCmd)
    RCC_GetClocksFreq                        0x08002249   Thumb Code   192  stm32f10x_rcc.o(i.RCC_GetClocksFreq)
    SPI_Cmd                                  0x0800231d   Thumb Code    24  stm32f10x_spi.o(i.SPI_Cmd)
    SPI_I2S_GetFlagStatus                    0x08002335   Thumb Code    18  stm32f10x_spi.o(i.SPI_I2S_GetFlagStatus)
    SPI_I2S_ReceiveData                      0x08002347   Thumb Code     6  stm32f10x_spi.o(i.SPI_I2S_ReceiveData)
    SPI_I2S_SendData                         0x0800234d   Thumb Code     4  stm32f10x_spi.o(i.SPI_I2S_SendData)
    SPI_Init                                 0x08002351   Thumb Code    60  stm32f10x_spi.o(i.SPI_Init)
    SPI_TransimitReceive                     0x0800238d   Thumb Code    68  myspi.o(i.SPI_TransimitReceive)
    SPI_int                                  0x080023d9   Thumb Code   176  myspi.o(i.SPI_int)
    SendByte                                 0x08002491   Thumb Code    30  usart.o(i.SendByte)
    Serial_Printf                            0x080024b1   Thumb Code    72  usart.o(i.Serial_Printf)
    Serial_SendString                        0x08002501   Thumb Code    30  usart.o(i.Serial_SendString)
    SysTick_Handler                          0x08002609   Thumb Code    46  port.o(i.SysTick_Handler)
    SystemInit                               0x0800263d   Thumb Code    78  system_stm32f10x.o(i.SystemInit)
    USART1_IRQHandler                        0x0800269d   Thumb Code    38  usart.o(i.USART1_IRQHandler)
    USART_ClearFlag                          0x080026c9   Thumb Code    18  stm32f10x_usart.o(i.USART_ClearFlag)
    USART_Cmd                                0x080026db   Thumb Code    24  stm32f10x_usart.o(i.USART_Cmd)
    USART_GetFlagStatus                      0x080026f3   Thumb Code    26  stm32f10x_usart.o(i.USART_GetFlagStatus)
    USART_GetITStatus                        0x0800270d   Thumb Code    84  stm32f10x_usart.o(i.USART_GetITStatus)
    USART_ITConfig                           0x08002761   Thumb Code    74  stm32f10x_usart.o(i.USART_ITConfig)
    USART_Init                               0x080027ad   Thumb Code   210  stm32f10x_usart.o(i.USART_Init)
    USART_ReceiveData                        0x08002885   Thumb Code    10  stm32f10x_usart.o(i.USART_ReceiveData)
    USART_SendData                           0x0800288f   Thumb Code     8  stm32f10x_usart.o(i.USART_SendData)
    UsageFault_Handler                       0x08002897   Thumb Code     4  stm32f10x_it.o(i.UsageFault_Handler)
    __ARM_fpclassify                         0x0800289b   Thumb Code    40  fpclassify.o(i.__ARM_fpclassify)
    _is_digit                                0x080028c3   Thumb Code    14  __printf_wp.o(i._is_digit)
    main                                     0x080028d1   Thumb Code   126  main.o(i.main)
    mytask                                   0x08002975   Thumb Code    62  main.o(i.mytask)
    pvPortMalloc                             0x08002f89   Thumb Code   208  heap_4.o(i.pvPortMalloc)
    pvTaskIncrementMutexHeldCount            0x0800306d   Thumb Code    26  tasks.o(i.pvTaskIncrementMutexHeldCount)
    pxPortInitialiseStack                    0x0800308d   Thumb Code    30  port.o(i.pxPortInitialiseStack)
    spi_test                                 0x080030b1   Thumb Code    30  main.o(i.spi_test)
    usart_int                                0x080030d1   Thumb Code   176  usart.o(i.usart_int)
    uxListRemove                             0x08003189   Thumb Code    40  list.o(i.uxListRemove)
    vListInitialise                          0x080031b1   Thumb Code    26  list.o(i.vListInitialise)
    vListInitialiseItem                      0x080031cb   Thumb Code     6  list.o(i.vListInitialiseItem)
    vListInsert                              0x080031d1   Thumb Code    52  list.o(i.vListInsert)
    vPortEnterCritical                       0x08003205   Thumb Code    30  port.o(i.vPortEnterCritical)
    vPortExitCritical                        0x08003229   Thumb Code    28  port.o(i.vPortExitCritical)
    vPortFree                                0x08003249   Thumb Code    68  heap_4.o(i.vPortFree)
    vPortSetupTimerInterrupt                 0x08003295   Thumb Code    20  port.o(i.vPortSetupTimerInterrupt)
    vTaskDelay                               0x080032ad   Thumb Code    46  tasks.o(i.vTaskDelay)
    vTaskInternalSetTimeOutState             0x080032e1   Thumb Code    14  tasks.o(i.vTaskInternalSetTimeOutState)
    vTaskMissedYield                         0x080032f9   Thumb Code     8  tasks.o(i.vTaskMissedYield)
    vTaskPlaceOnEventList                    0x08003305   Thumb Code    28  tasks.o(i.vTaskPlaceOnEventList)
    vTaskPriorityDisinheritAfterTimeout      0x08003325   Thumb Code   204  tasks.o(i.vTaskPriorityDisinheritAfterTimeout)
    vTaskStartScheduler                      0x080033f9   Thumb Code    76  tasks.o(i.vTaskStartScheduler)
    vTaskSuspendAll                          0x08003465   Thumb Code    12  tasks.o(i.vTaskSuspendAll)
    vTaskSwitchContext                       0x08003475   Thumb Code    76  tasks.o(i.vTaskSwitchContext)
    xPortStartScheduler                      0x080034d5   Thumb Code    42  port.o(i.xPortStartScheduler)
    xQueueCreateMutex                        0x08003509   Thumb Code    34  queue.o(i.xQueueCreateMutex)
    xQueueGenericCreate                      0x0800352b   Thumb Code    76  queue.o(i.xQueueGenericCreate)
    xQueueGenericReset                       0x08003579   Thumb Code   156  queue.o(i.xQueueGenericReset)
    xQueueGenericSend                        0x08003619   Thumb Code   276  queue.o(i.xQueueGenericSend)
    xQueueSemaphoreTake                      0x08003731   Thumb Code   300  queue.o(i.xQueueSemaphoreTake)
    xTaskCheckForTimeOut                     0x08003861   Thumb Code    88  tasks.o(i.xTaskCheckForTimeOut)
    xTaskCreate                              0x080038c1   Thumb Code   104  tasks.o(i.xTaskCreate)
    xTaskIncrementTick                       0x08003929   Thumb Code   356  tasks.o(i.xTaskIncrementTick)
    xTaskPriorityDisinherit                  0x08003ab9   Thumb Code   162  tasks.o(i.xTaskPriorityDisinherit)
    xTaskPriorityInherit                     0x08003b65   Thumb Code   224  tasks.o(i.xTaskPriorityInherit)
    xTaskRemoveFromEventList                 0x08003c51   Thumb Code   240  tasks.o(i.xTaskRemoveFromEventList)
    xTaskResumeAll                           0x08003d59   Thumb Code   310  tasks.o(i.xTaskResumeAll)
    _get_lc_numeric                          0x08003eb5   Thumb Code    44  lc_numeric_c.o(locale$$code)
    _get_lc_ctype                            0x08003ee1   Thumb Code    44  lc_ctype_c.o(locale$$code)
    _printf_fp_dec                           0x08003f0d   Thumb Code     4  printf1.o(x$fpl$printf1)
    _printf_fp_hex                           0x08003f11   Thumb Code     4  printf2.o(x$fpl$printf2)
    OLED_F8x16                               0x08003f14   Data        1520  oled.o(.constdata)
    __I$use$fp                               0x08003f14   Number         0  usenofp.o(x$fpl$usenofp)
    Region$$Table$$Base                      0x08004600   Number         0  anon$$obj.o(Region$$Table)
    Region$$Table$$Limit                     0x08004620   Number         0  anon$$obj.o(Region$$Table)
    __ctype                                  0x08004649   Data           0  lc_ctype_c.o(locale$$data)
    pxCurrentTCB                             0x20000014   Data           4  tasks.o(.data)
    uxTopUsedPriority                        0x2000004c   Data           4  tasks.o(.data)
    mytaskhandle                             0x20000074   Data           4  main.o(.data)
    spitest_handle                           0x20000078   Data           4  main.o(.data)
    UsartMutex                               0x2000007c   Data           4  main.o(.data)
    I2CMutex                                 0x20000080   Data           4  main.o(.data)
    __libspace_start                         0x2000454c   Data          96  libspace.o(.bss)
    __temporary_stack_top$libspace           0x200045ac   Data           0  libspace.o(.bss)



==============================================================================

Memory Map of the image

  Image Entry point : 0x080000ed

  Load Region LR_IROM1 (Base: 0x08000000, Size: 0x000047d0, Max: 0x00010000, ABSOLUTE)

    Execution Region ER_IROM1 (Exec base: 0x08000000, Load base: 0x08000000, Size: 0x0000474c, Max: 0x00010000, ABSOLUTE)

    Exec Addr    Load Addr    Size         Type   Attr      Idx    E Section Name        Object

    0x08000000   0x08000000   0x000000ec   Data   RO          132    RESET               startup_stm32f10x_md.o
    0x080000ec   0x080000ec   0x00000008   Code   RO         4280  * !!!main             c_w.l(__main.o)
    0x080000f4   0x080000f4   0x00000034   Code   RO         4605    !!!scatter          c_w.l(__scatter.o)
    0x08000128   0x08000128   0x0000001a   Code   RO         4607    !!handler_copy      c_w.l(__scatter_copy.o)
    0x08000142   0x08000142   0x00000002   PAD
    0x08000144   0x08000144   0x0000001c   Code   RO         4609    !!handler_zi        c_w.l(__scatter_zi.o)
    0x08000160   0x08000160   0x00000000   Code   RO         4366    .ARM.Collect$$_printf_percent$$00000000  c_w.l(_printf_percent.o)
    0x08000160   0x08000160   0x00000006   Code   RO         4355    .ARM.Collect$$_printf_percent$$00000001  c_w.l(_printf_n.o)
    0x08000166   0x08000166   0x00000006   Code   RO         4357    .ARM.Collect$$_printf_percent$$00000002  c_w.l(_printf_p.o)
    0x0800016c   0x0800016c   0x00000006   Code   RO         4362    .ARM.Collect$$_printf_percent$$00000003  c_w.l(_printf_f.o)
    0x08000172   0x08000172   0x00000006   Code   RO         4363    .ARM.Collect$$_printf_percent$$00000004  c_w.l(_printf_e.o)
    0x08000178   0x08000178   0x00000006   Code   RO         4364    .ARM.Collect$$_printf_percent$$00000005  c_w.l(_printf_g.o)
    0x0800017e   0x0800017e   0x00000006   Code   RO         4365    .ARM.Collect$$_printf_percent$$00000006  c_w.l(_printf_a.o)
    0x08000184   0x08000184   0x0000000a   Code   RO         4370    .ARM.Collect$$_printf_percent$$00000007  c_w.l(_printf_ll.o)
    0x0800018e   0x0800018e   0x00000006   Code   RO         4359    .ARM.Collect$$_printf_percent$$00000008  c_w.l(_printf_i.o)
    0x08000194   0x08000194   0x00000006   Code   RO         4360    .ARM.Collect$$_printf_percent$$00000009  c_w.l(_printf_d.o)
    0x0800019a   0x0800019a   0x00000006   Code   RO         4361    .ARM.Collect$$_printf_percent$$0000000A  c_w.l(_printf_u.o)
    0x080001a0   0x080001a0   0x00000006   Code   RO         4358    .ARM.Collect$$_printf_percent$$0000000B  c_w.l(_printf_o.o)
    0x080001a6   0x080001a6   0x00000006   Code   RO         4356    .ARM.Collect$$_printf_percent$$0000000C  c_w.l(_printf_x.o)
    0x080001ac   0x080001ac   0x00000006   Code   RO         4367    .ARM.Collect$$_printf_percent$$0000000D  c_w.l(_printf_lli.o)
    0x080001b2   0x080001b2   0x00000006   Code   RO         4368    .ARM.Collect$$_printf_percent$$0000000E  c_w.l(_printf_lld.o)
    0x080001b8   0x080001b8   0x00000006   Code   RO         4369    .ARM.Collect$$_printf_percent$$0000000F  c_w.l(_printf_llu.o)
    0x080001be   0x080001be   0x00000006   Code   RO         4374    .ARM.Collect$$_printf_percent$$00000010  c_w.l(_printf_llo.o)
    0x080001c4   0x080001c4   0x00000006   Code   RO         4375    .ARM.Collect$$_printf_percent$$00000011  c_w.l(_printf_llx.o)
    0x080001ca   0x080001ca   0x0000000a   Code   RO         4371    .ARM.Collect$$_printf_percent$$00000012  c_w.l(_printf_l.o)
    0x080001d4   0x080001d4   0x00000006   Code   RO         4353    .ARM.Collect$$_printf_percent$$00000013  c_w.l(_printf_c.o)
    0x080001da   0x080001da   0x00000006   Code   RO         4354    .ARM.Collect$$_printf_percent$$00000014  c_w.l(_printf_s.o)
    0x080001e0   0x080001e0   0x00000006   Code   RO         4372    .ARM.Collect$$_printf_percent$$00000015  c_w.l(_printf_lc.o)
    0x080001e6   0x080001e6   0x00000006   Code   RO         4373    .ARM.Collect$$_printf_percent$$00000016  c_w.l(_printf_ls.o)
    0x080001ec   0x080001ec   0x00000004   Code   RO         4416    .ARM.Collect$$_printf_percent$$00000017  c_w.l(_printf_percent_end.o)
    0x080001f0   0x080001f0   0x00000002   Code   RO         4465    .ARM.Collect$$libinit$$00000000  c_w.l(libinit.o)
    0x080001f2   0x080001f2   0x00000000   Code   RO         4482    .ARM.Collect$$libinit$$00000002  c_w.l(libinit2.o)
    0x080001f2   0x080001f2   0x00000000   Code   RO         4484    .ARM.Collect$$libinit$$00000004  c_w.l(libinit2.o)
    0x080001f2   0x080001f2   0x00000000   Code   RO         4487    .ARM.Collect$$libinit$$0000000A  c_w.l(libinit2.o)
    0x080001f2   0x080001f2   0x00000000   Code   RO         4489    .ARM.Collect$$libinit$$0000000C  c_w.l(libinit2.o)
    0x080001f2   0x080001f2   0x00000000   Code   RO         4491    .ARM.Collect$$libinit$$0000000E  c_w.l(libinit2.o)
    0x080001f2   0x080001f2   0x00000006   Code   RO         4492    .ARM.Collect$$libinit$$0000000F  c_w.l(libinit2.o)
    0x080001f8   0x080001f8   0x00000000   Code   RO         4494    .ARM.Collect$$libinit$$00000011  c_w.l(libinit2.o)
    0x080001f8   0x080001f8   0x0000000c   Code   RO         4495    .ARM.Collect$$libinit$$00000012  c_w.l(libinit2.o)
    0x08000204   0x08000204   0x00000000   Code   RO         4496    .ARM.Collect$$libinit$$00000013  c_w.l(libinit2.o)
    0x08000204   0x08000204   0x00000000   Code   RO         4498    .ARM.Collect$$libinit$$00000015  c_w.l(libinit2.o)
    0x08000204   0x08000204   0x0000000a   Code   RO         4499    .ARM.Collect$$libinit$$00000016  c_w.l(libinit2.o)
    0x0800020e   0x0800020e   0x00000000   Code   RO         4500    .ARM.Collect$$libinit$$00000017  c_w.l(libinit2.o)
    0x0800020e   0x0800020e   0x00000000   Code   RO         4502    .ARM.Collect$$libinit$$00000019  c_w.l(libinit2.o)
    0x0800020e   0x0800020e   0x00000000   Code   RO         4504    .ARM.Collect$$libinit$$0000001B  c_w.l(libinit2.o)
    0x0800020e   0x0800020e   0x00000000   Code   RO         4506    .ARM.Collect$$libinit$$0000001D  c_w.l(libinit2.o)
    0x0800020e   0x0800020e   0x00000000   Code   RO         4508    .ARM.Collect$$libinit$$0000001F  c_w.l(libinit2.o)
    0x0800020e   0x0800020e   0x00000000   Code   RO         4510    .ARM.Collect$$libinit$$00000021  c_w.l(libinit2.o)
    0x0800020e   0x0800020e   0x00000000   Code   RO         4512    .ARM.Collect$$libinit$$00000023  c_w.l(libinit2.o)
    0x0800020e   0x0800020e   0x00000000   Code   RO         4514    .ARM.Collect$$libinit$$00000025  c_w.l(libinit2.o)
    0x0800020e   0x0800020e   0x00000000   Code   RO         4518    .ARM.Collect$$libinit$$0000002C  c_w.l(libinit2.o)
    0x0800020e   0x0800020e   0x00000000   Code   RO         4520    .ARM.Collect$$libinit$$0000002E  c_w.l(libinit2.o)
    0x0800020e   0x0800020e   0x00000000   Code   RO         4522    .ARM.Collect$$libinit$$00000030  c_w.l(libinit2.o)
    0x0800020e   0x0800020e   0x00000000   Code   RO         4524    .ARM.Collect$$libinit$$00000032  c_w.l(libinit2.o)
    0x0800020e   0x0800020e   0x00000002   Code   RO         4525    .ARM.Collect$$libinit$$00000033  c_w.l(libinit2.o)
    0x08000210   0x08000210   0x00000002   Code   RO         4545    .ARM.Collect$$libshutdown$$00000000  c_w.l(libshutdown.o)
    0x08000212   0x08000212   0x00000000   Code   RO         4558    .ARM.Collect$$libshutdown$$00000002  c_w.l(libshutdown2.o)
    0x08000212   0x08000212   0x00000000   Code   RO         4560    .ARM.Collect$$libshutdown$$00000004  c_w.l(libshutdown2.o)
    0x08000212   0x08000212   0x00000000   Code   RO         4563    .ARM.Collect$$libshutdown$$00000007  c_w.l(libshutdown2.o)
    0x08000212   0x08000212   0x00000000   Code   RO         4566    .ARM.Collect$$libshutdown$$0000000A  c_w.l(libshutdown2.o)
    0x08000212   0x08000212   0x00000000   Code   RO         4568    .ARM.Collect$$libshutdown$$0000000C  c_w.l(libshutdown2.o)
    0x08000212   0x08000212   0x00000000   Code   RO         4571    .ARM.Collect$$libshutdown$$0000000F  c_w.l(libshutdown2.o)
    0x08000212   0x08000212   0x00000002   Code   RO         4572    .ARM.Collect$$libshutdown$$00000010  c_w.l(libshutdown2.o)
    0x08000214   0x08000214   0x00000000   Code   RO         4282    .ARM.Collect$$rtentry$$00000000  c_w.l(__rtentry.o)
    0x08000214   0x08000214   0x00000000   Code   RO         4387    .ARM.Collect$$rtentry$$00000002  c_w.l(__rtentry2.o)
    0x08000214   0x08000214   0x00000006   Code   RO         4399    .ARM.Collect$$rtentry$$00000004  c_w.l(__rtentry4.o)
    0x0800021a   0x0800021a   0x00000000   Code   RO         4389    .ARM.Collect$$rtentry$$00000009  c_w.l(__rtentry2.o)
    0x0800021a   0x0800021a   0x00000004   Code   RO         4390    .ARM.Collect$$rtentry$$0000000A  c_w.l(__rtentry2.o)
    0x0800021e   0x0800021e   0x00000000   Code   RO         4392    .ARM.Collect$$rtentry$$0000000C  c_w.l(__rtentry2.o)
    0x0800021e   0x0800021e   0x00000008   Code   RO         4393    .ARM.Collect$$rtentry$$0000000D  c_w.l(__rtentry2.o)
    0x08000226   0x08000226   0x00000002   Code   RO         4474    .ARM.Collect$$rtexit$$00000000  c_w.l(rtexit.o)
    0x08000228   0x08000228   0x00000000   Code   RO         4527    .ARM.Collect$$rtexit$$00000002  c_w.l(rtexit2.o)
    0x08000228   0x08000228   0x00000004   Code   RO         4528    .ARM.Collect$$rtexit$$00000003  c_w.l(rtexit2.o)
    0x0800022c   0x0800022c   0x00000006   Code   RO         4529    .ARM.Collect$$rtexit$$00000004  c_w.l(rtexit2.o)
    0x08000232   0x08000232   0x00000002   PAD
    0x08000234   0x08000234   0x00000096   Code   RO         3923    .emb_text           port.o
    0x080002ca   0x080002ca   0x00000002   PAD
    0x080002cc   0x080002cc   0x00000040   Code   RO          133    .text               startup_stm32f10x_md.o
    0x0800030c   0x0800030c   0x00000034   Code   RO         4270    .text               c_w.l(vsnprintf.o)
    0x08000340   0x08000340   0x0000008a   Code   RO         4272    .text               c_w.l(rt_memcpy_v6.o)
    0x080003ca   0x080003ca   0x0000004e   Code   RO         4276    .text               c_w.l(rt_memclr_w.o)
    0x08000418   0x08000418   0x00000006   Code   RO         4278    .text               c_w.l(heapauxi.o)
    0x0800041e   0x0800041e   0x0000004e   Code   RO         4285    .text               c_w.l(_printf_pad.o)
    0x0800046c   0x0800046c   0x00000024   Code   RO         4287    .text               c_w.l(_printf_truncate.o)
    0x08000490   0x08000490   0x00000052   Code   RO         4289    .text               c_w.l(_printf_str.o)
    0x080004e2   0x080004e2   0x00000002   PAD
    0x080004e4   0x080004e4   0x00000078   Code   RO         4291    .text               c_w.l(_printf_dec.o)
    0x0800055c   0x0800055c   0x00000028   Code   RO         4293    .text               c_w.l(_printf_charcount.o)
    0x08000584   0x08000584   0x00000030   Code   RO         4295    .text               c_w.l(_printf_char_common.o)
    0x080005b4   0x080005b4   0x0000000a   Code   RO         4297    .text               c_w.l(_sputc.o)
    0x080005be   0x080005be   0x00000010   Code   RO         4299    .text               c_w.l(_snputc.o)
    0x080005ce   0x080005ce   0x00000002   PAD
    0x080005d0   0x080005d0   0x000000bc   Code   RO         4301    .text               c_w.l(_printf_wctomb.o)
    0x0800068c   0x0800068c   0x0000007c   Code   RO         4304    .text               c_w.l(_printf_longlong_dec.o)
    0x08000708   0x08000708   0x00000070   Code   RO         4310    .text               c_w.l(_printf_oct_int_ll.o)
    0x08000778   0x08000778   0x00000094   Code   RO         4330    .text               c_w.l(_printf_hex_int_ll_ptr.o)
    0x0800080c   0x0800080c   0x00000188   Code   RO         4350    .text               c_w.l(__printf_flags_ss_wp.o)
    0x08000994   0x08000994   0x00000064   Code   RO         4376    .text               c_w.l(rt_memcpy_w.o)
    0x080009f8   0x080009f8   0x0000008a   Code   RO         4401    .text               c_w.l(lludiv10.o)
    0x08000a82   0x08000a82   0x000000b2   Code   RO         4403    .text               c_w.l(_printf_intcommon.o)
    0x08000b34   0x08000b34   0x0000041e   Code   RO         4405    .text               c_w.l(_printf_fp_dec.o)
    0x08000f52   0x08000f52   0x00000002   PAD
    0x08000f54   0x08000f54   0x000002fc   Code   RO         4407    .text               c_w.l(_printf_fp_hex.o)
    0x08001250   0x08001250   0x0000002c   Code   RO         4412    .text               c_w.l(_printf_char.o)
    0x0800127c   0x0800127c   0x0000002c   Code   RO         4414    .text               c_w.l(_printf_wchar.o)
    0x080012a8   0x080012a8   0x00000040   Code   RO         4417    .text               c_w.l(_wcrtomb.o)
    0x080012e8   0x080012e8   0x0000004a   Code   RO         4419    .text               c_w.l(sys_stackheap_outer.o)
    0x08001332   0x08001332   0x00000002   PAD
    0x08001334   0x08001334   0x00000010   Code   RO         4421    .text               c_w.l(rt_ctype_table.o)
    0x08001344   0x08001344   0x00000008   Code   RO         4426    .text               c_w.l(rt_locale_intlibspace.o)
    0x0800134c   0x0800134c   0x00000080   Code   RO         4428    .text               c_w.l(_printf_fp_infnan.o)
    0x080013cc   0x080013cc   0x000000e4   Code   RO         4430    .text               c_w.l(bigflt0.o)
    0x080014b0   0x080014b0   0x00000012   Code   RO         4458    .text               c_w.l(exit.o)
    0x080014c2   0x080014c2   0x00000002   PAD
    0x080014c4   0x080014c4   0x00000008   Code   RO         4471    .text               c_w.l(libspace.o)
    0x080014cc   0x080014cc   0x00000080   Code   RO         4479    .text               c_w.l(strcmpv7m.o)
    0x0800154c   0x0800154c   0x0000000c   Code   RO         4537    .text               c_w.l(sys_exit.o)
    0x08001558   0x08001558   0x00000002   Code   RO         4548    .text               c_w.l(use_no_semi.o)
    0x0800155a   0x0800155a   0x00000000   Code   RO         4550    .text               c_w.l(indicate_semi.o)
    0x0800155a   0x0800155a   0x0000003e   Code   RO         4433    CL$$btod_d2e        c_w.l(btod.o)
    0x08001598   0x08001598   0x00000046   Code   RO         4435    CL$$btod_d2e_denorm_low  c_w.l(btod.o)
    0x080015de   0x080015de   0x00000060   Code   RO         4434    CL$$btod_d2e_norm_op1  c_w.l(btod.o)
    0x0800163e   0x0800163e   0x00000338   Code   RO         4443    CL$$btod_div_common  c_w.l(btod.o)
    0x08001976   0x08001976   0x000000dc   Code   RO         4440    CL$$btod_e2e        c_w.l(btod.o)
    0x08001a52   0x08001a52   0x0000002a   Code   RO         4437    CL$$btod_ediv       c_w.l(btod.o)
    0x08001a7c   0x08001a7c   0x0000002a   Code   RO         4436    CL$$btod_emul       c_w.l(btod.o)
    0x08001aa6   0x08001aa6   0x00000244   Code   RO         4442    CL$$btod_mult_common  c_w.l(btod.o)
    0x08001cea   0x08001cea   0x00000004   Code   RO         4223    i.BusFault_Handler  stm32f10x_it.o
    0x08001cee   0x08001cee   0x00000002   Code   RO         4224    i.DebugMon_Handler  stm32f10x_it.o
    0x08001cf0   0x08001cf0   0x00000116   Code   RO         1347    i.GPIO_Init         stm32f10x_gpio.o
    0x08001e06   0x08001e06   0x00000004   Code   RO         1354    i.GPIO_ResetBits    stm32f10x_gpio.o
    0x08001e0a   0x08001e0a   0x00000004   Code   RO         1355    i.GPIO_SetBits      stm32f10x_gpio.o
    0x08001e0e   0x08001e0e   0x0000000a   Code   RO         1358    i.GPIO_WriteBit     stm32f10x_gpio.o
    0x08001e18   0x08001e18   0x00000004   Code   RO         4225    i.HardFault_Handler  stm32f10x_it.o
    0x08001e1c   0x08001e1c   0x0000001a   Code   RO         4150    i.MFR522_ReadReg    myspi.o
    0x08001e36   0x08001e36   0x00000004   Code   RO         4226    i.MemManage_Handler  stm32f10x_it.o
    0x08001e3a   0x08001e3a   0x00000002   Code   RO         4227    i.NMI_Handler       stm32f10x_it.o
    0x08001e3c   0x08001e3c   0x00000070   Code   RO          137    i.NVIC_Init         misc.o
    0x08001eac   0x08001eac   0x00000014   Code   RO          138    i.NVIC_PriorityGroupConfig  misc.o
    0x08001ec0   0x08001ec0   0x0000002a   Code   RO         4041    i.OLED_Clear        oled.o
    0x08001eea   0x08001eea   0x00000002   PAD
    0x08001eec   0x08001eec   0x00000050   Code   RO         4042    i.OLED_I2C_Init     oled.o
    0x08001f3c   0x08001f3c   0x0000007c   Code   RO         4043    i.OLED_I2C_SendByte  oled.o
    0x08001fb8   0x08001fb8   0x00000034   Code   RO         4044    i.OLED_I2C_Start    oled.o
    0x08001fec   0x08001fec   0x00000028   Code   RO         4045    i.OLED_I2C_Stop     oled.o
    0x08002014   0x08002014   0x000000ae   Code   RO         4046    i.OLED_Init         oled.o
    0x080020c2   0x080020c2   0x00000014   Code   RO         4047    i.OLED_Pow          oled.o
    0x080020d6   0x080020d6   0x00000022   Code   RO         4048    i.OLED_SetCursor    oled.o
    0x080020f8   0x080020f8   0x00000074   Code   RO         4050    i.OLED_ShowChar     oled.o
    0x0800216c   0x0800216c   0x00000054   Code   RO         4051    i.OLED_ShowHexNum   oled.o
    0x080021c0   0x080021c0   0x00000028   Code   RO         4054    i.OLED_ShowString   oled.o
    0x080021e8   0x080021e8   0x00000020   Code   RO         4055    i.OLED_WriteCommand  oled.o
    0x08002208   0x08002208   0x00000020   Code   RO         4056    i.OLED_WriteData    oled.o
    0x08002228   0x08002228   0x00000020   Code   RO         1777    i.RCC_APB2PeriphClockCmd  stm32f10x_rcc.o
    0x08002248   0x08002248   0x000000d4   Code   RO         1785    i.RCC_GetClocksFreq  stm32f10x_rcc.o
    0x0800231c   0x0800231c   0x00000018   Code   RO         2263    i.SPI_Cmd           stm32f10x_spi.o
    0x08002334   0x08002334   0x00000012   Code   RO         2271    i.SPI_I2S_GetFlagStatus  stm32f10x_spi.o
    0x08002346   0x08002346   0x00000006   Code   RO         2274    i.SPI_I2S_ReceiveData  stm32f10x_spi.o
    0x0800234c   0x0800234c   0x00000004   Code   RO         2275    i.SPI_I2S_SendData  stm32f10x_spi.o
    0x08002350   0x08002350   0x0000003c   Code   RO         2276    i.SPI_Init          stm32f10x_spi.o
    0x0800238c   0x0800238c   0x0000004c   Code   RO         4152    i.SPI_TransimitReceive  myspi.o
    0x080023d8   0x080023d8   0x000000b8   Code   RO         4153    i.SPI_int           myspi.o
    0x08002490   0x08002490   0x0000001e   Code   RO         3994    i.SendByte          usart.o
    0x080024ae   0x080024ae   0x00000002   PAD
    0x080024b0   0x080024b0   0x00000050   Code   RO         3995    i.Serial_Printf     usart.o
    0x08002500   0x08002500   0x0000001e   Code   RO         3996    i.Serial_SendString  usart.o
    0x0800251e   0x0800251e   0x00000008   Code   RO           17    i.SetSysClock       system_stm32f10x.o
    0x08002526   0x08002526   0x00000002   PAD
    0x08002528   0x08002528   0x000000e0   Code   RO           18    i.SetSysClockTo72   system_stm32f10x.o
    0x08002608   0x08002608   0x00000034   Code   RO         3924    i.SysTick_Handler   port.o
    0x0800263c   0x0800263c   0x00000060   Code   RO           20    i.SystemInit        system_stm32f10x.o
    0x0800269c   0x0800269c   0x0000002c   Code   RO         3997    i.USART1_IRQHandler  usart.o
    0x080026c8   0x080026c8   0x00000012   Code   RO         2956    i.USART_ClearFlag   stm32f10x_usart.o
    0x080026da   0x080026da   0x00000018   Code   RO         2960    i.USART_Cmd         stm32f10x_usart.o
    0x080026f2   0x080026f2   0x0000001a   Code   RO         2963    i.USART_GetFlagStatus  stm32f10x_usart.o
    0x0800270c   0x0800270c   0x00000054   Code   RO         2964    i.USART_GetITStatus  stm32f10x_usart.o
    0x08002760   0x08002760   0x0000004a   Code   RO         2966    i.USART_ITConfig    stm32f10x_usart.o
    0x080027aa   0x080027aa   0x00000002   PAD
    0x080027ac   0x080027ac   0x000000d8   Code   RO         2967    i.USART_Init        stm32f10x_usart.o
    0x08002884   0x08002884   0x0000000a   Code   RO         2974    i.USART_ReceiveData  stm32f10x_usart.o
    0x0800288e   0x0800288e   0x00000008   Code   RO         2977    i.USART_SendData    stm32f10x_usart.o
    0x08002896   0x08002896   0x00000004   Code   RO         4228    i.UsageFault_Handler  stm32f10x_it.o
    0x0800289a   0x0800289a   0x00000028   Code   RO         4469    i.__ARM_fpclassify  m_ws.l(fpclassify.o)
    0x080028c2   0x080028c2   0x0000000e   Code   RO         4343    i._is_digit         c_w.l(__printf_wp.o)
    0x080028d0   0x080028d0   0x000000a4   Code   RO         4187    i.main              main.o
    0x08002974   0x08002974   0x00000060   Code   RO         4188    i.mytask            main.o
    0x080029d4   0x080029d4   0x000000c0   Code   RO         3521    i.prvAddCurrentTaskToDelayedList  tasks.o
    0x08002a94   0x08002a94   0x000000e4   Code   RO         3522    i.prvAddNewTaskToReadyList  tasks.o
    0x08002b78   0x08002b78   0x00000048   Code   RO         3523    i.prvCheckTasksWaitingTermination  tasks.o
    0x08002bc0   0x08002bc0   0x0000007e   Code   RO         3367    i.prvCopyDataToQueue  queue.o
    0x08002c3e   0x08002c3e   0x00000012   Code   RO         3524    i.prvDeleteTCB      tasks.o
    0x08002c50   0x08002c50   0x00000014   Code   RO         3368    i.prvGetDisinheritPriorityAfterTimeout  queue.o
    0x08002c64   0x08002c64   0x00000070   Code   RO         3862    i.prvHeapInit       heap_4.o
    0x08002cd4   0x08002cd4   0x00000028   Code   RO         3525    i.prvIdleTask       tasks.o
    0x08002cfc   0x08002cfc   0x0000001e   Code   RO         3369    i.prvInitialiseMutex  queue.o
    0x08002d1a   0x08002d1a   0x00000026   Code   RO         3370    i.prvInitialiseNewQueue  queue.o
    0x08002d40   0x08002d40   0x0000007c   Code   RO         3526    i.prvInitialiseNewTask  tasks.o
    0x08002dbc   0x08002dbc   0x00000068   Code   RO         3527    i.prvInitialiseTaskLists  tasks.o
    0x08002e24   0x08002e24   0x00000068   Code   RO         3863    i.prvInsertBlockIntoFreeList  heap_4.o
    0x08002e8c   0x08002e8c   0x0000001a   Code   RO         3371    i.prvIsQueueEmpty   queue.o
    0x08002ea6   0x08002ea6   0x0000001e   Code   RO         3372    i.prvIsQueueFull    queue.o
    0x08002ec4   0x08002ec4   0x00000030   Code   RO         3528    i.prvResetNextTaskUnblockTime  tasks.o
    0x08002ef4   0x08002ef4   0x00000016   Code   RO         3925    i.prvTaskExitError  port.o
    0x08002f0a   0x08002f0a   0x0000007e   Code   RO         3373    i.prvUnlockQueue    queue.o
    0x08002f88   0x08002f88   0x000000e4   Code   RO         3865    i.pvPortMalloc      heap_4.o
    0x0800306c   0x0800306c   0x00000020   Code   RO         3531    i.pvTaskIncrementMutexHeldCount  tasks.o
    0x0800308c   0x0800308c   0x00000024   Code   RO         3926    i.pxPortInitialiseStack  port.o
    0x080030b0   0x080030b0   0x0000001e   Code   RO         4189    i.spi_test          main.o
    0x080030ce   0x080030ce   0x00000002   PAD
    0x080030d0   0x080030d0   0x000000b8   Code   RO         3998    i.usart_int         usart.o
    0x08003188   0x08003188   0x00000028   Code   RO         3327    i.uxListRemove      list.o
    0x080031b0   0x080031b0   0x0000001a   Code   RO         3328    i.vListInitialise   list.o
    0x080031ca   0x080031ca   0x00000006   Code   RO         3329    i.vListInitialiseItem  list.o
    0x080031d0   0x080031d0   0x00000034   Code   RO         3330    i.vListInsert       list.o
    0x08003204   0x08003204   0x00000024   Code   RO         3928    i.vPortEnterCritical  port.o
    0x08003228   0x08003228   0x00000020   Code   RO         3929    i.vPortExitCritical  port.o
    0x08003248   0x08003248   0x0000004c   Code   RO         3866    i.vPortFree         heap_4.o
    0x08003294   0x08003294   0x00000018   Code   RO         3930    i.vPortSetupTimerInterrupt  port.o
    0x080032ac   0x080032ac   0x00000034   Code   RO         3538    i.vTaskDelay        tasks.o
    0x080032e0   0x080032e0   0x00000018   Code   RO         3542    i.vTaskInternalSetTimeOutState  tasks.o
    0x080032f8   0x080032f8   0x0000000c   Code   RO         3543    i.vTaskMissedYield  tasks.o
    0x08003304   0x08003304   0x00000020   Code   RO         3544    i.vTaskPlaceOnEventList  tasks.o
    0x08003324   0x08003324   0x000000d4   Code   RO         3546    i.vTaskPriorityDisinheritAfterTimeout  tasks.o
    0x080033f8   0x080033f8   0x0000006c   Code   RO         3551    i.vTaskStartScheduler  tasks.o
    0x08003464   0x08003464   0x00000010   Code   RO         3553    i.vTaskSuspendAll   tasks.o
    0x08003474   0x08003474   0x00000060   Code   RO         3554    i.vTaskSwitchContext  tasks.o
    0x080034d4   0x080034d4   0x00000034   Code   RO         3931    i.xPortStartScheduler  port.o
    0x08003508   0x08003508   0x00000022   Code   RO         3378    i.xQueueCreateMutex  queue.o
    0x0800352a   0x0800352a   0x0000004c   Code   RO         3379    i.xQueueGenericCreate  queue.o
    0x08003576   0x08003576   0x00000002   PAD
    0x08003578   0x08003578   0x000000a0   Code   RO         3380    i.xQueueGenericReset  queue.o
    0x08003618   0x08003618   0x00000118   Code   RO         3381    i.xQueueGenericSend  queue.o
    0x08003730   0x08003730   0x00000130   Code   RO         3390    i.xQueueSemaphoreTake  queue.o
    0x08003860   0x08003860   0x00000060   Code   RO         3556    i.xTaskCheckForTimeOut  tasks.o
    0x080038c0   0x080038c0   0x00000068   Code   RO         3557    i.xTaskCreate       tasks.o
    0x08003928   0x08003928   0x00000190   Code   RO         3567    i.xTaskIncrementTick  tasks.o
    0x08003ab8   0x08003ab8   0x000000ac   Code   RO         3568    i.xTaskPriorityDisinherit  tasks.o
    0x08003b64   0x08003b64   0x000000ec   Code   RO         3569    i.xTaskPriorityInherit  tasks.o
    0x08003c50   0x08003c50   0x00000108   Code   RO         3570    i.xTaskRemoveFromEventList  tasks.o
    0x08003d58   0x08003d58   0x0000015c   Code   RO         3571    i.xTaskResumeAll    tasks.o
    0x08003eb4   0x08003eb4   0x0000002c   Code   RO         4456    locale$$code        c_w.l(lc_numeric_c.o)
    0x08003ee0   0x08003ee0   0x0000002c   Code   RO         4477    locale$$code        c_w.l(lc_ctype_c.o)
    0x08003f0c   0x08003f0c   0x00000004   Code   RO         4378    x$fpl$printf1       fz_ws.l(printf1.o)
    0x08003f10   0x08003f10   0x00000004   Code   RO         4380    x$fpl$printf2       fz_ws.l(printf2.o)
    0x08003f14   0x08003f14   0x00000000   Code   RO         4468    x$fpl$usenofp       fz_ws.l(usenofp.o)
    0x08003f14   0x08003f14   0x000005f0   Data   RO         4057    .constdata          oled.o
    0x08004504   0x08004504   0x00000008   Data   RO         4302    .constdata          c_w.l(_printf_wctomb.o)
    0x0800450c   0x0800450c   0x00000028   Data   RO         4331    .constdata          c_w.l(_printf_hex_int_ll_ptr.o)
    0x08004534   0x08004534   0x00000011   Data   RO         4351    .constdata          c_w.l(__printf_flags_ss_wp.o)
    0x08004545   0x08004545   0x00000026   Data   RO         4408    .constdata          c_w.l(_printf_fp_hex.o)
    0x0800456b   0x0800456b   0x00000001   PAD
    0x0800456c   0x0800456c   0x00000094   Data   RO         4431    .constdata          c_w.l(bigflt0.o)
    0x08004600   0x08004600   0x00000020   Data   RO         4603    Region$$Table       anon$$obj.o
    0x08004620   0x08004620   0x0000001c   Data   RO         4455    locale$$data        c_w.l(lc_numeric_c.o)
    0x0800463c   0x0800463c   0x00000110   Data   RO         4476    locale$$data        c_w.l(lc_ctype_c.o)


    Execution Region RW_IRAM1 (Exec base: 0x20000000, Load base: 0x0800474c, Size: 0x00004bb0, Max: 0x00005000, ABSOLUTE)

    Exec Addr    Load Addr    Size         Type   Attr      Idx    E Section Name        Object

    0x20000000   0x0800474c   0x00000014   Data   RW         1805    .data               stm32f10x_rcc.o
    0x20000014   0x08004760   0x00000040   Data   RW         3574    .data               tasks.o
    0x20000054   0x080047a0   0x0000001c   Data   RW         3872    .data               heap_4.o
    0x20000070   0x080047bc   0x00000004   Data   RW         3932    .data               port.o
    0x20000074   0x080047c0   0x00000010   Data   RW         4190    .data               main.o
    0x20000084        -       0x000000c8   Zero   RW         3573    .bss                tasks.o
    0x2000014c        -       0x00004400   Zero   RW         3871    .bss                heap_4.o
    0x2000454c        -       0x00000060   Zero   RW         4472    .bss                c_w.l(libspace.o)
    0x200045ac   0x080047d0   0x00000004   PAD
    0x200045b0        -       0x00000200   Zero   RW          131    HEAP                startup_stm32f10x_md.o
    0x200047b0        -       0x00000400   Zero   RW          130    STACK               startup_stm32f10x_md.o


==============================================================================

Image component sizes


      Code (inc. data)   RO Data    RW Data    ZI Data      Debug   Object Name

         0          0          0          0          0       4540   core_cm3.o
         0          0          0          0          0      14156   croutine.o
         0          0          0          0          0      14492   event_groups.o
       520         58          0         28      17408       4391   heap_4.o
       124          0          0          0          0       2533   list.o
       290         72          0         16          0       1777   main.o
       132         22          0          0          0     206295   misc.o
       286         16          0          0          0       1694   myspi.o
       870         28       1520          0          0       7512   oled.o
       404         48          0          4          0       8640   port.o
      1250         12          0          0          0      12941   queue.o
        64         26        236          0       1536        788   startup_stm32f10x_md.o
         0          0          0          0          0       1648   stm32f10x_adc.o
       296          0          0          0          0      11708   stm32f10x_gpio.o
        20          0          0          0          0       2473   stm32f10x_it.o
       244         26          0         20          0      12397   stm32f10x_rcc.o
       112          0          0          0          0      10438   stm32f10x_spi.o
       460          6          0          0          0      12307   stm32f10x_usart.o
       328         28          0          0          0      31689   system_stm32f10x.o
      3030        348          0         64        200      31642   tasks.o
         0          0          0          0          0       2236   timers.o
       368         22          0          0          0       5668   usart.o

    ----------------------------------------------------------------------
      8812        712       1788        132      19144     401965   Object Totals
         0          0         32          0          0          0   (incl. Generated)
        14          0          0          0          0          0   (incl. Padding)

    ----------------------------------------------------------------------

      Code (inc. data)   RO Data    RW Data    ZI Data      Debug   Library Member Name

         8          0          0          0          0         68   __main.o
       392          4         17          0          0         92   __printf_flags_ss_wp.o
        14          0          0          0          0         68   __printf_wp.o
         0          0          0          0          0          0   __rtentry.o
        12          0          0          0          0          0   __rtentry2.o
         6          0          0          0          0          0   __rtentry4.o
        52          8          0          0          0          0   __scatter.o
        26          0          0          0          0          0   __scatter_copy.o
        28          0          0          0          0          0   __scatter_zi.o
         6          0          0          0          0          0   _printf_a.o
         6          0          0          0          0          0   _printf_c.o
        44          0          0          0          0        108   _printf_char.o
        48          6          0          0          0         96   _printf_char_common.o
        40          0          0          0          0         68   _printf_charcount.o
         6          0          0          0          0          0   _printf_d.o
       120         16          0          0          0         92   _printf_dec.o
         6          0          0          0          0          0   _printf_e.o
         6          0          0          0          0          0   _printf_f.o
      1054          0          0          0          0        216   _printf_fp_dec.o
       764          8         38          0          0        100   _printf_fp_hex.o
       128         16          0          0          0         84   _printf_fp_infnan.o
         6          0          0          0          0          0   _printf_g.o
       148          4         40          0          0        160   _printf_hex_int_ll_ptr.o
         6          0          0          0          0          0   _printf_i.o
       178          0          0          0          0         88   _printf_intcommon.o
        10          0          0          0          0          0   _printf_l.o
         6          0          0          0          0          0   _printf_lc.o
        10          0          0          0          0          0   _printf_ll.o
         6          0          0          0          0          0   _printf_lld.o
         6          0          0          0          0          0   _printf_lli.o
         6          0          0          0          0          0   _printf_llo.o
         6          0          0          0          0          0   _printf_llu.o
         6          0          0          0          0          0   _printf_llx.o
       124         16          0          0          0         92   _printf_longlong_dec.o
         6          0          0          0          0          0   _printf_ls.o
         6          0          0          0          0          0   _printf_n.o
         6          0          0          0          0          0   _printf_o.o
       112         10          0          0          0        124   _printf_oct_int_ll.o
         6          0          0          0          0          0   _printf_p.o
        78          0          0          0          0        108   _printf_pad.o
         0          0          0          0          0          0   _printf_percent.o
         4          0          0          0          0          0   _printf_percent_end.o
         6          0          0          0          0          0   _printf_s.o
        82          0          0          0          0         80   _printf_str.o
        36          0          0          0          0         84   _printf_truncate.o
         6          0          0          0          0          0   _printf_u.o
        44          0          0          0          0        108   _printf_wchar.o
       188          6          8          0          0         92   _printf_wctomb.o
         6          0          0          0          0          0   _printf_x.o
        16          0          0          0          0         68   _snputc.o
        10          0          0          0          0         68   _sputc.o
        64          0          0          0          0         92   _wcrtomb.o
       228          4        148          0          0         96   bigflt0.o
      1936        128          0          0          0        672   btod.o
        18          0          0          0          0         80   exit.o
         6          0          0          0          0        152   heapauxi.o
         0          0          0          0          0          0   indicate_semi.o
        44         10        272          0          0         76   lc_ctype_c.o
        44         10         28          0          0         76   lc_numeric_c.o
         2          0          0          0          0          0   libinit.o
        30          0          0          0          0          0   libinit2.o
         2          0          0          0          0          0   libshutdown.o
         2          0          0          0          0          0   libshutdown2.o
         8          4          0          0         96         68   libspace.o
       138          0          0          0          0         80   lludiv10.o
        16          4          0          0          0         76   rt_ctype_table.o
         8          4          0          0          0         68   rt_locale_intlibspace.o
        78          0          0          0          0         80   rt_memclr_w.o
       138          0          0          0          0         68   rt_memcpy_v6.o
       100          0          0          0          0         80   rt_memcpy_w.o
         2          0          0          0          0          0   rtexit.o
        10          0          0          0          0          0   rtexit2.o
       128          0          0          0          0         68   strcmpv7m.o
        12          4          0          0          0         68   sys_exit.o
        74          0          0          0          0         80   sys_stackheap_outer.o
         2          0          0          0          0         68   use_no_semi.o
        52          4          0          0          0         80   vsnprintf.o
         4          0          0          0          0         68   printf1.o
         4          0          0          0          0         68   printf2.o
         0          0          0          0          0          0   usenofp.o
        40          0          0          0          0         68   fpclassify.o

    ----------------------------------------------------------------------
      7100        266        552          0        100       4396   Library Totals
        14          0          1          0          4          0   (incl. Padding)

    ----------------------------------------------------------------------

      Code (inc. data)   RO Data    RW Data    ZI Data      Debug   Library Name

      7038        266        551          0         96       4192   c_w.l
         8          0          0          0          0        136   fz_ws.l
        40          0          0          0          0         68   m_ws.l

    ----------------------------------------------------------------------
      7100        266        552          0        100       4396   Library Totals

    ----------------------------------------------------------------------

==============================================================================


      Code (inc. data)   RO Data    RW Data    ZI Data      Debug   

     15912        978       2340        132      19244     398609   Grand Totals
     15912        978       2340        132      19244     398609   ELF Image Totals
     15912        978       2340        132          0          0   ROM Totals

==============================================================================

    Total RO  Size (Code + RO Data)                18252 (  17.82kB)
    Total RW  Size (RW Data + ZI Data)             19376 (  18.92kB)
    Total ROM Size (Code + RO Data + RW Data)      18384 (  17.95kB)

==============================================================================

