Component: ARM Compiler 5.06 update 5 (build 528) Tool: armlink [4d35e2]

==============================================================================

Section Cross References

    system_stm32f10x.o(i.SetSysClock) refers to system_stm32f10x.o(i.SetSysClockTo72) for SetSysClockTo72
    system_stm32f10x.o(i.SystemCoreClockUpdate) refers to system_stm32f10x.o(.data) for SystemCoreClock
    system_stm32f10x.o(i.SystemInit) refers to system_stm32f10x.o(i.SetSysClock) for SetSysClock
    startup_stm32f10x_md.o(STACK) refers (Special) to heapauxi.o(.text) for __use_two_region_memory
    startup_stm32f10x_md.o(HEAP) refers (Special) to heapauxi.o(.text) for __use_two_region_memory
    startup_stm32f10x_md.o(RESET) refers (Special) to heapauxi.o(.text) for __use_two_region_memory
    startup_stm32f10x_md.o(RESET) refers to startup_stm32f10x_md.o(STACK) for __initial_sp
    startup_stm32f10x_md.o(RESET) refers to startup_stm32f10x_md.o(.text) for Reset_Handler
    startup_stm32f10x_md.o(RESET) refers to stm32f10x_it.o(i.NMI_Handler) for NMI_Handler
    startup_stm32f10x_md.o(RESET) refers to stm32f10x_it.o(i.HardFault_Handler) for HardFault_Handler
    startup_stm32f10x_md.o(RESET) refers to stm32f10x_it.o(i.MemManage_Handler) for MemManage_Handler
    startup_stm32f10x_md.o(RESET) refers to stm32f10x_it.o(i.BusFault_Handler) for BusFault_Handler
    startup_stm32f10x_md.o(RESET) refers to stm32f10x_it.o(i.UsageFault_Handler) for UsageFault_Handler
    startup_stm32f10x_md.o(RESET) refers to port.o(.emb_text) for SVC_Handler
    startup_stm32f10x_md.o(RESET) refers to stm32f10x_it.o(i.DebugMon_Handler) for DebugMon_Handler
    startup_stm32f10x_md.o(RESET) refers to port.o(i.SysTick_Handler) for SysTick_Handler
    startup_stm32f10x_md.o(RESET) refers to usart.o(i.USART1_IRQHandler) for USART1_IRQHandler
    startup_stm32f10x_md.o(RESET) refers to esp8266.o(i.USART2_IRQHandler) for USART2_IRQHandler
    startup_stm32f10x_md.o(.text) refers (Special) to heapauxi.o(.text) for __use_two_region_memory
    startup_stm32f10x_md.o(.text) refers to system_stm32f10x.o(i.SystemInit) for SystemInit
    startup_stm32f10x_md.o(.text) refers to __main.o(!!!main) for __main
    startup_stm32f10x_md.o(.text) refers to startup_stm32f10x_md.o(HEAP) for Heap_Mem
    startup_stm32f10x_md.o(.text) refers to startup_stm32f10x_md.o(STACK) for Stack_Mem
    stm32f10x_adc.o(i.ADC_DeInit) refers to stm32f10x_rcc.o(i.RCC_APB2PeriphResetCmd) for RCC_APB2PeriphResetCmd
    stm32f10x_bkp.o(i.BKP_DeInit) refers to stm32f10x_rcc.o(i.RCC_BackupResetCmd) for RCC_BackupResetCmd
    stm32f10x_can.o(i.CAN_DeInit) refers to stm32f10x_rcc.o(i.RCC_APB1PeriphResetCmd) for RCC_APB1PeriphResetCmd
    stm32f10x_can.o(i.CAN_GetITStatus) refers to stm32f10x_can.o(i.CheckITStatus) for CheckITStatus
    stm32f10x_cec.o(i.CEC_DeInit) refers to stm32f10x_rcc.o(i.RCC_APB1PeriphResetCmd) for RCC_APB1PeriphResetCmd
    stm32f10x_dac.o(i.DAC_DeInit) refers to stm32f10x_rcc.o(i.RCC_APB1PeriphResetCmd) for RCC_APB1PeriphResetCmd
    stm32f10x_flash.o(i.FLASH_EnableWriteProtection) refers to stm32f10x_flash.o(i.FLASH_WaitForLastOperation) for FLASH_WaitForLastOperation
    stm32f10x_flash.o(i.FLASH_EraseAllBank1Pages) refers to stm32f10x_flash.o(i.FLASH_WaitForLastBank1Operation) for FLASH_WaitForLastBank1Operation
    stm32f10x_flash.o(i.FLASH_EraseAllPages) refers to stm32f10x_flash.o(i.FLASH_WaitForLastOperation) for FLASH_WaitForLastOperation
    stm32f10x_flash.o(i.FLASH_EraseOptionBytes) refers to stm32f10x_flash.o(i.FLASH_GetReadOutProtectionStatus) for FLASH_GetReadOutProtectionStatus
    stm32f10x_flash.o(i.FLASH_EraseOptionBytes) refers to stm32f10x_flash.o(i.FLASH_WaitForLastOperation) for FLASH_WaitForLastOperation
    stm32f10x_flash.o(i.FLASH_ErasePage) refers to stm32f10x_flash.o(i.FLASH_WaitForLastOperation) for FLASH_WaitForLastOperation
    stm32f10x_flash.o(i.FLASH_ProgramHalfWord) refers to stm32f10x_flash.o(i.FLASH_WaitForLastOperation) for FLASH_WaitForLastOperation
    stm32f10x_flash.o(i.FLASH_ProgramOptionByteData) refers to stm32f10x_flash.o(i.FLASH_WaitForLastOperation) for FLASH_WaitForLastOperation
    stm32f10x_flash.o(i.FLASH_ProgramWord) refers to stm32f10x_flash.o(i.FLASH_WaitForLastOperation) for FLASH_WaitForLastOperation
    stm32f10x_flash.o(i.FLASH_ReadOutProtection) refers to stm32f10x_flash.o(i.FLASH_WaitForLastOperation) for FLASH_WaitForLastOperation
    stm32f10x_flash.o(i.FLASH_UserOptionByteConfig) refers to stm32f10x_flash.o(i.FLASH_WaitForLastOperation) for FLASH_WaitForLastOperation
    stm32f10x_flash.o(i.FLASH_WaitForLastBank1Operation) refers to stm32f10x_flash.o(i.FLASH_GetBank1Status) for FLASH_GetBank1Status
    stm32f10x_flash.o(i.FLASH_WaitForLastOperation) refers to stm32f10x_flash.o(i.FLASH_GetBank1Status) for FLASH_GetBank1Status
    stm32f10x_gpio.o(i.GPIO_AFIODeInit) refers to stm32f10x_rcc.o(i.RCC_APB2PeriphResetCmd) for RCC_APB2PeriphResetCmd
[...]
    i.sha1                                   0x08004508   Section        0  hmac_sha1.o(i.sha1)
    i.usart2_int                             0x0800478c   Section        0  usart.o(i.usart2_int)
    i.usart_int                              0x08004844   Section        0  usart.o(i.usart_int)
    i.uxListRemove                           0x080048fc   Section        0  list.o(i.uxListRemove)
    i.vListInitialise                        0x08004924   Section        0  list.o(i.vListInitialise)
    i.vListInitialiseItem                    0x0800493e   Section        0  list.o(i.vListInitialiseItem)
    i.vListInsert                            0x08004944   Section        0  list.o(i.vListInsert)
    i.vPortEnterCritical                     0x08004978   Section        0  port.o(i.vPortEnterCritical)
    i.vPortExitCritical                      0x0800499c   Section        0  port.o(i.vPortExitCritical)
    i.vPortFree                              0x080049bc   Section        0  heap_4.o(i.vPortFree)
    i.vPortSetupTimerInterrupt               0x08004a08   Section        0  port.o(i.vPortSetupTimerInterrupt)
    i.vTaskDelay                             0x08004a20   Section        0  tasks.o(i.vTaskDelay)
    i.vTaskInternalSetTimeOutState           0x08004a54   Section        0  tasks.o(i.vTaskInternalSetTimeOutState)
    i.vTaskMissedYield                       0x08004a6c   Section        0  tasks.o(i.vTaskMissedYield)
    i.vTaskPlaceOnEventList                  0x08004a78   Section        0  tasks.o(i.vTaskPlaceOnEventList)
    i.vTaskStartScheduler                    0x08004a98   Section        0  tasks.o(i.vTaskStartScheduler)
    i.vTaskSuspendAll                        0x08004b04   Section        0  tasks.o(i.vTaskSuspendAll)
    i.vTaskSwitchContext                     0x08004b14   Section        0  tasks.o(i.vTaskSwitchContext)
    i.xPortStartScheduler                    0x08004b74   Section        0  port.o(i.xPortStartScheduler)
    i.xQueueCreateMutex                      0x08004ba8   Section        0  queue.o(i.xQueueCreateMutex)
    i.xQueueGenericCreate                    0x08004bca   Section        0  queue.o(i.xQueueGenericCreate)
    i.xQueueGenericReset                     0x08004c18   Section        0  queue.o(i.xQueueGenericReset)
    i.xQueueGenericSend                      0x08004cb8   Section        0  queue.o(i.xQueueGenericSend)
    i.xTaskCheckForTimeOut                   0x08004dd0   Section        0  tasks.o(i.xTaskCheckForTimeOut)
    i.xTaskCreate                            0x08004e30   Section        0  tasks.o(i.xTaskCreate)
    i.xTaskIncrementTick                     0x08004e98   Section        0  tasks.o(i.xTaskIncrementTick)
    i.xTaskPriorityDisinherit                0x08005028   Section        0  tasks.o(i.xTaskPriorityDisinherit)
    i.xTaskRemoveFromEventList               0x080050d4   Section        0  tasks.o(i.xTaskRemoveFromEventList)
    i.xTaskResumeAll                         0x080051dc   Section        0  tasks.o(i.xTaskResumeAll)
    locale$$code                             0x08005338   Section       44  lc_ctype_c.o(locale$$code)
    locale$$code                             0x08005364   Section       44  lc_numeric_c.o(locale$$code)
    x$fpl$printf1                            0x08005390   Section        4  printf1.o(x$fpl$printf1)
    x$fpl$printf2                            0x08005394   Section        4  printf2.o(x$fpl$printf2)
    .constdata                               0x08005398   Section      192  base64.o(.constdata)
    x$fpl$usenofp                            0x08005398   Section        0  usenofp.o(x$fpl$usenofp)
    base64_enc_map                           0x08005398   Data          64  base64.o(.constdata)
    base64_dec_map                           0x080053d8   Data         128  base64.o(.constdata)
    .constdata                               0x08005458   Section       17  __printf_flags_ss_wp.o(.constdata)
    maptable                                 0x08005458   Data          17  __printf_flags_ss_wp.o(.constdata)
    .constdata                               0x0800546c   Section        8  _printf_wctomb.o(.constdata)
    initial_mbstate                          0x0800546c   Data           8  _printf_wctomb.o(.constdata)
    .constdata                               0x08005474   Section       40  _printf_hex_int_ll_ptr.o(.constdata)
    uc_hextab                                0x08005474   Data          20  _printf_hex_int_ll_ptr.o(.constdata)
    lc_hextab                                0x08005488   Data          20  _printf_hex_int_ll_ptr.o(.constdata)
    .constdata                               0x0800549c   Section       38  _printf_fp_hex.o(.constdata)
    lc_hextab                                0x0800549c   Data          19  _printf_fp_hex.o(.constdata)
    uc_hextab                                0x080054af   Data          19  _printf_fp_hex.o(.constdata)
    .constdata                               0x080054c4   Section      148  bigflt0.o(.constdata)
    tenpwrs_x                                0x080054c4   Data          60  bigflt0.o(.constdata)
    tenpwrs_i                                0x08005500   Data          64  bigflt0.o(.constdata)
    .conststring                             0x08005558   Section       71  onenet.o(.conststring)
    locale$$data                             0x080055c0   Section      272  lc_ctype_c.o(locale$$data)
    __lcctype_c_name                         0x080055c4   Data           2  lc_ctype_c.o(locale$$data)
    __lcctype_c_start                        0x080055cc   Data           0  lc_ctype_c.o(locale$$data)
    locale$$data                             0x080056d0   Section       28  lc_numeric_c.o(locale$$data)
    __lcctype_c_end                          0x080056d0   Data           0  lc_ctype_c.o(locale$$data)
    __lcnum_c_name                           0x080056d4   Data           2  lc_numeric_c.o(locale$$data)
    __lcnum_c_start                          0x080056dc   Data           0  lc_numeric_c.o(locale$$data)
    __lcnum_c_point                          0x080056e8   Data           0  lc_numeric_c.o(locale$$data)
    __lcnum_c_thousands                      0x080056ea   Data           0  lc_numeric_c.o(locale$$data)
    __lcnum_c_grouping                       0x080056eb   Data           0  lc_numeric_c.o(locale$$data)
    __lcnum_c_end                            0x080056ec   Data           0  lc_numeric_c.o(locale$$data)
    .data                                    0x20000000   Section       20  stm32f10x_rcc.o(.data)
    APBAHBPrescTable                         0x20000000   Data          16  stm32f10x_rcc.o(.data)
    ADCPrescTable                            0x20000010   Data           4  stm32f10x_rcc.o(.data)
    .data                                    0x20000014   Section       64  tasks.o(.data)
    pxDelayedTaskList                        0x20000018   Data           4  tasks.o(.data)
    pxOverflowDelayedTaskList                0x2000001c   Data           4  tasks.o(.data)
    uxDeletedTasksWaitingCleanUp             0x20000020   Data           4  tasks.o(.data)
    uxCurrentNumberOfTasks                   0x20000024   Data           4  tasks.o(.data)
    xTickCount                               0x20000028   Data           4  tasks.o(.data)
    uxTopReadyPriority                       0x2000002c   Data           4  tasks.o(.data)
    xSchedulerRunning                        0x20000030   Data           4  tasks.o(.data)
    xPendedTicks                             0x20000034   Data           4  tasks.o(.data)
    xYieldPending                            0x20000038   Data           4  tasks.o(.data)
    xNumOfOverflows                          0x2000003c   Data           4  tasks.o(.data)
    uxTaskNumber                             0x20000040   Data           4  tasks.o(.data)
    xNextTaskUnblockTime                     0x20000044   Data           4  tasks.o(.data)
    xIdleTaskHandle                          0x20000048   Data           4  tasks.o(.data)
    uxSchedulerSuspended                     0x20000050   Data           4  tasks.o(.data)
    .data                                    0x20000054   Section       28  heap_4.o(.data)
    xStart                                   0x20000054   Data           8  heap_4.o(.data)
    pxEnd                                    0x2000005c   Data           4  heap_4.o(.data)
    xFreeBytesRemaining                      0x20000060   Data           4  heap_4.o(.data)
    xMinimumEverFreeBytesRemaining           0x20000064   Data           4  heap_4.o(.data)
    xNumberOfSuccessfulAllocations           0x20000068   Data           4  heap_4.o(.data)
    xNumberOfSuccessfulFrees                 0x2000006c   Data           4  heap_4.o(.data)
    .data                                    0x20000070   Section        4  port.o(.data)
    uxCriticalNesting                        0x20000070   Data           4  port.o(.data)
    .data                                    0x20000074   Section        2  esp8266.o(.data)
    .data                                    0x20000078   Section       24  main.o(.data)
    .bss                                     0x20000090   Section      200  tasks.o(.bss)
    pxReadyTasksLists                        0x20000090   Data         100  tasks.o(.bss)
    xDelayedTaskList1                        0x200000f4   Data          20  tasks.o(.bss)
    xDelayedTaskList2                        0x20000108   Data          20  tasks.o(.bss)
    xPendingReadyList                        0x2000011c   Data          20  tasks.o(.bss)
    xTasksWaitingTermination                 0x20000130   Data          20  tasks.o(.bss)
    xSuspendedTaskList                       0x20000144   Data          20  tasks.o(.bss)
    .bss                                     0x20000158   Section    17408  heap_4.o(.bss)
    ucHeap                                   0x20000158   Data       17408  heap_4.o(.bss)
    .bss                                     0x20004558   Section      256  esp8266.o(.bss)
    .bss                                     0x20004658   Section       96  libspace.o(.bss)
    HEAP                                     0x200046b8   Section      512  startup_stm32f10x_md.o(HEAP)
    Heap_Mem                                 0x200046b8   Data         512  startup_stm32f10x_md.o(HEAP)
    STACK                                    0x200048b8   Section     1792  startup_stm32f10x_md.o(STACK)
    Stack_Mem                                0x200048b8   Data        1792  startup_stm32f10x_md.o(STACK)
    __initial_sp                             0x20004fb8   Data           0  startup_stm32f10x_md.o(STACK)

    Global Symbols

    Symbol Name                              Value     Ov Type        Size  Object(Section)

    BuildAttributes$$THM_ISAv4$P$D$K$B$S$PE$A:L22UL41UL21$X:L11$S22US41US21$IEEE1$IW$USESV6$~STKCKD$USESV7$~SHL$OTIME$ROPI$IEEEJ$EBA8$UX$STANDARDLIB$REQ8$PRES8$EABIv2 0x00000000   Number         0  anon$$obj.o ABSOLUTE
    __ARM_use_no_argv                        0x00000000   Number         0  main.o ABSOLUTE
    _printf_flags                            0x00000000   Number         0  printf_stubs.o ABSOLUTE
    _printf_return_value                     0x00000000   Number         0  printf_stubs.o ABSOLUTE
    _printf_sizespec                         0x00000000   Number         0  printf_stubs.o ABSOLUTE
    _printf_widthprec                        0x00000000   Number         0  printf_stubs.o ABSOLUTE
    __ARM_exceptions_init                     - Undefined Weak Reference
    __alloca_initialize                       - Undefined Weak Reference
    __arm_preinit_                            - Undefined Weak Reference
    __cpp_initialize__aeabi_                  - Undefined Weak Reference
    __cxa_finalize                            - Undefined Weak Reference
    __sigvec_lookup                           - Undefined Weak Reference
    __user_heap_extent                        - Undefined Weak Reference
    _atexit_init                              - Undefined Weak Reference
    _call_atexit_fns                          - Undefined Weak Reference
    _clock_init                               - Undefined Weak Reference
    _fp_trap_init                             - Undefined Weak Reference
    _fp_trap_shutdown                         - Undefined Weak Reference
    _get_lc_collate                           - Undefined Weak Reference
    _get_lc_monetary                          - Undefined Weak Reference
    _get_lc_time                              - Undefined Weak Reference
    _getenv_init                              - Undefined Weak Reference
    _handle_redirection                       - Undefined Weak Reference
    _initio                                   - Undefined Weak Reference
    _mutex_acquire                            - Undefined Weak Reference
    _mutex_free                               - Undefined Weak Reference
    _mutex_release                            - Undefined Weak Reference
    _printf_mbtowc                            - Undefined Weak Reference
    _printf_wc                                - Undefined Weak Reference
    _rand_init                                - Undefined Weak Reference
    _scanf_longlong                           - Undefined Weak Reference
    _scanf_mbtowc                             - Undefined Weak Reference
    _scanf_real                               - Undefined Weak Reference
    _scanf_wctomb                             - Undefined Weak Reference
    _scanf_wstring                            - Undefined Weak Reference
    _signal_finish                            - Undefined Weak Reference
    _signal_init                              - Undefined Weak Reference
    _terminateio                              - Undefined Weak Reference
    __Vectors_Size                           0x000000ec   Number         0  startup_stm32f10x_md.o ABSOLUTE
    __Vectors                                0x08000000   Data           4  startup_stm32f10x_md.o(RESET)
    __Vectors_End                            0x080000ec   Data           0  startup_stm32f10x_md.o(RESET)
    __main                                   0x080000ed   Thumb Code     8  __main.o(!!!main)
    __scatterload                            0x080000f5   Thumb Code     0  __scatter.o(!!!scatter)
    __scatterload_rt2                        0x080000f5   Thumb Code    44  __scatter.o(!!!scatter)
    __scatterload_rt2_thumb_only             0x080000f5   Thumb Code     0  __scatter.o(!!!scatter)
    __scatterload_null                       0x08000103   Thumb Code     0  __scatter.o(!!!scatter)
    __scatterload_copy                       0x08000129   Thumb Code    26  __scatter_copy.o(!!handler_copy)
    __scatterload_zeroinit                   0x08000145   Thumb Code    28  __scatter_zi.o(!!handler_zi)
    _printf_n                                0x08000161   Thumb Code     0  _printf_n.o(.ARM.Collect$$_printf_percent$$00000001)
    _printf_percent                          0x08000161   Thumb Code     0  _printf_percent.o(.ARM.Collect$$_printf_percent$$00000000)
    _printf_p                                0x08000167   Thumb Code     0  _printf_p.o(.ARM.Collect$$_printf_percent$$00000002)
    _printf_f                                0x0800016d   Thumb Code     0  _printf_f.o(.ARM.Collect$$_printf_percent$$00000003)
    _printf_e                                0x08000173   Thumb Code     0  _printf_e.o(.ARM.Collect$$_printf_percent$$00000004)
    _printf_g                                0x08000179   Thumb Code     0  _printf_g.o(.ARM.Collect$$_printf_percent$$00000005)
    _printf_a                                0x0800017f   Thumb Code     0  _printf_a.o(.ARM.Collect$$_printf_percent$$00000006)
    _printf_ll                               0x08000185   Thumb Code     0  _printf_ll.o(.ARM.Collect$$_printf_percent$$00000007)
    _printf_i                                0x0800018f   Thumb Code     0  _printf_i.o(.ARM.Collect$$_printf_percent$$00000008)
    _printf_d                                0x08000195   Thumb Code     0  _printf_d.o(.ARM.Collect$$_printf_percent$$00000009)
    _printf_u                                0x0800019b   Thumb Code     0  _printf_u.o(.ARM.Collect$$_printf_percent$$0000000A)
    _printf_o                                0x080001a1   Thumb Code     0  _printf_o.o(.ARM.Collect$$_printf_percent$$0000000B)
    _printf_x                                0x080001a7   Thumb Code     0  _printf_x.o(.ARM.Collect$$_printf_percent$$0000000C)
    _printf_lli                              0x080001ad   Thumb Code     0  _printf_lli.o(.ARM.Collect$$_printf_percent$$0000000D)
    _printf_lld                              0x080001b3   Thumb Code     0  _printf_lld.o(.ARM.Collect$$_printf_percent$$0000000E)
    _printf_llu                              0x080001b9   Thumb Code     0  _printf_llu.o(.ARM.Collect$$_printf_percent$$0000000F)
    _printf_llo                              0x080001bf   Thumb Code     0  _printf_llo.o(.ARM.Collect$$_printf_percent$$00000010)
    _printf_llx                              0x080001c5   Thumb Code     0  _printf_llx.o(.ARM.Collect$$_printf_percent$$00000011)
    _printf_l                                0x080001cb   Thumb Code     0  _printf_l.o(.ARM.Collect$$_printf_percent$$00000012)
    _printf_c                                0x080001d5   Thumb Code     0  _printf_c.o(.ARM.Collect$$_printf_percent$$00000013)
    _printf_s                                0x080001db   Thumb Code     0  _printf_s.o(.ARM.Collect$$_printf_percent$$00000014)
    _printf_lc                               0x080001e1   Thumb Code     0  _printf_lc.o(.ARM.Collect$$_printf_percent$$00000015)
    _printf_ls                               0x080001e7   Thumb Code     0  _printf_ls.o(.ARM.Collect$$_printf_percent$$00000016)
    _printf_percent_end                      0x080001ed   Thumb Code     0  _printf_percent_end.o(.ARM.Collect$$_printf_percent$$00000017)
    __rt_lib_init                            0x080001f1   Thumb Code     0  libinit.o(.ARM.Collect$$libinit$$00000000)
    __rt_lib_init_fp_1                       0x080001f3   Thumb Code     0  libinit2.o(.ARM.Collect$$libinit$$00000002)
    __rt_lib_init_heap_2                     0x080001f3   Thumb Code     0  libinit2.o(.ARM.Collect$$libinit$$00000005)
    __rt_lib_init_preinit_1                  0x080001f3   Thumb Code     0  libinit2.o(.ARM.Collect$$libinit$$00000004)
    __rt_lib_init_heap_1                     0x080001fb   Thumb Code     0  libinit2.o(.ARM.Collect$$libinit$$0000000A)
    __rt_lib_init_lc_common                  0x080001fb   Thumb Code     0  libinit2.o(.ARM.Collect$$libinit$$0000000F)
    __rt_lib_init_rand_1                     0x080001fb   Thumb Code     0  libinit2.o(.ARM.Collect$$libinit$$0000000E)
    __rt_lib_init_user_alloc_1               0x080001fb   Thumb Code     0  libinit2.o(.ARM.Collect$$libinit$$0000000C)
    __rt_lib_init_lc_collate_1               0x08000201   Thumb Code     0  libinit2.o(.ARM.Collect$$libinit$$00000011)
    __rt_lib_init_lc_ctype_2                 0x08000201   Thumb Code     0  libinit2.o(.ARM.Collect$$libinit$$00000012)
    __rt_lib_init_lc_ctype_1                 0x0800020d   Thumb Code     0  libinit2.o(.ARM.Collect$$libinit$$00000013)
    __rt_lib_init_lc_monetary_1              0x0800020d   Thumb Code     0  libinit2.o(.ARM.Collect$$libinit$$00000015)
    __rt_lib_init_lc_numeric_2               0x0800020d   Thumb Code     0  libinit2.o(.ARM.Collect$$libinit$$00000016)
    __rt_lib_init_alloca_1                   0x08000217   Thumb Code     0  libinit2.o(.ARM.Collect$$libinit$$0000002E)
    __rt_lib_init_argv_1                     0x08000217   Thumb Code     0  libinit2.o(.ARM.Collect$$libinit$$0000002C)
    __rt_lib_init_atexit_1                   0x08000217   Thumb Code     0  libinit2.o(.ARM.Collect$$libinit$$0000001B)
    __rt_lib_init_clock_1                    0x08000217   Thumb Code     0  libinit2.o(.ARM.Collect$$libinit$$00000021)
    __rt_lib_init_cpp_1                      0x08000217   Thumb Code     0  libinit2.o(.ARM.Collect$$libinit$$00000032)
    __rt_lib_init_exceptions_1               0x08000217   Thumb Code     0  libinit2.o(.ARM.Collect$$libinit$$00000030)
    __rt_lib_init_fp_trap_1                  0x08000217   Thumb Code     0  libinit2.o(.ARM.Collect$$libinit$$0000001F)
    __rt_lib_init_getenv_1                   0x08000217   Thumb Code     0  libinit2.o(.ARM.Collect$$libinit$$00000023)
    __rt_lib_init_lc_numeric_1               0x08000217   Thumb Code     0  libinit2.o(.ARM.Collect$$libinit$$00000017)
    __rt_lib_init_lc_time_1                  0x08000217   Thumb Code     0  libinit2.o(.ARM.Collect$$libinit$$00000019)
    __rt_lib_init_return                     0x08000217   Thumb Code     0  libinit2.o(.ARM.Collect$$libinit$$00000033)
    __rt_lib_init_signal_1                   0x08000217   Thumb Code     0  libinit2.o(.ARM.Collect$$libinit$$0000001D)
    __rt_lib_init_stdio_1                    0x08000217   Thumb Code     0  libinit2.o(.ARM.Collect$$libinit$$00000025)
    __rt_lib_shutdown                        0x08000219   Thumb Code     0  libshutdown.o(.ARM.Collect$$libshutdown$$00000000)
    __rt_lib_shutdown_cpp_1                  0x0800021b   Thumb Code     0  libshutdown2.o(.ARM.Collect$$libshutdown$$00000002)
    __rt_lib_shutdown_fp_trap_1              0x0800021b   Thumb Code     0  libshutdown2.o(.ARM.Collect$$libshutdown$$00000007)
    __rt_lib_shutdown_heap_1                 0x0800021b   Thumb Code     0  libshutdown2.o(.ARM.Collect$$libshutdown$$0000000F)
    __rt_lib_shutdown_return                 0x0800021b   Thumb Code     0  libshutdown2.o(.ARM.Collect$$libshutdown$$00000010)
    __rt_lib_shutdown_signal_1               0x0800021b   Thumb Code     0  libshutdown2.o(.ARM.Collect$$libshutdown$$0000000A)
    __rt_lib_shutdown_stdio_1                0x0800021b   Thumb Code     0  libshutdown2.o(.ARM.Collect$$libshutdown$$00000004)
    __rt_lib_shutdown_user_alloc_1           0x0800021b   Thumb Code     0  libshutdown2.o(.ARM.Collect$$libshutdown$$0000000C)
    __rt_entry                               0x0800021d   Thumb Code     0  __rtentry.o(.ARM.Collect$$rtentry$$00000000)
    __rt_entry_presh_1                       0x0800021d   Thumb Code     0  __rtentry2.o(.ARM.Collect$$rtentry$$00000002)
    __rt_entry_sh                            0x0800021d   Thumb Code     0  __rtentry4.o(.ARM.Collect$$rtentry$$00000004)
    __rt_entry_li                            0x08000223   Thumb Code     0  __rtentry2.o(.ARM.Collect$$rtentry$$0000000A)
    __rt_entry_postsh_1                      0x08000223   Thumb Code     0  __rtentry2.o(.ARM.Collect$$rtentry$$00000009)
    __rt_entry_main                          0x08000227   Thumb Code     0  __rtentry2.o(.ARM.Collect$$rtentry$$0000000D)
    __rt_entry_postli_1                      0x08000227   Thumb Code     0  __rtentry2.o(.ARM.Collect$$rtentry$$0000000C)
    __rt_exit                                0x0800022f   Thumb Code     0  rtexit.o(.ARM.Collect$$rtexit$$00000000)
    __rt_exit_ls                             0x08000231   Thumb Code     0  rtexit2.o(.ARM.Collect$$rtexit$$00000003)
    __rt_exit_prels_1                        0x08000231   Thumb Code     0  rtexit2.o(.ARM.Collect$$rtexit$$00000002)
    __rt_exit_exit                           0x08000235   Thumb Code     0  rtexit2.o(.ARM.Collect$$rtexit$$00000004)
    SVC_Handler                              0x0800023d   Thumb Code    32  port.o(.emb_text)
    __asm___6_port_c_39a90d8d__prvStartFirstTask 0x08000261   Thumb Code    28  port.o(.emb_text)
    PendSV_Handler                           0x08000281   Thumb Code    72  port.o(.emb_text)
    vPortGetIPSR                             0x080002cd   Thumb Code     6  port.o(.emb_text)
    Reset_Handler                            0x080002d5   Thumb Code     8  startup_stm32f10x_md.o(.text)
    _maybe_terminate_alloc                   0x080002d5   Thumb Code     0  maybetermalloc1.o(.emb_text)
    ADC1_2_IRQHandler                        0x080002ef   Thumb Code     0  startup_stm32f10x_md.o(.text)
    CAN1_RX1_IRQHandler                      0x080002ef   Thumb Code     0  startup_stm32f10x_md.o(.text)
    CAN1_SCE_IRQHandler                      0x080002ef   Thumb Code     0  startup_stm32f10x_md.o(.text)
    DMA1_Channel1_IRQHandler                 0x080002ef   Thumb Code     0  startup_stm32f10x_md.o(.text)
    DMA1_Channel2_IRQHandler                 0x080002ef   Thumb Code     0  startup_stm32f10x_md.o(.text)
    DMA1_Channel3_IRQHandler                 0x080002ef   Thumb Code     0  startup_stm32f10x_md.o(.text)
    DMA1_Channel4_IRQHandler                 0x080002ef   Thumb Code     0  startup_stm32f10x_md.o(.text)
    DMA1_Channel5_IRQHandler                 0x080002ef   Thumb Code     0  startup_stm32f10x_md.o(.text)
    DMA1_Channel6_IRQHandler                 0x080002ef   Thumb Code     0  startup_stm32f10x_md.o(.text)
    DMA1_Channel7_IRQHandler                 0x080002ef   Thumb Code     0  startup_stm32f10x_md.o(.text)
    EXTI0_IRQHandler                         0x080002ef   Thumb Code     0  startup_stm32f10x_md.o(.text)
    EXTI15_10_IRQHandler                     0x080002ef   Thumb Code     0  startup_stm32f10x_md.o(.text)
    EXTI1_IRQHandler                         0x080002ef   Thumb Code     0  startup_stm32f10x_md.o(.text)
    EXTI2_IRQHandler                         0x080002ef   Thumb Code     0  startup_stm32f10x_md.o(.text)
    EXTI3_IRQHandler                         0x080002ef   Thumb Code     0  startup_stm32f10x_md.o(.text)
    EXTI4_IRQHandler                         0x080002ef   Thumb Code     0  startup_stm32f10x_md.o(.text)
    EXTI9_5_IRQHandler                       0x080002ef   Thumb Code     0  startup_stm32f10x_md.o(.text)
    FLASH_IRQHandler                         0x080002ef   Thumb Code     0  startup_stm32f10x_md.o(.text)
    I2C1_ER_IRQHandler                       0x080002ef   Thumb Code     0  startup_stm32f10x_md.o(.text)
    I2C1_EV_IRQHandler                       0x080002ef   Thumb Code     0  startup_stm32f10x_md.o(.text)
    I2C2_ER_IRQHandler                       0x080002ef   Thumb Code     0  startup_stm32f10x_md.o(.text)
    I2C2_EV_IRQHandler                       0x080002ef   Thumb Code     0  startup_stm32f10x_md.o(.text)
    PVD_IRQHandler                           0x080002ef   Thumb Code     0  startup_stm32f10x_md.o(.text)
    RCC_IRQHandler                           0x080002ef   Thumb Code     0  startup_stm32f10x_md.o(.text)
    RTCAlarm_IRQHandler                      0x080002ef   Thumb Code     0  startup_stm32f10x_md.o(.text)
    RTC_IRQHandler                           0x080002ef   Thumb Code     0  startup_stm32f10x_md.o(.text)
    SPI1_IRQHandler                          0x080002ef   Thumb Code     0  startup_stm32f10x_md.o(.text)
    SPI2_IRQHandler                          0x080002ef   Thumb Code     0  startup_stm32f10x_md.o(.text)
    TAMPER_IRQHandler                        0x080002ef   Thumb Code     0  startup_stm32f10x_md.o(.text)
    TIM1_BRK_IRQHandler                      0x080002ef   Thumb Code     0  startup_stm32f10x_md.o(.text)
    TIM1_CC_IRQHandler                       0x080002ef   Thumb Code     0  startup_stm32f10x_md.o(.text)
    TIM1_TRG_COM_IRQHandler                  0x080002ef   Thumb Code     0  startup_stm32f10x_md.o(.text)
    TIM1_UP_IRQHandler                       0x080002ef   Thumb Code     0  startup_stm32f10x_md.o(.text)
    TIM2_IRQHandler                          0x080002ef   Thumb Code     0  startup_stm32f10x_md.o(.text)
    TIM3_IRQHandler                          0x080002ef   Thumb Code     0  startup_stm32f10x_md.o(.text)
    TIM4_IRQHandler                          0x080002ef   Thumb Code     0  startup_stm32f10x_md.o(.text)
    USART3_IRQHandler                        0x080002ef   Thumb Code     0  startup_stm32f10x_md.o(.text)
    USBWakeUp_IRQHandler                     0x080002ef   Thumb Code     0  startup_stm32f10x_md.o(.text)
    USB_HP_CAN1_TX_IRQHandler                0x080002ef   Thumb Code     0  startup_stm32f10x_md.o(.text)
    USB_LP_CAN1_RX0_IRQHandler               0x080002ef   Thumb Code     0  startup_stm32f10x_md.o(.text)
    WWDG_IRQHandler                          0x080002ef   Thumb Code     0  startup_stm32f10x_md.o(.text)
    __user_initial_stackheap                 0x080002f1   Thumb Code     0  startup_stm32f10x_md.o(.text)
    malloc                                   0x08000315   Thumb Code    94  h1_alloc.o(.text)
    free                                     0x08000373   Thumb Code    78  h1_free.o(.text)
    vsnprintf                                0x080003c1   Thumb Code    48  vsnprintf.o(.text)
    __2sprintf                               0x080003f5   Thumb Code    38  __2sprintf.o(.text)
    __2snprintf                              0x08000421   Thumb Code    50  __2snprintf.o(.text)
    _printf_str                              0x08000459   Thumb Code    82  _printf_str.o(.text)
    _printf_int_dec                          0x080004ad   Thumb Code   104  _printf_dec.o(.text)
    _printf_longlong_dec                     0x08000525   Thumb Code   108  _printf_longlong_dec.o(.text)
    __printf                                 0x080005a1   Thumb Code   388  __printf_flags_ss_wp.o(.text)
    strchr                                   0x08000729   Thumb Code    20  strchr.o(.text)
    strncat                                  0x0800073d   Thumb Code    36  strncat.o(.text)
    strstr                                   0x08000761   Thumb Code    36  strstr.o(.text)
    strcpy                                   0x08000785   Thumb Code    72  strcpy.o(.text)
    strlen                                   0x080007cd   Thumb Code    62  strlen.o(.text)
    strcat                                   0x0800080b   Thumb Code    24  strcat.o(.text)
    __aeabi_memcpy                           0x08000823   Thumb Code     0  rt_memcpy_v6.o(.text)
    __rt_memcpy                              0x08000823   Thumb Code   138  rt_memcpy_v6.o(.text)
    _memcpy_lastbytes                        0x08000889   Thumb Code     0  rt_memcpy_v6.o(.text)
    __aeabi_memcpy4                          0x080008ad   Thumb Code     0  rt_memcpy_w.o(.text)
    __aeabi_memcpy8                          0x080008ad   Thumb Code     0  rt_memcpy_w.o(.text)
    __rt_memcpy_w                            0x080008ad   Thumb Code   100  rt_memcpy_w.o(.text)
    _memcpy_lastbytes_aligned                0x080008f5   Thumb Code     0  rt_memcpy_w.o(.text)
    __aeabi_memclr                           0x08000911   Thumb Code     0  rt_memclr.o(.text)
    __rt_memclr                              0x08000911   Thumb Code    68  rt_memclr.o(.text)
    _memset                                  0x08000915   Thumb Code     0  rt_memclr.o(.text)
    __aeabi_memclr4                          0x08000955   Thumb Code     0  rt_memclr_w.o(.text)
    __aeabi_memclr8                          0x08000955   Thumb Code     0  rt_memclr_w.o(.text)
    __rt_memclr_w                            0x08000955   Thumb Code    78  rt_memclr_w.o(.text)
    _memset_w                                0x08000959   Thumb Code     0  rt_memclr_w.o(.text)
    __use_two_region_memory                  0x080009a3   Thumb Code     2  heapauxi.o(.text)
    __rt_heap_escrow                         0x080009a5   Thumb Code     2  heapauxi.o(.text)
    __rt_heap_expand                         0x080009a7   Thumb Code     2  heapauxi.o(.text)
    __rt_heap_descriptor                     0x080009a9   Thumb Code     8  rt_heap_descriptor_intlibspace.o(.text)
    __use_no_heap                            0x080009b1   Thumb Code     2  hguard.o(.text)
    __heap$guard                             0x080009b3   Thumb Code     2  hguard.o(.text)
    _terminate_user_alloc                    0x080009b5   Thumb Code     2  init_alloc.o(.text)
    _init_user_alloc                         0x080009b7   Thumb Code     2  init_alloc.o(.text)
    __Heap_Full                              0x080009b9   Thumb Code    34  init_alloc.o(.text)
    __Heap_Broken                            0x080009db   Thumb Code     6  init_alloc.o(.text)
    _init_alloc                              0x080009e1   Thumb Code    94  init_alloc.o(.text)
    __Heap_Initialize                        0x08000a3f   Thumb Code    10  h1_init.o(.text)
    __Heap_DescSize                          0x08000a49   Thumb Code     4  h1_init.o(.text)
    _ll_udiv10                               0x08000a4d   Thumb Code   138  lludiv10.o(.text)
    _printf_pre_padding                      0x08000ad7   Thumb Code    44  _printf_pad.o(.text)
    _printf_post_padding                     0x08000b03   Thumb Code    34  _printf_pad.o(.text)
    _printf_truncate_signed                  0x08000b25   Thumb Code    18  _printf_truncate.o(.text)
    _printf_truncate_unsigned                0x08000b37   Thumb Code    18  _printf_truncate.o(.text)
    _printf_int_common                       0x08000b49   Thumb Code   178  _printf_intcommon.o(.text)
    _printf_charcount                        0x08000bfb   Thumb Code    40  _printf_charcount.o(.text)
    _printf_char_common                      0x08000c2f   Thumb Code    32  _printf_char_common.o(.text)
    _sputc                                   0x08000c55   Thumb Code    10  _sputc.o(.text)
    _snputc                                  0x08000c5f   Thumb Code    16  _snputc.o(.text)
    _printf_cs_common                        0x08000c6f   Thumb Code    20  _printf_char.o(.text)
    _printf_char                             0x08000c83   Thumb Code    16  _printf_char.o(.text)
    _printf_string                           0x08000c93   Thumb Code     8  _printf_char.o(.text)
    _printf_wctomb                           0x08000c9d   Thumb Code   182  _printf_wctomb.o(.text)
    _printf_longlong_oct                     0x08000d59   Thumb Code    66  _printf_oct_int_ll.o(.text)
    _printf_int_oct                          0x08000d9b   Thumb Code    24  _printf_oct_int_ll.o(.text)
    _printf_ll_oct                           0x08000db3   Thumb Code    12  _printf_oct_int_ll.o(.text)
    _printf_longlong_hex                     0x08000dc9   Thumb Code    86  _printf_hex_int_ll_ptr.o(.text)
    _printf_int_hex                          0x08000e1f   Thumb Code    28  _printf_hex_int_ll_ptr.o(.text)
    _printf_ll_hex                           0x08000e3b   Thumb Code    12  _printf_hex_int_ll_ptr.o(.text)
    _printf_hex_ptr                          0x08000e47   Thumb Code    18  _printf_hex_int_ll_ptr.o(.text)
    __user_libspace                          0x08000e5d   Thumb Code     8  libspace.o(.text)
    __user_perproc_libspace                  0x08000e5d   Thumb Code     0  libspace.o(.text)
    __user_perthread_libspace                0x08000e5d   Thumb Code     0  libspace.o(.text)
    __rt_ctype_table                         0x08000e65   Thumb Code    16  rt_ctype_table.o(.text)
    __Heap_ProvideMemory                     0x08000e75   Thumb Code    52  h1_extend.o(.text)
    __lib_sel_fp_printf                      0x08000ea9   Thumb Code     2  _printf_fp_dec.o(.text)
    _printf_fp_dec_real                      0x0800105b   Thumb Code   620  _printf_fp_dec.o(.text)
    _printf_fp_hex_real                      0x080012c9   Thumb Code   756  _printf_fp_hex.o(.text)
    _printf_lcs_common                       0x080015c5   Thumb Code    20  _printf_wchar.o(.text)
    _printf_wchar                            0x080015d9   Thumb Code    16  _printf_wchar.o(.text)
    _printf_wstring                          0x080015e9   Thumb Code     8  _printf_wchar.o(.text)
    _wcrtomb                                 0x080015f1   Thumb Code    64  _wcrtomb.o(.text)
    __rt_SIGRTMEM                            0x08001631   Thumb Code    14  defsig_rtmem_outer.o(.text)
    __I$use$semihosting                      0x0800163f   Thumb Code     0  use_no_semi.o(.text)
    __use_no_semihosting_swi                 0x0800163f   Thumb Code     2  use_no_semi.o(.text)
    __semihosting_library_function           0x08001641   Thumb Code     0  indicate_semi.o(.text)
    __user_setup_stackheap                   0x08001641   Thumb Code    74  sys_stackheap_outer.o(.text)
    __rt_locale                              0x0800168d   Thumb Code     8  rt_locale_intlibspace.o(.text)
    _printf_fp_infnan                        0x08001695   Thumb Code   112  _printf_fp_infnan.o(.text)
    _btod_etento                             0x08001715   Thumb Code   224  bigflt0.o(.text)
    exit                                     0x080017f9   Thumb Code    18  exit.o(.text)
    __sig_exit                               0x0800180b   Thumb Code    10  defsig_exit.o(.text)
    __rt_SIGRTMEM_inner                      0x08001815   Thumb Code    22  defsig_rtmem_inner.o(.text)
    _sys_exit                                0x08001865   Thumb Code     8  sys_exit.o(.text)
    __default_signal_display                 0x08001871   Thumb Code    50  defsig_general.o(.text)
    strcmp                                   0x080018a5   Thumb Code   128  strcmpv7m.o(.text)
    _ttywrch                                 0x08001925   Thumb Code    14  sys_wrch.o(.text)
    _btod_d2e                                0x08001933   Thumb Code    62  btod.o(CL$$btod_d2e)
    _d2e_denorm_low                          0x08001971   Thumb Code    70  btod.o(CL$$btod_d2e_denorm_low)
    _d2e_norm_op1                            0x080019b7   Thumb Code    96  btod.o(CL$$btod_d2e_norm_op1)
    __btod_div_common                        0x08001a17   Thumb Code   696  btod.o(CL$$btod_div_common)
    _e2e                                     0x08001d4f   Thumb Code   220  btod.o(CL$$btod_e2e)
    _btod_ediv                               0x08001e2b   Thumb Code    42  btod.o(CL$$btod_ediv)
    _btod_emul                               0x08001e55   Thumb Code    42  btod.o(CL$$btod_emul)
    __btod_mult_common                       0x08001e7f   Thumb Code   580  btod.o(CL$$btod_mult_common)
    BASE64_Decode                            0x080020c5   Thumb Code   360  base64.o(i.BASE64_Decode)
    BASE64_Encode                            0x08002231   Thumb Code   320  base64.o(i.BASE64_Encode)
    BusFault_Handler                         0x08002375   Thumb Code     4  stm32f10x_it.o(i.BusFault_Handler)
    DebugMon_Handler                         0x08002379   Thumb Code     2  stm32f10x_it.o(i.DebugMon_Handler)
    ESP8266_GetIPD                           0x0800237d   Thumb Code    68  esp8266.o(i.ESP8266_GetIPD)
    ESP8266_SendCmd                          0x080023cd   Thumb Code    62  esp8266.o(i.ESP8266_SendCmd)
    ESP8266_SendData                         0x08002415   Thumb Code    46  esp8266.o(i.ESP8266_SendData)
    ESP8266_WaitRecive                       0x0800245d   Thumb Code    42  esp8266.o(i.ESP8266_WaitRecive)
    GPIO_Init                                0x08002491   Thumb Code   278  stm32f10x_gpio.o(i.GPIO_Init)
    GPIO_ResetBits                           0x080025a7   Thumb Code     4  stm32f10x_gpio.o(i.GPIO_ResetBits)
    GPIO_SetBits                             0x080025ab   Thumb Code     4  stm32f10x_gpio.o(i.GPIO_SetBits)
    HardFault_Handler                        0x080025af   Thumb Code     4  stm32f10x_it.o(i.HardFault_Handler)
    MQTT_DeleteBuffer                        0x080025b3   Thumb Code    28  mqttkit.o(i.MQTT_DeleteBuffer)
    MQTT_DumpLength                          0x080025cf   Thumb Code    46  mqttkit.o(i.MQTT_DumpLength)
    MQTT_NewBuffer                           0x080025fd   Thumb Code    88  mqttkit.o(i.MQTT_NewBuffer)
    MQTT_PacketConnect                       0x08002655   Thumb Code   666  mqttkit.o(i.MQTT_PacketConnect)
    MQTT_PacketPublish                       0x080028f5   Thumb Code   440  mqttkit.o(i.MQTT_PacketPublish)
    MQTT_PacketSaveData                      0x08002aad   Thumb Code    68  mqttkit.o(i.MQTT_PacketSaveData)
    MQTT_ReadLength                          0x08002b0d   Thumb Code    70  mqttkit.o(i.MQTT_ReadLength)
    MQTT_UnPacketConnectAck                  0x08002b53   Thumb Code    30  mqttkit.o(i.MQTT_UnPacketConnectAck)
    MQTT_UnPacketRecv                        0x08002b71   Thumb Code   106  mqttkit.o(i.MQTT_UnPacketRecv)
    MemManage_Handler                        0x08002be5   Thumb Code     4  stm32f10x_it.o(i.MemManage_Handler)
    NMI_Handler                              0x08002be9   Thumb Code     2  stm32f10x_it.o(i.NMI_Handler)
    NVIC_Init                                0x08002bed   Thumb Code   100  misc.o(i.NVIC_Init)
    NVIC_PriorityGroupConfig                 0x08002c5d   Thumb Code    10  misc.o(i.NVIC_PriorityGroupConfig)
    OneNet_DevLink                           0x08002f39   Thumb Code   256  onenet.o(i.OneNet_DevLink)
    OneNet_FillBuf                           0x080031d9   Thumb Code   168  onenet.o(i.OneNet_FillBuf)
    OneNet_SendData                          0x08003305   Thumb Code   130  onenet.o(i.OneNet_SendData)
    RCC_APB1PeriphClockCmd                   0x080033f1   Thumb Code    26  stm32f10x_rcc.o(i.RCC_APB1PeriphClockCmd)
    RCC_APB2PeriphClockCmd                   0x08003411   Thumb Code    26  stm32f10x_rcc.o(i.RCC_APB2PeriphClockCmd)
    RCC_GetClocksFreq                        0x08003431   Thumb Code   192  stm32f10x_rcc.o(i.RCC_GetClocksFreq)
    SendByte                                 0x08003505   Thumb Code    30  usart.o(i.SendByte)
    Serial_Printf                            0x08003525   Thumb Code    40  usart.o(i.Serial_Printf)
    Serial_SendString                        0x08003551   Thumb Code    30  usart.o(i.Serial_SendString)
    SysTick_Handler                          0x08003659   Thumb Code    46  port.o(i.SysTick_Handler)
    SystemInit                               0x0800368d   Thumb Code    78  system_stm32f10x.o(i.SystemInit)
    USART1_IRQHandler                        0x080036ed   Thumb Code    38  usart.o(i.USART1_IRQHandler)
    USART2_IRQHandler                        0x08003719   Thumb Code    74  esp8266.o(i.USART2_IRQHandler)
    USART_ClearFlag                          0x08003775   Thumb Code    18  stm32f10x_usart.o(i.USART_ClearFlag)
    USART_ClearITPendingBit                  0x08003787   Thumb Code    30  stm32f10x_usart.o(i.USART_ClearITPendingBit)
    USART_Cmd                                0x080037a5   Thumb Code    24  stm32f10x_usart.o(i.USART_Cmd)
    USART_GetFlagStatus                      0x080037bd   Thumb Code    26  stm32f10x_usart.o(i.USART_GetFlagStatus)
    USART_GetITStatus                        0x080037d7   Thumb Code    84  stm32f10x_usart.o(i.USART_GetITStatus)
    USART_ITConfig                           0x0800382b   Thumb Code    74  stm32f10x_usart.o(i.USART_ITConfig)
    USART_Init                               0x08003875   Thumb Code   210  stm32f10x_usart.o(i.USART_Init)
    USART_ReceiveData                        0x0800394d   Thumb Code    10  stm32f10x_usart.o(i.USART_ReceiveData)
    USART_SendData                           0x08003957   Thumb Code     8  stm32f10x_usart.o(i.USART_SendData)
    UsageFault_Handler                       0x0800395f   Thumb Code     4  stm32f10x_it.o(i.UsageFault_Handler)
    UsartPrintf                              0x08003963   Thumb Code    72  usart.o(i.UsartPrintf)
    Usart_SendString                         0x080039ab   Thumb Code    50  usart.o(i.Usart_SendString)
    __ARM_fpclassify                         0x080039dd   Thumb Code    40  fpclassify.o(i.__ARM_fpclassify)
    _is_digit                                0x08003a05   Thumb Code    14  __printf_wp.o(i._is_digit)
    esp8266_clear                            0x08003a15   Thumb Code    20  esp8266.o(i.esp8266_clear)
    esp8266_init                             0x08003a31   Thumb Code   128  esp8266.o(i.esp8266_init)
    ft                                       0x08003b49   Thumb Code    76  hmac_sha1.o(i.ft)
    hmac_sha1                                0x08003b95   Thumb Code   302  hmac_sha1.o(i.hmac_sha1)
    k                                        0x08003cc5   Thumb Code    34  hmac_sha1.o(i.k)
    main                                     0x08003cf9   Thumb Code   102  main.o(i.main)
    mytask                                   0x08003d79   Thumb Code    94  main.o(i.mytask)
    pvPortMalloc                             0x080043d1   Thumb Code   208  heap_4.o(i.pvPortMalloc)
    pxPortInitialiseStack                    0x080044b5   Thumb Code    30  port.o(i.pxPortInitialiseStack)
    rotl                                     0x080044d9   Thumb Code    46  hmac_sha1.o(i.rotl)
    sha1                                     0x08004509   Thumb Code   632  hmac_sha1.o(i.sha1)
    usart2_int                               0x0800478d   Thumb Code   174  usart.o(i.usart2_int)
    usart_int                                0x08004845   Thumb Code   176  usart.o(i.usart_int)
    uxListRemove                             0x080048fd   Thumb Code    40  list.o(i.uxListRemove)
    vListInitialise                          0x08004925   Thumb Code    26  list.o(i.vListInitialise)
    vListInitialiseItem                      0x0800493f   Thumb Code     6  list.o(i.vListInitialiseItem)
    vListInsert                              0x08004945   Thumb Code    52  list.o(i.vListInsert)
    vPortEnterCritical                       0x08004979   Thumb Code    30  port.o(i.vPortEnterCritical)
    vPortExitCritical                        0x0800499d   Thumb Code    28  port.o(i.vPortExitCritical)
    vPortFree                                0x080049bd   Thumb Code    68  heap_4.o(i.vPortFree)
    vPortSetupTimerInterrupt                 0x08004a09   Thumb Code    20  port.o(i.vPortSetupTimerInterrupt)
    vTaskDelay                               0x08004a21   Thumb Code    46  tasks.o(i.vTaskDelay)
    vTaskInternalSetTimeOutState             0x08004a55   Thumb Code    14  tasks.o(i.vTaskInternalSetTimeOutState)
    vTaskMissedYield                         0x08004a6d   Thumb Code     8  tasks.o(i.vTaskMissedYield)
    vTaskPlaceOnEventList                    0x08004a79   Thumb Code    28  tasks.o(i.vTaskPlaceOnEventList)
    vTaskStartScheduler                      0x08004a99   Thumb Code    76  tasks.o(i.vTaskStartScheduler)
    vTaskSuspendAll                          0x08004b05   Thumb Code    12  tasks.o(i.vTaskSuspendAll)
    vTaskSwitchContext                       0x08004b15   Thumb Code    76  tasks.o(i.vTaskSwitchContext)
    xPortStartScheduler                      0x08004b75   Thumb Code    42  port.o(i.xPortStartScheduler)
    xQueueCreateMutex                        0x08004ba9   Thumb Code    34  queue.o(i.xQueueCreateMutex)
    xQueueGenericCreate                      0x08004bcb   Thumb Code    76  queue.o(i.xQueueGenericCreate)
    xQueueGenericReset                       0x08004c19   Thumb Code   156  queue.o(i.xQueueGenericReset)
    xQueueGenericSend                        0x08004cb9   Thumb Code   276  queue.o(i.xQueueGenericSend)
    xTaskCheckForTimeOut                     0x08004dd1   Thumb Code    88  tasks.o(i.xTaskCheckForTimeOut)
    xTaskCreate                              0x08004e31   Thumb Code   104  tasks.o(i.xTaskCreate)
    xTaskIncrementTick                       0x08004e99   Thumb Code   356  tasks.o(i.xTaskIncrementTick)
    xTaskPriorityDisinherit                  0x08005029   Thumb Code   162  tasks.o(i.xTaskPriorityDisinherit)
    xTaskRemoveFromEventList                 0x080050d5   Thumb Code   240  tasks.o(i.xTaskRemoveFromEventList)
    xTaskResumeAll                           0x080051dd   Thumb Code   310  tasks.o(i.xTaskResumeAll)
    _get_lc_ctype                            0x08005339   Thumb Code    44  lc_ctype_c.o(locale$$code)
    _get_lc_numeric                          0x08005365   Thumb Code    44  lc_numeric_c.o(locale$$code)
    _printf_fp_dec                           0x08005391   Thumb Code     4  printf1.o(x$fpl$printf1)
    _printf_fp_hex                           0x08005395   Thumb Code     4  printf2.o(x$fpl$printf2)
    __I$use$fp                               0x08005398   Number         0  usenofp.o(x$fpl$usenofp)
    Region$$Table$$Base                      0x080055a0   Number         0  anon$$obj.o(Region$$Table)
    Region$$Table$$Limit                     0x080055c0   Number         0  anon$$obj.o(Region$$Table)
    __ctype                                  0x080055cd   Data           0  lc_ctype_c.o(locale$$data)
    pxCurrentTCB                             0x20000014   Data           4  tasks.o(.data)
    uxTopUsedPriority                        0x2000004c   Data           4  tasks.o(.data)
    cnt                                      0x20000074   Data           1  esp8266.o(.data)
    precnt                                   0x20000075   Data           1  esp8266.o(.data)
    MID                                      0x20000078   Data           1  main.o(.data)
    DID                                      0x2000007a   Data           2  main.o(.data)
    mytaskhandle                             0x2000007c   Data           4  main.o(.data)
    spitest_handle                           0x20000080   Data           4  main.o(.data)
    MYRTC_handle                             0x20000084   Data           4  main.o(.data)
    UsartMutex                               0x20000088   Data           4  main.o(.data)
    I2CMutex                                 0x2000008c   Data           4  main.o(.data)
    rec_buf                                  0x20004558   Data         256  esp8266.o(.bss)
    __libspace_start                         0x20004658   Data          96  libspace.o(.bss)
    __temporary_stack_top$libspace           0x200046b8   Data           0  libspace.o(.bss)



==============================================================================

Memory Map of the image

  Image Entry point : 0x080000ed

  Load Region LR_IROM1 (Base: 0x08000000, Size: 0x0000577c, Max: 0x00010000, ABSOLUTE)

    Execution Region ER_IROM1 (Exec base: 0x08000000, Load base: 0x08000000, Size: 0x000056ec, Max: 0x00010000, ABSOLUTE)

    Exec Addr    Load Addr    Size         Type   Attr      Idx    E Section Name        Object

    0x08000000   0x08000000   0x000000ec   Data   RO          132    RESET               startup_stm32f10x_md.o
    0x080000ec   0x080000ec   0x00000008   Code   RO         5114  * !!!main             c_w.l(__main.o)
    0x080000f4   0x080000f4   0x00000034   Code   RO         5471    !!!scatter          c_w.l(__scatter.o)
    0x08000128   0x08000128   0x0000001a   Code   RO         5473    !!handler_copy      c_w.l(__scatter_copy.o)
    0x08000142   0x08000142   0x00000002   PAD
    0x08000144   0x08000144   0x0000001c   Code   RO         5475    !!handler_zi        c_w.l(__scatter_zi.o)
    0x08000160   0x08000160   0x00000000   Code   RO         5077    .ARM.Collect$$_printf_percent$$00000000  c_w.l(_printf_percent.o)
    0x08000160   0x08000160   0x00000006   Code   RO         5198    .ARM.Collect$$_printf_percent$$00000001  c_w.l(_printf_n.o)
    0x08000166   0x08000166   0x00000006   Code   RO         5200    .ARM.Collect$$_printf_percent$$00000002  c_w.l(_printf_p.o)
    0x0800016c   0x0800016c   0x00000006   Code   RO         5204    .ARM.Collect$$_printf_percent$$00000003  c_w.l(_printf_f.o)
    0x08000172   0x08000172   0x00000006   Code   RO         5205    .ARM.Collect$$_printf_percent$$00000004  c_w.l(_printf_e.o)
    0x08000178   0x08000178   0x00000006   Code   RO         5206    .ARM.Collect$$_printf_percent$$00000005  c_w.l(_printf_g.o)
    0x0800017e   0x0800017e   0x00000006   Code   RO         5207    .ARM.Collect$$_printf_percent$$00000006  c_w.l(_printf_a.o)
    0x08000184   0x08000184   0x0000000a   Code   RO         5211    .ARM.Collect$$_printf_percent$$00000007  c_w.l(_printf_ll.o)
    0x0800018e   0x0800018e   0x00000006   Code   RO         5202    .ARM.Collect$$_printf_percent$$00000008  c_w.l(_printf_i.o)
    0x08000194   0x08000194   0x00000006   Code   RO         5076    .ARM.Collect$$_printf_percent$$00000009  c_w.l(_printf_d.o)
    0x0800019a   0x0800019a   0x00000006   Code   RO         5203    .ARM.Collect$$_printf_percent$$0000000A  c_w.l(_printf_u.o)
    0x080001a0   0x080001a0   0x00000006   Code   RO         5201    .ARM.Collect$$_printf_percent$$0000000B  c_w.l(_printf_o.o)
    0x080001a6   0x080001a6   0x00000006   Code   RO         5199    .ARM.Collect$$_printf_percent$$0000000C  c_w.l(_printf_x.o)
    0x080001ac   0x080001ac   0x00000006   Code   RO         5209    .ARM.Collect$$_printf_percent$$0000000D  c_w.l(_printf_lli.o)
    0x080001b2   0x080001b2   0x00000006   Code   RO         5078    .ARM.Collect$$_printf_percent$$0000000E  c_w.l(_printf_lld.o)
    0x080001b8   0x080001b8   0x00000006   Code   RO         5210    .ARM.Collect$$_printf_percent$$0000000F  c_w.l(_printf_llu.o)
    0x080001be   0x080001be   0x00000006   Code   RO         5215    .ARM.Collect$$_printf_percent$$00000010  c_w.l(_printf_llo.o)
    0x080001c4   0x080001c4   0x00000006   Code   RO         5216    .ARM.Collect$$_printf_percent$$00000011  c_w.l(_printf_llx.o)
    0x080001ca   0x080001ca   0x0000000a   Code   RO         5212    .ARM.Collect$$_printf_percent$$00000012  c_w.l(_printf_l.o)
    0x080001d4   0x080001d4   0x00000006   Code   RO         5197    .ARM.Collect$$_printf_percent$$00000013  c_w.l(_printf_c.o)
    0x080001da   0x080001da   0x00000006   Code   RO         5075    .ARM.Collect$$_printf_percent$$00000014  c_w.l(_printf_s.o)
    0x080001e0   0x080001e0   0x00000006   Code   RO         5213    .ARM.Collect$$_printf_percent$$00000015  c_w.l(_printf_lc.o)
    0x080001e6   0x080001e6   0x00000006   Code   RO         5214    .ARM.Collect$$_printf_percent$$00000016  c_w.l(_printf_ls.o)
    0x080001ec   0x080001ec   0x00000004   Code   RO         5208    .ARM.Collect$$_printf_percent$$00000017  c_w.l(_printf_percent_end.o)
    0x080001f0   0x080001f0   0x00000002   Code   RO         5403    .ARM.Collect$$libinit$$00000000  c_w.l(libinit.o)
    0x080001f2   0x080001f2   0x00000000   Code   RO         5231    .ARM.Collect$$libinit$$00000002  c_w.l(libinit2.o)
    0x080001f2   0x080001f2   0x00000000   Code   RO         5233    .ARM.Collect$$libinit$$00000004  c_w.l(libinit2.o)
    0x080001f2   0x080001f2   0x00000008   Code   RO         5234    .ARM.Collect$$libinit$$00000005  c_w.l(libinit2.o)
    0x080001fa   0x080001fa   0x00000000   Code   RO         5236    .ARM.Collect$$libinit$$0000000A  c_w.l(libinit2.o)
    0x080001fa   0x080001fa   0x00000000   Code   RO         5238    .ARM.Collect$$libinit$$0000000C  c_w.l(libinit2.o)
    0x080001fa   0x080001fa   0x00000000   Code   RO         5240    .ARM.Collect$$libinit$$0000000E  c_w.l(libinit2.o)
    0x080001fa   0x080001fa   0x00000006   Code   RO         5241    .ARM.Collect$$libinit$$0000000F  c_w.l(libinit2.o)
    0x08000200   0x08000200   0x00000000   Code   RO         5243    .ARM.Collect$$libinit$$00000011  c_w.l(libinit2.o)
    0x08000200   0x08000200   0x0000000c   Code   RO         5244    .ARM.Collect$$libinit$$00000012  c_w.l(libinit2.o)
    0x0800020c   0x0800020c   0x00000000   Code   RO         5245    .ARM.Collect$$libinit$$00000013  c_w.l(libinit2.o)
    0x0800020c   0x0800020c   0x00000000   Code   RO         5247    .ARM.Collect$$libinit$$00000015  c_w.l(libinit2.o)
    0x0800020c   0x0800020c   0x0000000a   Code   RO         5248    .ARM.Collect$$libinit$$00000016  c_w.l(libinit2.o)
    0x08000216   0x08000216   0x00000000   Code   RO         5249    .ARM.Collect$$libinit$$00000017  c_w.l(libinit2.o)
    0x08000216   0x08000216   0x00000000   Code   RO         5251    .ARM.Collect$$libinit$$00000019  c_w.l(libinit2.o)
    0x08000216   0x08000216   0x00000000   Code   RO         5253    .ARM.Collect$$libinit$$0000001B  c_w.l(libinit2.o)
    0x08000216   0x08000216   0x00000000   Code   RO         5255    .ARM.Collect$$libinit$$0000001D  c_w.l(libinit2.o)
    0x08000216   0x08000216   0x00000000   Code   RO         5257    .ARM.Collect$$libinit$$0000001F  c_w.l(libinit2.o)
    0x08000216   0x08000216   0x00000000   Code   RO         5259    .ARM.Collect$$libinit$$00000021  c_w.l(libinit2.o)
    0x08000216   0x08000216   0x00000000   Code   RO         5261    .ARM.Collect$$libinit$$00000023  c_w.l(libinit2.o)
    0x08000216   0x08000216   0x00000000   Code   RO         5263    .ARM.Collect$$libinit$$00000025  c_w.l(libinit2.o)
    0x08000216   0x08000216   0x00000000   Code   RO         5267    .ARM.Collect$$libinit$$0000002C  c_w.l(libinit2.o)
    0x08000216   0x08000216   0x00000000   Code   RO         5269    .ARM.Collect$$libinit$$0000002E  c_w.l(libinit2.o)
    0x08000216   0x08000216   0x00000000   Code   RO         5271    .ARM.Collect$$libinit$$00000030  c_w.l(libinit2.o)
    0x08000216   0x08000216   0x00000000   Code   RO         5273    .ARM.Collect$$libinit$$00000032  c_w.l(libinit2.o)
    0x08000216   0x08000216   0x00000002   Code   RO         5274    .ARM.Collect$$libinit$$00000033  c_w.l(libinit2.o)
    0x08000218   0x08000218   0x00000002   Code   RO         5468    .ARM.Collect$$libshutdown$$00000000  c_w.l(libshutdown.o)
    0x0800021a   0x0800021a   0x00000000   Code   RO         5424    .ARM.Collect$$libshutdown$$00000002  c_w.l(libshutdown2.o)
    0x0800021a   0x0800021a   0x00000000   Code   RO         5426    .ARM.Collect$$libshutdown$$00000004  c_w.l(libshutdown2.o)
    0x0800021a   0x0800021a   0x00000000   Code   RO         5429    .ARM.Collect$$libshutdown$$00000007  c_w.l(libshutdown2.o)
    0x0800021a   0x0800021a   0x00000000   Code   RO         5432    .ARM.Collect$$libshutdown$$0000000A  c_w.l(libshutdown2.o)
    0x0800021a   0x0800021a   0x00000000   Code   RO         5434    .ARM.Collect$$libshutdown$$0000000C  c_w.l(libshutdown2.o)
    0x0800021a   0x0800021a   0x00000000   Code   RO         5437    .ARM.Collect$$libshutdown$$0000000F  c_w.l(libshutdown2.o)
    0x0800021a   0x0800021a   0x00000002   Code   RO         5438    .ARM.Collect$$libshutdown$$00000010  c_w.l(libshutdown2.o)
    0x0800021c   0x0800021c   0x00000000   Code   RO         5118    .ARM.Collect$$rtentry$$00000000  c_w.l(__rtentry.o)
    0x0800021c   0x0800021c   0x00000000   Code   RO         5289    .ARM.Collect$$rtentry$$00000002  c_w.l(__rtentry2.o)
    0x0800021c   0x0800021c   0x00000006   Code   RO         5301    .ARM.Collect$$rtentry$$00000004  c_w.l(__rtentry4.o)
    0x08000222   0x08000222   0x00000000   Code   RO         5291    .ARM.Collect$$rtentry$$00000009  c_w.l(__rtentry2.o)
    0x08000222   0x08000222   0x00000004   Code   RO         5292    .ARM.Collect$$rtentry$$0000000A  c_w.l(__rtentry2.o)
    0x08000226   0x08000226   0x00000000   Code   RO         5294    .ARM.Collect$$rtentry$$0000000C  c_w.l(__rtentry2.o)
    0x08000226   0x08000226   0x00000008   Code   RO         5295    .ARM.Collect$$rtentry$$0000000D  c_w.l(__rtentry2.o)
    0x0800022e   0x0800022e   0x00000002   Code   RO         5411    .ARM.Collect$$rtexit$$00000000  c_w.l(rtexit.o)
    0x08000230   0x08000230   0x00000000   Code   RO         5442    .ARM.Collect$$rtexit$$00000002  c_w.l(rtexit2.o)
    0x08000230   0x08000230   0x00000004   Code   RO         5443    .ARM.Collect$$rtexit$$00000003  c_w.l(rtexit2.o)
    0x08000234   0x08000234   0x00000006   Code   RO         5444    .ARM.Collect$$rtexit$$00000004  c_w.l(rtexit2.o)
    0x0800023a   0x0800023a   0x00000002   PAD
    0x0800023c   0x0800023c   0x00000096   Code   RO         3923    .emb_text           port.o
    0x080002d2   0x080002d2   0x00000002   PAD
    0x080002d4   0x080002d4   0x00000000   Code   RO         5307    .emb_text           c_w.l(maybetermalloc1.o)
    0x080002d4   0x080002d4   0x00000040   Code   RO          133    .text               startup_stm32f10x_md.o
    0x08000314   0x08000314   0x0000005e   Code   RO         4979    .text               c_w.l(h1_alloc.o)
    0x08000372   0x08000372   0x0000004e   Code   RO         4981    .text               c_w.l(h1_free.o)
    0x080003c0   0x080003c0   0x00000034   Code   RO         5037    .text               c_w.l(vsnprintf.o)
    0x080003f4   0x080003f4   0x0000002c   Code   RO         5039    .text               c_w.l(__2sprintf.o)
    0x08000420   0x08000420   0x00000038   Code   RO         5041    .text               c_w.l(__2snprintf.o)
    0x08000458   0x08000458   0x00000052   Code   RO         5049    .text               c_w.l(_printf_str.o)
    0x080004aa   0x080004aa   0x00000002   PAD
    0x080004ac   0x080004ac   0x00000078   Code   RO         5051    .text               c_w.l(_printf_dec.o)
    0x08000524   0x08000524   0x0000007c   Code   RO         5053    .text               c_w.l(_printf_longlong_dec.o)
    0x080005a0   0x080005a0   0x00000188   Code   RO         5072    .text               c_w.l(__printf_flags_ss_wp.o)
    0x08000728   0x08000728   0x00000014   Code   RO         5087    .text               c_w.l(strchr.o)
    0x0800073c   0x0800073c   0x00000024   Code   RO         5089    .text               c_w.l(strncat.o)
    0x08000760   0x08000760   0x00000024   Code   RO         5091    .text               c_w.l(strstr.o)
    0x08000784   0x08000784   0x00000048   Code   RO         5093    .text               c_w.l(strcpy.o)
    0x080007cc   0x080007cc   0x0000003e   Code   RO         5095    .text               c_w.l(strlen.o)
    0x0800080a   0x0800080a   0x00000018   Code   RO         5097    .text               c_w.l(strcat.o)
    0x08000822   0x08000822   0x0000008a   Code   RO         5099    .text               c_w.l(rt_memcpy_v6.o)
    0x080008ac   0x080008ac   0x00000064   Code   RO         5101    .text               c_w.l(rt_memcpy_w.o)
    0x08000910   0x08000910   0x00000044   Code   RO         5103    .text               c_w.l(rt_memclr.o)
    0x08000954   0x08000954   0x0000004e   Code   RO         5105    .text               c_w.l(rt_memclr_w.o)
    0x080009a2   0x080009a2   0x00000006   Code   RO         5112    .text               c_w.l(heapauxi.o)
    0x080009a8   0x080009a8   0x00000008   Code   RO         5122    .text               c_w.l(rt_heap_descriptor_intlibspace.o)
    0x080009b0   0x080009b0   0x00000004   Code   RO         5129    .text               c_w.l(hguard.o)
    0x080009b4   0x080009b4   0x0000008a   Code   RO         5131    .text               c_w.l(init_alloc.o)
    0x08000a3e   0x08000a3e   0x0000000e   Code   RO         5135    .text               c_w.l(h1_init.o)
    0x08000a4c   0x08000a4c   0x0000008a   Code   RO         5149    .text               c_w.l(lludiv10.o)
    0x08000ad6   0x08000ad6   0x0000004e   Code   RO         5151    .text               c_w.l(_printf_pad.o)
    0x08000b24   0x08000b24   0x00000024   Code   RO         5153    .text               c_w.l(_printf_truncate.o)
    0x08000b48   0x08000b48   0x000000b2   Code   RO         5155    .text               c_w.l(_printf_intcommon.o)
    0x08000bfa   0x08000bfa   0x00000028   Code   RO         5157    .text               c_w.l(_printf_charcount.o)
    0x08000c22   0x08000c22   0x00000002   PAD
    0x08000c24   0x08000c24   0x00000030   Code   RO         5159    .text               c_w.l(_printf_char_common.o)
    0x08000c54   0x08000c54   0x0000000a   Code   RO         5161    .text               c_w.l(_sputc.o)
    0x08000c5e   0x08000c5e   0x00000010   Code   RO         5163    .text               c_w.l(_snputc.o)
    0x08000c6e   0x08000c6e   0x0000002c   Code   RO         5165    .text               c_w.l(_printf_char.o)
    0x08000c9a   0x08000c9a   0x00000002   PAD
    0x08000c9c   0x08000c9c   0x000000bc   Code   RO         5167    .text               c_w.l(_printf_wctomb.o)
    0x08000d58   0x08000d58   0x00000070   Code   RO         5174    .text               c_w.l(_printf_oct_int_ll.o)
    0x08000dc8   0x08000dc8   0x00000094   Code   RO         5194    .text               c_w.l(_printf_hex_int_ll_ptr.o)
    0x08000e5c   0x08000e5c   0x00000008   Code   RO         5285    .text               c_w.l(libspace.o)
    0x08000e64   0x08000e64   0x00000010   Code   RO         5303    .text               c_w.l(rt_ctype_table.o)
    0x08000e74   0x08000e74   0x00000034   Code   RO         5309    .text               c_w.l(h1_extend.o)
    0x08000ea8   0x08000ea8   0x0000041e   Code   RO         5315    .text               c_w.l(_printf_fp_dec.o)
    0x080012c6   0x080012c6   0x00000002   PAD
    0x080012c8   0x080012c8   0x000002fc   Code   RO         5317    .text               c_w.l(_printf_fp_hex.o)
    0x080015c4   0x080015c4   0x0000002c   Code   RO         5322    .text               c_w.l(_printf_wchar.o)
    0x080015f0   0x080015f0   0x00000040   Code   RO         5328    .text               c_w.l(_wcrtomb.o)
    0x08001630   0x08001630   0x0000000e   Code   RO         5330    .text               c_w.l(defsig_rtmem_outer.o)
    0x0800163e   0x0800163e   0x00000002   Code   RO         5341    .text               c_w.l(use_no_semi.o)
    0x08001640   0x08001640   0x00000000   Code   RO         5343    .text               c_w.l(indicate_semi.o)
    0x08001640   0x08001640   0x0000004a   Code   RO         5344    .text               c_w.l(sys_stackheap_outer.o)
    0x0800168a   0x0800168a   0x00000002   PAD
    0x0800168c   0x0800168c   0x00000008   Code   RO         5351    .text               c_w.l(rt_locale_intlibspace.o)
    0x08001694   0x08001694   0x00000080   Code   RO         5355    .text               c_w.l(_printf_fp_infnan.o)
    0x08001714   0x08001714   0x000000e4   Code   RO         5357    .text               c_w.l(bigflt0.o)
    0x080017f8   0x080017f8   0x00000012   Code   RO         5388    .text               c_w.l(exit.o)
    0x0800180a   0x0800180a   0x0000000a   Code   RO         5390    .text               c_w.l(defsig_exit.o)
    0x08001814   0x08001814   0x00000050   Code   RO         5392    .text               c_w.l(defsig_rtmem_inner.o)
    0x08001864   0x08001864   0x0000000c   Code   RO         5409    .text               c_w.l(sys_exit.o)
    0x08001870   0x08001870   0x00000032   Code   RO         5419    .text               c_w.l(defsig_general.o)
    0x080018a2   0x080018a2   0x00000002   PAD
    0x080018a4   0x080018a4   0x00000080   Code   RO         5421    .text               c_w.l(strcmpv7m.o)
    0x08001924   0x08001924   0x0000000e   Code   RO         5439    .text               c_w.l(sys_wrch.o)
    0x08001932   0x08001932   0x0000003e   Code   RO         5360    CL$$btod_d2e        c_w.l(btod.o)
    0x08001970   0x08001970   0x00000046   Code   RO         5362    CL$$btod_d2e_denorm_low  c_w.l(btod.o)
    0x080019b6   0x080019b6   0x00000060   Code   RO         5361    CL$$btod_d2e_norm_op1  c_w.l(btod.o)
    0x08001a16   0x08001a16   0x00000338   Code   RO         5370    CL$$btod_div_common  c_w.l(btod.o)
    0x08001d4e   0x08001d4e   0x000000dc   Code   RO         5367    CL$$btod_e2e        c_w.l(btod.o)
    0x08001e2a   0x08001e2a   0x0000002a   Code   RO         5364    CL$$btod_ediv       c_w.l(btod.o)
    0x08001e54   0x08001e54   0x0000002a   Code   RO         5363    CL$$btod_emul       c_w.l(btod.o)
    0x08001e7e   0x08001e7e   0x00000244   Code   RO         5369    CL$$btod_mult_common  c_w.l(btod.o)
    0x080020c2   0x080020c2   0x00000002   PAD
    0x080020c4   0x080020c4   0x0000016c   Code   RO         4812    i.BASE64_Decode     base64.o
    0x08002230   0x08002230   0x00000144   Code   RO         4813    i.BASE64_Encode     base64.o
    0x08002374   0x08002374   0x00000004   Code   RO         4583    i.BusFault_Handler  stm32f10x_it.o
    0x08002378   0x08002378   0x00000002   Code   RO         4584    i.DebugMon_Handler  stm32f10x_it.o
    0x0800237a   0x0800237a   0x00000002   PAD
    0x0800237c   0x0800237c   0x00000050   Code   RO         4459    i.ESP8266_GetIPD    esp8266.o
    0x080023cc   0x080023cc   0x00000048   Code   RO         4460    i.ESP8266_SendCmd   esp8266.o
    0x08002414   0x08002414   0x00000048   Code   RO         4461    i.ESP8266_SendData  esp8266.o
    0x0800245c   0x0800245c   0x00000034   Code   RO         4462    i.ESP8266_WaitRecive  esp8266.o
    0x08002490   0x08002490   0x00000116   Code   RO         1347    i.GPIO_Init         stm32f10x_gpio.o
    0x080025a6   0x080025a6   0x00000004   Code   RO         1354    i.GPIO_ResetBits    stm32f10x_gpio.o
    0x080025aa   0x080025aa   0x00000004   Code   RO         1355    i.GPIO_SetBits      stm32f10x_gpio.o
    0x080025ae   0x080025ae   0x00000004   Code   RO         4585    i.HardFault_Handler  stm32f10x_it.o
    0x080025b2   0x080025b2   0x0000001c   Code   RO         4628    i.MQTT_DeleteBuffer  mqttkit.o
    0x080025ce   0x080025ce   0x0000002e   Code   RO         4629    i.MQTT_DumpLength   mqttkit.o
    0x080025fc   0x080025fc   0x00000058   Code   RO         4630    i.MQTT_NewBuffer    mqttkit.o
    0x08002654   0x08002654   0x000002a0   Code   RO         4632    i.MQTT_PacketConnect  mqttkit.o
    0x080028f4   0x080028f4   0x000001b8   Code   RO         4635    i.MQTT_PacketPublish  mqttkit.o
    0x08002aac   0x08002aac   0x00000060   Code   RO         4641    i.MQTT_PacketSaveData  mqttkit.o
    0x08002b0c   0x08002b0c   0x00000046   Code   RO         4644    i.MQTT_ReadLength   mqttkit.o
    0x08002b52   0x08002b52   0x0000001e   Code   RO         4646    i.MQTT_UnPacketConnectAck  mqttkit.o
    0x08002b70   0x08002b70   0x00000074   Code   RO         4652    i.MQTT_UnPacketRecv  mqttkit.o
    0x08002be4   0x08002be4   0x00000004   Code   RO         4586    i.MemManage_Handler  stm32f10x_it.o
    0x08002be8   0x08002be8   0x00000002   Code   RO         4587    i.NMI_Handler       stm32f10x_it.o
    0x08002bea   0x08002bea   0x00000002   PAD
    0x08002bec   0x08002bec   0x00000070   Code   RO          137    i.NVIC_Init         misc.o
    0x08002c5c   0x08002c5c   0x00000014   Code   RO          138    i.NVIC_PriorityGroupConfig  misc.o
    0x08002c70   0x08002c70   0x00000118   Code   RO         4887    i.OTA_UrlEncode     onenet.o
    0x08002d88   0x08002d88   0x000001b0   Code   RO         4888    i.OneNET_Authorization  onenet.o
    0x08002f38   0x08002f38   0x000002a0   Code   RO         4892    i.OneNet_DevLink    onenet.o
    0x080031d8   0x080031d8   0x0000012c   Code   RO         4893    i.OneNet_FillBuf    onenet.o
    0x08003304   0x08003304   0x000000ec   Code   RO         4895    i.OneNet_SendData   onenet.o
    0x080033f0   0x080033f0   0x00000020   Code   RO         1775    i.RCC_APB1PeriphClockCmd  stm32f10x_rcc.o
    0x08003410   0x08003410   0x00000020   Code   RO         1777    i.RCC_APB2PeriphClockCmd  stm32f10x_rcc.o
    0x08003430   0x08003430   0x000000d4   Code   RO         1785    i.RCC_GetClocksFreq  stm32f10x_rcc.o
    0x08003504   0x08003504   0x0000001e   Code   RO         3994    i.SendByte          usart.o
    0x08003522   0x08003522   0x00000002   PAD
    0x08003524   0x08003524   0x0000002c   Code   RO         3995    i.Serial_Printf     usart.o
    0x08003550   0x08003550   0x0000001e   Code   RO         3996    i.Serial_SendString  usart.o
    0x0800356e   0x0800356e   0x00000008   Code   RO           17    i.SetSysClock       system_stm32f10x.o
    0x08003576   0x08003576   0x00000002   PAD
    0x08003578   0x08003578   0x000000e0   Code   RO           18    i.SetSysClockTo72   system_stm32f10x.o
    0x08003658   0x08003658   0x00000034   Code   RO         3924    i.SysTick_Handler   port.o
    0x0800368c   0x0800368c   0x00000060   Code   RO           20    i.SystemInit        system_stm32f10x.o
    0x080036ec   0x080036ec   0x0000002c   Code   RO         3997    i.USART1_IRQHandler  usart.o
    0x08003718   0x08003718   0x0000005c   Code   RO         4463    i.USART2_IRQHandler  esp8266.o
    0x08003774   0x08003774   0x00000012   Code   RO         2956    i.USART_ClearFlag   stm32f10x_usart.o
    0x08003786   0x08003786   0x0000001e   Code   RO         2957    i.USART_ClearITPendingBit  stm32f10x_usart.o
    0x080037a4   0x080037a4   0x00000018   Code   RO         2960    i.USART_Cmd         stm32f10x_usart.o
    0x080037bc   0x080037bc   0x0000001a   Code   RO         2963    i.USART_GetFlagStatus  stm32f10x_usart.o
    0x080037d6   0x080037d6   0x00000054   Code   RO         2964    i.USART_GetITStatus  stm32f10x_usart.o
    0x0800382a   0x0800382a   0x0000004a   Code   RO         2966    i.USART_ITConfig    stm32f10x_usart.o
    0x08003874   0x08003874   0x000000d8   Code   RO         2967    i.USART_Init        stm32f10x_usart.o
    0x0800394c   0x0800394c   0x0000000a   Code   RO         2974    i.USART_ReceiveData  stm32f10x_usart.o
    0x08003956   0x08003956   0x00000008   Code   RO         2977    i.USART_SendData    stm32f10x_usart.o
    0x0800395e   0x0800395e   0x00000004   Code   RO         4588    i.UsageFault_Handler  stm32f10x_it.o
    0x08003962   0x08003962   0x00000048   Code   RO         3998    i.UsartPrintf       usart.o
    0x080039aa   0x080039aa   0x00000032   Code   RO         3999    i.Usart_SendString  usart.o
    0x080039dc   0x080039dc   0x00000028   Code   RO         5407    i.__ARM_fpclassify  m_ws.l(fpclassify.o)
    0x08003a04   0x08003a04   0x0000000e   Code   RO         5065    i._is_digit         c_w.l(__printf_wp.o)
    0x08003a12   0x08003a12   0x00000002   PAD
    0x08003a14   0x08003a14   0x0000001c   Code   RO         4464    i.esp8266_clear     esp8266.o
    0x08003a30   0x08003a30   0x00000118   Code   RO         4465    i.esp8266_init      esp8266.o
    0x08003b48   0x08003b48   0x0000004c   Code   RO         4835    i.ft                hmac_sha1.o
    0x08003b94   0x08003b94   0x0000012e   Code   RO         4836    i.hmac_sha1         hmac_sha1.o
    0x08003cc2   0x08003cc2   0x00000002   PAD
    0x08003cc4   0x08003cc4   0x00000034   Code   RO         4837    i.k                 hmac_sha1.o
    0x08003cf8   0x08003cf8   0x00000080   Code   RO         4518    i.main              main.o
    0x08003d78   0x08003d78   0x000000d0   Code   RO         4520    i.mytask            main.o
    0x08003e48   0x08003e48   0x000000c0   Code   RO         3521    i.prvAddCurrentTaskToDelayedList  tasks.o
    0x08003f08   0x08003f08   0x000000e4   Code   RO         3522    i.prvAddNewTaskToReadyList  tasks.o
    0x08003fec   0x08003fec   0x00000048   Code   RO         3523    i.prvCheckTasksWaitingTermination  tasks.o
    0x08004034   0x08004034   0x0000007e   Code   RO         3367    i.prvCopyDataToQueue  queue.o
    0x080040b2   0x080040b2   0x00000012   Code   RO         3524    i.prvDeleteTCB      tasks.o
    0x080040c4   0x080040c4   0x00000070   Code   RO         3862    i.prvHeapInit       heap_4.o
    0x08004134   0x08004134   0x00000028   Code   RO         3525    i.prvIdleTask       tasks.o
    0x0800415c   0x0800415c   0x0000001e   Code   RO         3369    i.prvInitialiseMutex  queue.o
    0x0800417a   0x0800417a   0x00000026   Code   RO         3370    i.prvInitialiseNewQueue  queue.o
    0x080041a0   0x080041a0   0x0000007c   Code   RO         3526    i.prvInitialiseNewTask  tasks.o
    0x0800421c   0x0800421c   0x00000068   Code   RO         3527    i.prvInitialiseTaskLists  tasks.o
    0x08004284   0x08004284   0x00000068   Code   RO         3863    i.prvInsertBlockIntoFreeList  heap_4.o
    0x080042ec   0x080042ec   0x0000001e   Code   RO         3372    i.prvIsQueueFull    queue.o
    0x0800430a   0x0800430a   0x00000002   PAD
    0x0800430c   0x0800430c   0x00000030   Code   RO         3528    i.prvResetNextTaskUnblockTime  tasks.o
    0x0800433c   0x0800433c   0x00000016   Code   RO         3925    i.prvTaskExitError  port.o
    0x08004352   0x08004352   0x0000007e   Code   RO         3373    i.prvUnlockQueue    queue.o
    0x080043d0   0x080043d0   0x000000e4   Code   RO         3865    i.pvPortMalloc      heap_4.o
    0x080044b4   0x080044b4   0x00000024   Code   RO         3926    i.pxPortInitialiseStack  port.o
    0x080044d8   0x080044d8   0x0000002e   Code   RO         4838    i.rotl              hmac_sha1.o
    0x08004506   0x08004506   0x00000002   PAD
    0x08004508   0x08004508   0x00000284   Code   RO         4840    i.sha1              hmac_sha1.o
    0x0800478c   0x0800478c   0x000000b8   Code   RO         4000    i.usart2_int        usart.o
    0x08004844   0x08004844   0x000000b8   Code   RO         4001    i.usart_int         usart.o
    0x080048fc   0x080048fc   0x00000028   Code   RO         3327    i.uxListRemove      list.o
    0x08004924   0x08004924   0x0000001a   Code   RO         3328    i.vListInitialise   list.o
    0x0800493e   0x0800493e   0x00000006   Code   RO         3329    i.vListInitialiseItem  list.o
    0x08004944   0x08004944   0x00000034   Code   RO         3330    i.vListInsert       list.o
    0x08004978   0x08004978   0x00000024   Code   RO         3928    i.vPortEnterCritical  port.o
    0x0800499c   0x0800499c   0x00000020   Code   RO         3929    i.vPortExitCritical  port.o
    0x080049bc   0x080049bc   0x0000004c   Code   RO         3866    i.vPortFree         heap_4.o
    0x08004a08   0x08004a08   0x00000018   Code   RO         3930    i.vPortSetupTimerInterrupt  port.o
    0x08004a20   0x08004a20   0x00000034   Code   RO         3538    i.vTaskDelay        tasks.o
    0x08004a54   0x08004a54   0x00000018   Code   RO         3542    i.vTaskInternalSetTimeOutState  tasks.o
    0x08004a6c   0x08004a6c   0x0000000c   Code   RO         3543    i.vTaskMissedYield  tasks.o
    0x08004a78   0x08004a78   0x00000020   Code   RO         3544    i.vTaskPlaceOnEventList  tasks.o
    0x08004a98   0x08004a98   0x0000006c   Code   RO         3551    i.vTaskStartScheduler  tasks.o
    0x08004b04   0x08004b04   0x00000010   Code   RO         3553    i.vTaskSuspendAll   tasks.o
    0x08004b14   0x08004b14   0x00000060   Code   RO         3554    i.vTaskSwitchContext  tasks.o
    0x08004b74   0x08004b74   0x00000034   Code   RO         3931    i.xPortStartScheduler  port.o
    0x08004ba8   0x08004ba8   0x00000022   Code   RO         3378    i.xQueueCreateMutex  queue.o
    0x08004bca   0x08004bca   0x0000004c   Code   RO         3379    i.xQueueGenericCreate  queue.o
    0x08004c16   0x08004c16   0x00000002   PAD
    0x08004c18   0x08004c18   0x000000a0   Code   RO         3380    i.xQueueGenericReset  queue.o
    0x08004cb8   0x08004cb8   0x00000118   Code   RO         3381    i.xQueueGenericSend  queue.o
    0x08004dd0   0x08004dd0   0x00000060   Code   RO         3556    i.xTaskCheckForTimeOut  tasks.o
    0x08004e30   0x08004e30   0x00000068   Code   RO         3557    i.xTaskCreate       tasks.o
    0x08004e98   0x08004e98   0x00000190   Code   RO         3567    i.xTaskIncrementTick  tasks.o
    0x08005028   0x08005028   0x000000ac   Code   RO         3568    i.xTaskPriorityDisinherit  tasks.o
    0x080050d4   0x080050d4   0x00000108   Code   RO         3570    i.xTaskRemoveFromEventList  tasks.o
    0x080051dc   0x080051dc   0x0000015c   Code   RO         3571    i.xTaskResumeAll    tasks.o
    0x08005338   0x08005338   0x0000002c   Code   RO         5383    locale$$code        c_w.l(lc_ctype_c.o)
    0x08005364   0x08005364   0x0000002c   Code   RO         5386    locale$$code        c_w.l(lc_numeric_c.o)
    0x08005390   0x08005390   0x00000004   Code   RO         5275    x$fpl$printf1       fz_ws.l(printf1.o)
    0x08005394   0x08005394   0x00000004   Code   RO         5277    x$fpl$printf2       fz_ws.l(printf2.o)
    0x08005398   0x08005398   0x00000000   Code   RO         5406    x$fpl$usenofp       fz_ws.l(usenofp.o)
    0x08005398   0x08005398   0x000000c0   Data   RO         4814    .constdata          base64.o
    0x08005458   0x08005458   0x00000011   Data   RO         5073    .constdata          c_w.l(__printf_flags_ss_wp.o)
    0x08005469   0x08005469   0x00000003   PAD
    0x0800546c   0x0800546c   0x00000008   Data   RO         5168    .constdata          c_w.l(_printf_wctomb.o)
    0x08005474   0x08005474   0x00000028   Data   RO         5195    .constdata          c_w.l(_printf_hex_int_ll_ptr.o)
    0x0800549c   0x0800549c   0x00000026   Data   RO         5318    .constdata          c_w.l(_printf_fp_hex.o)
    0x080054c2   0x080054c2   0x00000002   PAD
    0x080054c4   0x080054c4   0x00000094   Data   RO         5358    .constdata          c_w.l(bigflt0.o)
    0x08005558   0x08005558   0x00000047   Data   RO         4897    .conststring        onenet.o
    0x0800559f   0x0800559f   0x00000001   PAD
    0x080055a0   0x080055a0   0x00000020   Data   RO         5469    Region$$Table       anon$$obj.o
    0x080055c0   0x080055c0   0x00000110   Data   RO         5382    locale$$data        c_w.l(lc_ctype_c.o)
    0x080056d0   0x080056d0   0x0000001c   Data   RO         5385    locale$$data        c_w.l(lc_numeric_c.o)


    Execution Region RW_IRAM1 (Exec base: 0x20000000, Load base: 0x080056ec, Size: 0x00004fb8, Max: 0x00005000, ABSOLUTE)

    Exec Addr    Load Addr    Size         Type   Attr      Idx    E Section Name        Object

    0x20000000   0x080056ec   0x00000014   Data   RW         1805    .data               stm32f10x_rcc.o
    0x20000014   0x08005700   0x00000040   Data   RW         3574    .data               tasks.o
    0x20000054   0x08005740   0x0000001c   Data   RW         3872    .data               heap_4.o
    0x20000070   0x0800575c   0x00000004   Data   RW         3932    .data               port.o
    0x20000074   0x08005760   0x00000002   Data   RW         4467    .data               esp8266.o
    0x20000076   0x08005762   0x00000002   PAD
    0x20000078   0x08005764   0x00000018   Data   RW         4523    .data               main.o
    0x20000090        -       0x000000c8   Zero   RW         3573    .bss                tasks.o
    0x20000158        -       0x00004400   Zero   RW         3871    .bss                heap_4.o
    0x20004558        -       0x00000100   Zero   RW         4466    .bss                esp8266.o
    0x20004658        -       0x00000060   Zero   RW         5286    .bss                c_w.l(libspace.o)
    0x200046b8        -       0x00000200   Zero   RW          131    HEAP                startup_stm32f10x_md.o
    0x200048b8        -       0x00000700   Zero   RW          130    STACK               startup_stm32f10x_md.o


==============================================================================

Image component sizes


      Code (inc. data)   RO Data    RW Data    ZI Data      Debug   Object Name

       688          8        192          0          0       3008   base64.o
         0          0          0          0          0       4540   core_cm3.o
         0          0          0          0          0      14672   croutine.o
       676        236          0          2        256       4703   esp8266.o
         0          0          0          0          0      14488   event_groups.o
       520         58          0         28      17408       4371   heap_4.o
      1120         30          0          0          0       4323   hmac_sha1.o
       124          0          0          0          0       2517   list.o
       336        140          0         24          0       1443   main.o
       132         22          0          0          0     206287   misc.o
      1586         44          0          0          0      10195   mqttkit.o
      1920        830         71          0          0       6124   onenet.o
       404         48          0          4          0       8624   port.o
       900          8          0          0          0      10687   queue.o
        64         26        236          0       2304        784   startup_stm32f10x_md.o
         0          0          0          0          0       1644   stm32f10x_adc.o
       286          0          0          0          0      11160   stm32f10x_gpio.o
        20          0          0          0          0       2457   stm32f10x_it.o
       276         32          0         20          0      12926   stm32f10x_rcc.o
       490          6          0          0          0      12869   stm32f10x_usart.o
       328         28          0          0          0      24793   system_stm32f10x.o
      2550        322          0         64        200      29401   tasks.o
         0          0          0          0          0       2236   timers.o
       638         28          0          0          0       7561   usart.o

    ----------------------------------------------------------------------
     13076       1866        532        144      20168     401813   Object Totals
         0          0         32          0          0          0   (incl. Generated)
        18          0          1          2          0          0   (incl. Padding)

    ----------------------------------------------------------------------

      Code (inc. data)   RO Data    RW Data    ZI Data      Debug   Library Member Name

        56          6          0          0          0         88   __2snprintf.o
        44          6          0          0          0         84   __2sprintf.o
         8          0          0          0          0         68   __main.o
       392          4         17          0          0         92   __printf_flags_ss_wp.o
        14          0          0          0          0         68   __printf_wp.o
         0          0          0          0          0          0   __rtentry.o
        12          0          0          0          0          0   __rtentry2.o
         6          0          0          0          0          0   __rtentry4.o
        52          8          0          0          0          0   __scatter.o
        26          0          0          0          0          0   __scatter_copy.o
        28          0          0          0          0          0   __scatter_zi.o
         6          0          0          0          0          0   _printf_a.o
         6          0          0          0          0          0   _printf_c.o
        44          0          0          0          0        108   _printf_char.o
        48          6          0          0          0         96   _printf_char_common.o
        40          0          0          0          0         68   _printf_charcount.o
         6          0          0          0          0          0   _printf_d.o
       120         16          0          0          0         92   _printf_dec.o
         6          0          0          0          0          0   _printf_e.o
         6          0          0          0          0          0   _printf_f.o
      1054          0          0          0          0        216   _printf_fp_dec.o
       764          8         38          0          0        100   _printf_fp_hex.o
       128         16          0          0          0         84   _printf_fp_infnan.o
         6          0          0          0          0          0   _printf_g.o
       148          4         40          0          0        160   _printf_hex_int_ll_ptr.o
         6          0          0          0          0          0   _printf_i.o
       178          0          0          0          0         88   _printf_intcommon.o
        10          0          0          0          0          0   _printf_l.o
         6          0          0          0          0          0   _printf_lc.o
        10          0          0          0          0          0   _printf_ll.o
         6          0          0          0          0          0   _printf_lld.o
         6          0          0          0          0          0   _printf_lli.o
         6          0          0          0          0          0   _printf_llo.o
         6          0          0          0          0          0   _printf_llu.o
         6          0          0          0          0          0   _printf_llx.o
       124         16          0          0          0         92   _printf_longlong_dec.o
         6          0          0          0          0          0   _printf_ls.o
         6          0          0          0          0          0   _printf_n.o
         6          0          0          0          0          0   _printf_o.o
       112         10          0          0          0        124   _printf_oct_int_ll.o
         6          0          0          0          0          0   _printf_p.o
        78          0          0          0          0        108   _printf_pad.o
         0          0          0          0          0          0   _printf_percent.o
         4          0          0          0          0          0   _printf_percent_end.o
         6          0          0          0          0          0   _printf_s.o
        82          0          0          0          0         80   _printf_str.o
        36          0          0          0          0         84   _printf_truncate.o
         6          0          0          0          0          0   _printf_u.o
        44          0          0          0          0        108   _printf_wchar.o
       188          6          8          0          0         92   _printf_wctomb.o
         6          0          0          0          0          0   _printf_x.o
        16          0          0          0          0         68   _snputc.o
        10          0          0          0          0         68   _sputc.o
        64          0          0          0          0         92   _wcrtomb.o
       228          4        148          0          0         96   bigflt0.o
      1936        128          0          0          0        672   btod.o
        10          0          0          0          0         68   defsig_exit.o
        50          0          0          0          0         88   defsig_general.o
        80         58          0          0          0         76   defsig_rtmem_inner.o
        14          0          0          0          0         80   defsig_rtmem_outer.o
        18          0          0          0          0         80   exit.o
        94          0          0          0          0         80   h1_alloc.o
        52          0          0          0          0         68   h1_extend.o
        78          0          0          0          0         80   h1_free.o
        14          0          0          0          0         84   h1_init.o
         6          0          0          0          0        152   heapauxi.o
         4          0          0          0          0        136   hguard.o
         0          0          0          0          0          0   indicate_semi.o
       138          0          0          0          0        168   init_alloc.o
        44         10        272          0          0         76   lc_ctype_c.o
        44         10         28          0          0         76   lc_numeric_c.o
         2          0          0          0          0          0   libinit.o
        38          0          0          0          0          0   libinit2.o
         2          0          0          0          0          0   libshutdown.o
         2          0          0          0          0          0   libshutdown2.o
         8          4          0          0         96         68   libspace.o
       138          0          0          0          0         80   lludiv10.o
         0          0          0          0          0          0   maybetermalloc1.o
        16          4          0          0          0         76   rt_ctype_table.o
         8          4          0          0          0         68   rt_heap_descriptor_intlibspace.o
         8          4          0          0          0         68   rt_locale_intlibspace.o
        68          0          0          0          0         68   rt_memclr.o
        78          0          0          0          0         80   rt_memclr_w.o
       138          0          0          0          0         68   rt_memcpy_v6.o
       100          0          0          0          0         80   rt_memcpy_w.o
         2          0          0          0          0          0   rtexit.o
        10          0          0          0          0          0   rtexit2.o
        24          0          0          0          0         68   strcat.o
        20          0          0          0          0         68   strchr.o
       128          0          0          0          0         68   strcmpv7m.o
        72          0          0          0          0         80   strcpy.o
        62          0          0          0          0         76   strlen.o
        36          0          0          0          0         76   strncat.o
        36          0          0          0          0         80   strstr.o
        12          4          0          0          0         68   sys_exit.o
        74          0          0          0          0         80   sys_stackheap_outer.o
        14          0          0          0          0         76   sys_wrch.o
         2          0          0          0          0         68   use_no_semi.o
        52          4          0          0          0         80   vsnprintf.o
         4          0          0          0          0         68   printf1.o
         4          0          0          0          0         68   printf2.o
         0          0          0          0          0          0   usenofp.o
        40          0          0          0          0         68   fpclassify.o

    ----------------------------------------------------------------------
      8088        340        556          0         96       6156   Library Totals
        20          0          5          0          0          0   (incl. Padding)

    ----------------------------------------------------------------------

      Code (inc. data)   RO Data    RW Data    ZI Data      Debug   Library Name

      8020        340        551          0         96       5952   c_w.l
         8          0          0          0          0        136   fz_ws.l
        40          0          0          0          0         68   m_ws.l

    ----------------------------------------------------------------------
      8088        340        556          0         96       6156   Library Totals

    ----------------------------------------------------------------------

==============================================================================


      Code (inc. data)   RO Data    RW Data    ZI Data      Debug   

     21164       2206       1088        144      20264     398865   Grand Totals
     21164       2206       1088        144      20264     398865   ELF Image Totals
     21164       2206       1088        144          0          0   ROM Totals

==============================================================================

    Total RO  Size (Code + RO Data)                22252 (  21.73kB)
    Total RW  Size (RW Data + ZI Data)             20408 (  19.93kB)
    Total ROM Size (Code + RO Data + RW Data)      22396 (  21.87kB)

==============================================================================

