<html>
<body>
<pre>
<h1>µVision Build Log</h1>
<h2>Tool Versions:</h2>
IDE-Version: ¦ÌVision V5.24.2.0
Copyright (C) 2017 ARM Ltd and ARM Germany GmbH. All rights reserved.
License Information: a 2271854372@qq.com, a, LIC=8VRJ7-E1QYX-KP1ZY-IXKUQ-A3NT3-N3MMG
 
Tool Versions:
Toolchain:       MDK-ARM Plus  Version: 5.24.1
Toolchain Path:  D:\keil5 MDK\ARM\ARMCC\Bin
C Compiler:      Armcc.exe V5.06 update 5 (build 528)
Assembler:       Armasm.exe V5.06 update 5 (build 528)
Linker/Locator:  ArmLink.exe V5.06 update 5 (build 528)
Library Manager: ArmAr.exe V5.06 update 5 (build 528)
Hex Converter:   FromElf.exe V5.06 update 5 (build 528)
CPU DLL:         SARMCM3.DLL V5.24.1
Dialog DLL:      DCM.DLL V1.16.0.0
Target DLL:      STLink\ST-LINKIII-KEIL_SWO.dll V3.0.1.0
Dialog DLL:      TCM.DLL V1.32.0.0
 
<h2>Project:</h2>
C:\Users\22718\Desktop\MY_FRID\myfrid\14_optimize_2\my_frid.uvprojx
Project File Date:  07/13/2025

<h2>Output:</h2>
*** Using Compiler 'V5.06 update 5 (build 528)', folder: 'D:\keil5 MDK\ARM\ARMCC\Bin'
Build target 'Target 1'
compiling main.c...
.\hardware\MY_MFRC522.h(9): warning:  #1295-D: Deprecated declaration MFRC522_Anticoll - give arg types
  uint8_t MFRC522_Anticoll();
user\main.c(46): warning:  #177-D: variable "item"  was declared but never referenced
  	whitelistitem item;
user\main.c(47): warning:  #177-D: variable "add_state"  was declared but never referenced
  	uint8_t add_state;
user\main.c(87): warning:  #177-D: variable "size"  was declared but never referenced
  	uint8_t val,size, status_auth,status_write,status_read;
user\main.c(87): warning:  #177-D: variable "status_auth"  was declared but never referenced
  	uint8_t val,size, status_auth,status_write,status_read;
user\main.c(87): warning:  #177-D: variable "status_write"  was declared but never referenced
  	uint8_t val,size, status_auth,status_write,status_read;
user\main.c(87): warning:  #177-D: variable "status_read"  was declared but never referenced
  	uint8_t val,size, status_auth,status_write,status_read;
user\main.c(88): warning:  #177-D: variable "key"  was declared but never referenced
  	uint8_t key[6]={0xff,0xff,0xff,0xff,0xff,0xff};
user\main.c(90): warning:  #177-D: variable "blockAddr"  was declared but never referenced
  	uint8_t blockAddr=4;
user\main.c(93): warning:  #177-D: variable "buffer"  was declared but never referenced
  	uint8_t buffer[18]={0};
user\main.c(96): warning:  #177-D: variable "writeData"  was declared but never referenced
  	uint8_t writeData[18] = {
user\main.c(340): warning:  #111-D: statement is unreachable
      return 0;
user\main.c: 12 warnings, 0 errors
linking...
Program Size: Code=28332 RO-data=2636 RW-data=180 ZI-data=13140  
".\Objects\my_frid.axf" - 0 Error(s), 12 Warning(s).

<h2>Software Packages used:</h2>

Package Vendor: Keil
                http://www.keil.com/pack/Keil.STM32F1xx_DFP.2.2.0.pack
                Keil.STM32F1xx_DFP.2.2.0
                STMicroelectronics STM32F1 Series Device Support, Drivers and Examples

<h2>Collection of Component include folders:</h2>
  .\RTE\_Target_1
  D:\keil5 MDK\ARM\PACK\Keil\STM32F1xx_DFP\2.2.0\Device\Include

<h2>Collection of Component Files used:</h2>
Build Time Elapsed:  00:00:02
</pre>
</body>
</html>
